Archive member included because of file (symbol)

contiki-sky.a(rimeaddr.o)     obj_sky/contiki-sky-main.o (rimeaddr_copy)
contiki-sky.a(nullrdc.o)      obj_sky/contiki-sky-main.o (nullrdc_driver)
contiki-sky.a(mac.o)          contiki-sky.a(nullrdc.o) (mac_call_sent_callback)
contiki-sky.a(framer-802154.o)
                              contiki-sky.a(nullrdc.o) (framer_802154)
contiki-sky.a(csma.o)         obj_sky/contiki-sky-main.o (csma_driver)
contiki-sky.a(process.o)      obj_sky/contiki-sky-main.o (process_init)
contiki-sky.a(autostart.o)    obj_sky/contiki-sky-main.o (autostart_start)
contiki-sky.a(memb.o)         contiki-sky.a(csma.o) (memb_init)
contiki-sky.a(timer.o)        obj_sky/contiki-sky-main.o (timer_set)
contiki-sky.a(list.o)         contiki-sky.a(csma.o) (list_init)
contiki-sky.a(etimer.o)       obj_sky/contiki-sky-main.o (etimer_process)
contiki-sky.a(ctimer.o)       obj_sky/contiki-sky-main.o (ctimer_init)
contiki-sky.a(energest.o)     obj_sky/contiki-sky-main.o (energest_init)
contiki-sky.a(rtimer.o)       obj_sky/contiki-sky-main.o (rtimer_init)
contiki-sky.a(random.o)       obj_sky/contiki-sky-main.o (random_init)
contiki-sky.a(packetbuf.o)    contiki-sky.a(framer-802154.o) (packetbuf_hdrreduce)
contiki-sky.a(queuebuf.o)     obj_sky/contiki-sky-main.o (queuebuf_init)
contiki-sky.a(sicslowpan.o)   obj_sky/contiki-sky-main.o (sicslowpan_driver)
contiki-sky.a(tcpip.o)        contiki-sky.a(sicslowpan.o) (tcpip_set_outputfunc)
contiki-sky.a(uip-ds6-route.o)
                              contiki-sky.a(tcpip.o) (uip_ds6_route_nexthop)
contiki-sky.a(uip-ds6-nbr.o)  contiki-sky.a(tcpip.o) (uip_ds6_nbr_add)
contiki-sky.a(uip-ds6.o)      contiki-sky.a(tcpip.o) (uip_ds6_is_addr_onlink)
contiki-sky.a(uip-nd6.o)      contiki-sky.a(tcpip.o) (uip_nd6_ns_output)
contiki-sky.a(uip6.o)         contiki-sky.a(sicslowpan.o) (uip_aligned_buf)
contiki-sky.a(er-coap-13.o)   mote_thermostat.co (coap_init_message)
contiki-sky.a(er-coap-13-engi)
                              mote_thermostat.co (coap_rest_implementation)
contiki-sky.a(er-coap-13-tran)
                              contiki-sky.a(er-coap-13-engi) (coap_register_as_transaction_handler)
contiki-sky.a(er-coap-13-obse)
                              contiki-sky.a(er-coap-13-tran) (coap_remove_observer_by_client)
contiki-sky.a(erbium.o)       mote_thermostat.co (rest_init_engine)
contiki-sky.a(contiki-sky-pla)
                              obj_sky/contiki-sky-main.o (init_platform)
contiki-sky.a(button-sensor.o)
                              contiki-sky.a(contiki-sky-pla) (button_sensor)
contiki-sky.a(ds2411.o)       obj_sky/contiki-sky-main.o (ds2411_init)
contiki-sky.a(xmem.o)         obj_sky/contiki-sky-main.o (xmem_init)
contiki-sky.a(node-id.o)      obj_sky/contiki-sky-main.o (node_id_restore)
contiki-sky.a(sensors.o)      contiki-sky.a(button-sensor.o) (sensors_changed)
contiki-sky.a(cc2420.o)       obj_sky/contiki-sky-main.o (cc2420_set_channel)
contiki-sky.a(cc2420-arch.o)  contiki-sky.a(cc2420.o) (cc2420_arch_init)
contiki-sky.a(uart1.o)        obj_sky/contiki-sky-main.o (uart1_active)
contiki-sky.a(uart1-putchar.o)
                              obj_sky/contiki-sky-main.o (putchar)
contiki-sky.a(msp430.o)       contiki-sky.a(uart1.o) (msp430_add_lpm_req)
contiki-sky.a(clock.o)        contiki-sky.a(timer.o) (clock_time)
contiki-sky.a(leds.o)         obj_sky/contiki-sky-main.o (leds_init)
contiki-sky.a(leds-arch.o)    contiki-sky.a(leds.o) (leds_arch_init)
contiki-sky.a(watchdog.o)     obj_sky/contiki-sky-main.o (watchdog_start)
contiki-sky.a(rtimer-arch.o)  contiki-sky.a(rtimer.o) (rtimer_arch_init)
contiki-sky.a(frame802154.o)  contiki-sky.a(framer-802154.o) (frame802154_hdrlen)
contiki-sky.a(rpl.o)          contiki-sky.a(uip-ds6-nbr.o) (rpl_link_neighbor_callback)
contiki-sky.a(rpl-dag.o)      contiki-sky.a(rpl.o) (rpl_dag_init)
contiki-sky.a(rpl-icmp6.o)    contiki-sky.a(rpl.o) (dao_output_target)
contiki-sky.a(rpl-timers.o)   contiki-sky.a(rpl.o) (rpl_reset_periodic_timer)
contiki-sky.a(rpl-mrhof.o)    contiki-sky.a(rpl-dag.o) (rpl_mrhof)
contiki-sky.a(rpl-ext-header.)
                              contiki-sky.a(uip6.o) (rpl_verify_header)
contiki-sky.a(stimer.o)       contiki-sky.a(tcpip.o) (stimer_set)
contiki-sky.a(nbr-table.o)    contiki-sky.a(uip-ds6-route.o) (nbr_table_register)
contiki-sky.a(uip-icmp6.o)    contiki-sky.a(uip6.o) (uip_icmp6_echo_request_input)
contiki-sky.a(uip-udp-packet.)
                              contiki-sky.a(er-coap-13.o) (uip_udp_packet_send)
contiki-sky.a(spi.o)          contiki-sky.a(xmem.o) (spi_init)
/usr/lib/gcc/msp430/4.6.3/mmpy-16/libgcc.a(_mulsi3.o)
                              contiki-sky.a(csma.o) (__mulsi3)
/usr/lib/gcc/msp430/4.6.3/mmpy-16/libgcc.a(_udivmod16.o)
                              contiki-sky.a(rpl-dag.o) (__udivhi3)
/usr/lib/gcc/msp430/4.6.3/mmpy-16/libgcc.a(_divmod16.o)
                              contiki-sky.a(nbr-table.o) (__divhi3)
[...]
Memory Configuration

Name             Origin             Length             Attributes
sfr              0x00000000         0x00000010
peripheral_8bit  0x00000010         0x000000f0
peripheral_16bit 0x00000100         0x00000100
ram_mirror       0x00000200         0x00000800         xw
infomem          0x00001000         0x00000100
infob            0x00001000         0x00000080
infoa            0x00001080         0x00000080
ram              0x00001100         0x00002800         xw
rom              0x00004000         0x0000bfe0         xr
vectors          0x0000ffe0         0x00000020
bsl              0x00000000         0x00000000
infoc            0x00000000         0x00000000
infod            0x00000000         0x00000000
ram2             0x00000000         0x00000000         xw
usbram           0x00000000         0x00000000         xw
far_rom          0x00000000         0x00000000
*default*        0x00000000         0xffffffff

Linker script and memory map

LOAD /usr/lib/gcc/msp430/4.6.3/mmpy-16/crt0ivtbl16.o
LOAD mote_thermostat.co
LOAD obj_sky/contiki-sky-main.o
LOAD contiki-sky.a
LOAD /usr/lib/gcc/msp430/4.6.3/mmpy-16/libgcc.a
LOAD /usr/lib/gcc/msp430/4.6.3/../../../../msp430/lib/mmpy-16/libc.a
LOAD /usr/lib/gcc/msp430/4.6.3/mmpy-16/libgcc.a
LOAD /usr/lib/gcc/msp430/4.6.3/mmpy-16/libcrt0.a
                0x00000080                PROVIDE (__info_segment_size, 0x80)
                0x00001000                PROVIDE (__infob, 0x1000)
                0x00001080                PROVIDE (__infoa, 0x1080)
                0x00000000                __IE1 = 0x0
                0x00000002                __IFG1 = 0x2
                0x00000004                __ME1 = 0x4
                0x00000001                __IE2 = 0x1
                0x00000003                __IFG2 = 0x3
                0x00000005                __ME2 = 0x5
                0x00000120                __WDTCTL = 0x120
                0x00000130                __MPY = 0x130
                0x00000132                __MPYS = 0x132
                0x00000134                __MAC = 0x134
                0x00000136                __MACS = 0x136
                0x00000138                __OP2 = 0x138
                0x0000013a                __RESLO = 0x13a
                0x0000013c                __RESHI = 0x13c
                0x0000013e                __SUMEXT = 0x13e
                0x00000020                __P1IN = 0x20
                0x00000021                __P1OUT = 0x21
                0x00000022                __P1DIR = 0x22
                0x00000023                __P1IFG = 0x23
                0x00000024                __P1IES = 0x24
                0x00000025                __P1IE = 0x25
                0x00000026                __P1SEL = 0x26
                0x00000028                __P2IN = 0x28
                0x00000029                __P2OUT = 0x29
                0x0000002a                __P2DIR = 0x2a
                0x0000002b                __P2IFG = 0x2b
                0x0000002c                __P2IES = 0x2c
                0x0000002d                __P2IE = 0x2d
                0x0000002e                __P2SEL = 0x2e
                0x00000018                __P3IN = 0x18
                0x00000019                __P3OUT = 0x19
                0x0000001a                __P3DIR = 0x1a
                0x0000001b                __P3SEL = 0x1b
                0x0000001c                __P4IN = 0x1c
                0x0000001d                __P4OUT = 0x1d
                0x0000001e                __P4DIR = 0x1e
                0x0000001f                __P4SEL = 0x1f
                0x00000030                __P5IN = 0x30
                0x00000031                __P5OUT = 0x31
                0x00000032                __P5DIR = 0x32
                0x00000033                __P5SEL = 0x33
                0x00000034                __P6IN = 0x34
                0x00000035                __P6OUT = 0x35
                0x00000036                __P6DIR = 0x36
                0x00000037                __P6SEL = 0x37
                0x00000070                __U0CTL = 0x70
                0x00000071                __U0TCTL = 0x71
                0x00000072                __U0RCTL = 0x72
                0x00000073                __U0MCTL = 0x73
                0x00000074                __U0BR0 = 0x74
                0x00000075                __U0BR1 = 0x75
                0x00000076                __U0RXBUF = 0x76
                0x00000077                __U0TXBUF = 0x77
                0x00000078                __U1CTL = 0x78
                0x00000079                __U1TCTL = 0x79
                0x0000007a                __U1RCTL = 0x7a
                0x0000007b                __U1MCTL = 0x7b
                0x0000007c                __U1BR0 = 0x7c
                0x0000007d                __U1BR1 = 0x7d
                0x0000007e                __U1RXBUF = 0x7e
                0x0000007f                __U1TXBUF = 0x7f
                0x00000050                __I2CIE = 0x50
                0x00000051                __I2CIFG = 0x51
                0x00000052                __I2CNDAT = 0x52
                0x00000071                __I2CTCTL = 0x71
                0x00000072                __I2CDCTL = 0x72
                0x00000073                __I2CPSC = 0x73
                0x00000074                __I2CSCLH = 0x74
                0x00000075                __I2CSCLL = 0x75
                0x00000076                __I2CDRB = 0x76
                0x00000076                __I2CDRW = 0x76
                0x00000118                __I2COA = 0x118
                0x0000011a                __I2CSA = 0x11a
                0x0000011c                __I2CIV = 0x11c
                0x0000012e                __TAIV = 0x12e
                0x00000160                __TACTL = 0x160
                0x00000162                __TACCTL0 = 0x162
                0x00000164                __TACCTL1 = 0x164
                0x00000166                __TACCTL2 = 0x166
                0x00000170                __TAR = 0x170
                0x00000172                __TACCR0 = 0x172
                0x00000174                __TACCR1 = 0x174
                0x00000176                __TACCR2 = 0x176
                0x0000011e                __TBIV = 0x11e
                0x00000180                __TBCTL = 0x180
                0x00000182                __TBCCTL0 = 0x182
                0x00000184                __TBCCTL1 = 0x184
                0x00000186                __TBCCTL2 = 0x186
                0x00000188                __TBCCTL3 = 0x188
                0x0000018a                __TBCCTL4 = 0x18a
                0x0000018c                __TBCCTL5 = 0x18c
                0x0000018e                __TBCCTL6 = 0x18e
                0x00000190                __TBR = 0x190
                0x00000192                __TBCCR0 = 0x192
                0x00000194                __TBCCR1 = 0x194
                0x00000196                __TBCCR2 = 0x196
                0x00000198                __TBCCR3 = 0x198
                0x0000019a                __TBCCR4 = 0x19a
                0x0000019c                __TBCCR5 = 0x19c
                0x0000019e                __TBCCR6 = 0x19e
                0x00000056                __DCOCTL = 0x56
                0x00000057                __BCSCTL1 = 0x57
                0x00000058                __BCSCTL2 = 0x58
                0x00000055                __SVSCTL = 0x55
                0x00000128                __FCTL1 = 0x128
                0x0000012a                __FCTL2 = 0x12a
                0x0000012c                __FCTL3 = 0x12c
                0x00000059                __CACTL1 = 0x59
                0x0000005a                __CACTL2 = 0x5a
                0x0000005b                __CAPD = 0x5b
                0x000001a0                __ADC12CTL0 = 0x1a0
                0x000001a2                __ADC12CTL1 = 0x1a2
                0x000001a4                __ADC12IFG = 0x1a4
                0x000001a6                __ADC12IE = 0x1a6
                0x000001a8                __ADC12IV = 0x1a8
                0x00000140                __ADC12MEM0 = 0x140
                0x00000142                __ADC12MEM1 = 0x142
                0x00000144                __ADC12MEM2 = 0x144
                0x00000146                __ADC12MEM3 = 0x146
                0x00000148                __ADC12MEM4 = 0x148
                0x0000014a                __ADC12MEM5 = 0x14a
                0x0000014c                __ADC12MEM6 = 0x14c
                0x0000014e                __ADC12MEM7 = 0x14e
                0x00000150                __ADC12MEM8 = 0x150
                0x00000152                __ADC12MEM9 = 0x152
                0x00000154                __ADC12MEM10 = 0x154
                0x00000156                __ADC12MEM11 = 0x156
                0x00000158                __ADC12MEM12 = 0x158
                0x0000015a                __ADC12MEM13 = 0x15a
                0x0000015c                __ADC12MEM14 = 0x15c
                0x0000015e                __ADC12MEM15 = 0x15e
                0x00000080                __ADC12MCTL0 = 0x80
                0x00000081                __ADC12MCTL1 = 0x81
                0x00000082                __ADC12MCTL2 = 0x82
                0x00000083                __ADC12MCTL3 = 0x83
                0x00000084                __ADC12MCTL4 = 0x84
                0x00000085                __ADC12MCTL5 = 0x85
                0x00000086                __ADC12MCTL6 = 0x86
                0x00000087                __ADC12MCTL7 = 0x87
                0x00000088                __ADC12MCTL8 = 0x88
                0x00000089                __ADC12MCTL9 = 0x89
                0x0000008a                __ADC12MCTL10 = 0x8a
                0x0000008b                __ADC12MCTL11 = 0x8b
                0x0000008c                __ADC12MCTL12 = 0x8c
                0x0000008d                __ADC12MCTL13 = 0x8d
                0x0000008e                __ADC12MCTL14 = 0x8e
                0x0000008f                __ADC12MCTL15 = 0x8f
                0x000001c0                __DAC12_0CTL = 0x1c0
                0x000001c2                __DAC12_1CTL = 0x1c2
                0x000001c8                __DAC12_0DAT = 0x1c8
                0x000001ca                __DAC12_1DAT = 0x1ca
                0x00000122                __DMACTL0 = 0x122
                0x00000124                __DMACTL1 = 0x124
                0x000001e0                __DMA0CTL = 0x1e0
                0x000001e8                __DMA1CTL = 0x1e8
                0x000001f0                __DMA2CTL = 0x1f0
                0x000001e2                __DMA0SA = 0x1e2
                0x000001e4                __DMA0DA = 0x1e4
                0x000001e6                __DMA0SZ = 0x1e6
                0x000001ea                __DMA1SA = 0x1ea
                0x000001ec                __DMA1DA = 0x1ec
                0x000001ee                __DMA1SZ = 0x1ee
                0x000001f2                __DMA2SA = 0x1f2
                0x000001f4                __DMA2DA = 0x1f4
                0x000001f6                __DMA2SZ = 0x1f6

.hash
 *(.hash)

.dynsym
 *(.dynsym)

.dynstr
 *(.dynstr)

.gnu.version
 *(.gnu.version)

.gnu.version_d
 *(.gnu.version_d)

.gnu.version_r
 *(.gnu.version_r)

.rel.init
 *(.rel.init)

.rela.init
 *(.rela.init)

.rel.fini
 *(.rel.fini)

.rela.fini
 *(.rela.fini)

.rel.text
 *(.rel.text .rel.text.* .rel.gnu.linkonce.t.*)

.rela.text
 *(.rela.text .rela.text.* .rela.gnu.linkonce.t.*)

.rel.rodata
 *(.rel.rodata .rel.rodata.* .rel.gnu.linkonce.r.*)

.rela.rodata
 *(.rela.rodata .rela.rodata.* .rela.gnu.linkonce.r.*)

.rel.data
 *(.rel.data .rel.data.* .rel.gnu.linkonce.d.*)

.rela.data
 *(.rela.data .rela.data.* .rela.gnu.linkonce.d.*)

.rel.bss
 *(.rel.bss .rel.bss.* .rel.gnu.linkonce.b.*)

.rela.bss
 *(.rela.bss .rela.bss.* .rela.gnu.linkonce.b.*)

.rel.ctors
 *(.rel.ctors)

.rela.ctors
 *(.rela.ctors)

.rel.dtors
 *(.rel.dtors)

.rela.dtors
 *(.rela.dtors)

.rel.got
 *(.rel.got)

.rela.got
 *(.rela.got)

.rel.plt
 *(.rel.plt)

.rela.plt
 *(.rela.plt)

.text           0x00004000     0xb8a0
                0x00004000                . = ALIGN (0x2)
 *(.init .init.*)
 *(.init0)
 .init0         0x00004000        0x0 /usr/lib/gcc/msp430/4.6.3/mmpy-16/libcrt0.a(_reset_vector__.o)
                0x00004000                _reset_vector__
 *(.init1)
 .init1         0x00004000        0xc /usr/lib/gcc/msp430/4.6.3/mmpy-16/libcrt0.a(__watchdog_support.o)
                0x00004000                __watchdog_support
 *(.init2)
 .init2         0x0000400c        0x4 /usr/lib/gcc/msp430/4.6.3/mmpy-16/libcrt0.a(__init_stack.o)
                0x0000400c                __init_stack
 *(.init3)
 .init3         0x00004010        0x0 /usr/lib/gcc/msp430/4.6.3/mmpy-16/libcrt0.a(__low_level_init.o)
                0x00004010                __low_level_init
 *(.init4)
 .init4         0x00004010       0x18 /usr/lib/gcc/msp430/4.6.3/mmpy-16/libcrt0.a(_copy_data.o)
                0x00004010                __do_copy_data
 .init4         0x00004028       0x16 /usr/lib/gcc/msp430/4.6.3/mmpy-16/libcrt0.a(_clear_bss.o)
                0x00004028                __do_clear_bss
 *(.init5)
 *(.init6)
 *(.init7)
 *(.init8)
 *(.init9)
 .init9         0x0000403e      0x364 obj_sky/contiki-sky-main.o
                0x0000403e                main
 *(.fini9)
 .fini9         0x000043a2        0x0 /usr/lib/gcc/msp430/4.6.3/mmpy-16/libcrt0.a(__stop_progExec__.o)
                0x000043a2                __stop_progExec__
 *(.fini8)
 *(.fini7)
 *(.fini6)
 *(.fini5)
 *(.fini4)
 *(.fini3)
 *(.fini2)
 *(.fini1)
 *(.fini0)
 .fini0         0x000043a2        0x6 /usr/lib/gcc/msp430/4.6.3/mmpy-16/libcrt0.a(_endless_loop__.o)
                0x000043a2                _endless_loop__
 *(.fini .fini.*)
                0x000043a8                . = ALIGN (0x2)
                0x000043a8                __ctors_start = .
 *(.ctors)
                0x000043a8                __ctors_end = .
                0x000043a8                __dtors_start = .
 *(.dtors)
                0x000043a8                __dtors_end = .
                0x000043a8                . = ALIGN (0x2)
 *(.text .text.* .gnu.linkonce.t.*)
 .text          0x000043a8        0x4 /usr/lib/gcc/msp430/4.6.3/mmpy-16/crt0ivtbl16.o
                0x000043a8                __isr_14
                0x000043a8                __isr_11
                0x000043a8                __isr_2
                0x000043a8                __isr_7
                0x000043a8                __isr_0
                0x000043a8                __isr_8
                0x000043a8                __isr_3
                0x000043a8                __isr_12
                0x000043a8                __isr_13
                0x000043a8                __isr_9
 .text.temperature_periodic_handler
                0x000043ac       0x7c mote_thermostat.co
                0x000043ac                temperature_periodic_handler
 .text.temperature_handler
                0x00004428       0x3a mote_thermostat.co
                0x00004428                temperature_handler
 .text.heating_opt_handler
                0x00004462      0x2a0 mote_thermostat.co
                0x00004462                heating_opt_handler
 .text.random_at_most
                0x00004702       0x56 mote_thermostat.co
                0x00004702                random_at_most
 .text.process_thread_thermostat
                0x00004758       0xcc mote_thermostat.co
 .text.rimeaddr_copy
                0x00004824        0x8 contiki-sky.a(rimeaddr.o)
                0x00004824                rimeaddr_copy
 .text.rimeaddr_cmp
                0x0000482c       0x12 contiki-sky.a(rimeaddr.o)
                0x0000482c                rimeaddr_cmp
 .text.rimeaddr_set_node_addr
                0x0000483e        0xc contiki-sky.a(rimeaddr.o)
                0x0000483e                rimeaddr_set_node_addr
 .text.on       0x0000484a        0x6 contiki-sky.a(nullrdc.o)
 .text.channel_check_interval
                0x00004850        0x4 contiki-sky.a(nullrdc.o)
 .text.init     0x00004854        0x6 contiki-sky.a(nullrdc.o)
 .text.send_one_packet
                0x0000485a       0x6a contiki-sky.a(nullrdc.o)
 .text.send_list
                0x000048c4       0x30 contiki-sky.a(nullrdc.o)
 .text.send_packet
                0x000048f4        0x6 contiki-sky.a(nullrdc.o)
 .text.off      0x000048fa       0x10 contiki-sky.a(nullrdc.o)
 .text.packet_input
                0x0000490a       0x36 contiki-sky.a(nullrdc.o)
 .text.mac_call_sent_callback
                0x00004940       0x14 contiki-sky.a(mac.o)
                0x00004940                mac_call_sent_callback
 .text.parse    0x00004954       0xaa contiki-sky.a(framer-802154.o)
 .text.create   0x000049fe      0x10e contiki-sky.a(framer-802154.o)
 .text.input_packet
                0x00004b0c        0x6 contiki-sky.a(csma.o)
 .text.on       0x00004b12        0x6 contiki-sky.a(csma.o)
 .text.off      0x00004b18        0x6 contiki-sky.a(csma.o)
 .text.channel_check_interval
                0x00004b1e       0x10 contiki-sky.a(csma.o)
 .text.transmit_packet_list
                0x00004b2e       0x24 contiki-sky.a(csma.o)
 .text.send_packet
                0x00004b52      0x164 contiki-sky.a(csma.o)
 .text.init     0x00004cb6       0x1a contiki-sky.a(csma.o)
 .text.free_packet
                0x00004cd0       0x9c contiki-sky.a(csma.o)
 .text.packet_sent
                0x00004d6c      0x130 contiki-sky.a(csma.o)
 .text.call_process
                0x00004e9c       0x4a contiki-sky.a(process.o)
 .text.exit_process
                0x00004ee6       0x96 contiki-sky.a(process.o)
 .text.do_poll  0x00004f7c       0x30 contiki-sky.a(process.o)
 .text.process_alloc_event
                0x00004fac        0xe contiki-sky.a(process.o)
                0x00004fac                process_alloc_event
 .text.process_init
                0x00004fba       0x1c contiki-sky.a(process.o)
                0x00004fba                process_init
 .text.process_run
                0x00004fd6       0xa2 contiki-sky.a(process.o)
                0x00004fd6                process_run
 .text.process_nevents
                0x00005078        0xe contiki-sky.a(process.o)
                0x00005078                process_nevents
 .text.process_post
                0x00005086       0x54 contiki-sky.a(process.o)
                0x00005086                process_post
 .text.process_post_synch
                0x000050da       0x12 contiki-sky.a(process.o)
                0x000050da                process_post_synch
 .text.process_start
                0x000050ec       0x32 contiki-sky.a(process.o)
                0x000050ec                process_start
 .text.process_poll
                0x0000511e       0x18 contiki-sky.a(process.o)
                0x0000511e                process_poll
 .text.autostart_start
                0x00005136       0x16 contiki-sky.a(autostart.o)
                0x00005136                autostart_start
 .text.memb_init
                0x0000514c       0x36 contiki-sky.a(memb.o)
                0x0000514c                memb_init
 .text.memb_alloc
                0x00005182       0x3e contiki-sky.a(memb.o)
                0x00005182                memb_alloc
 .text.memb_free
                0x000051c0       0x3a contiki-sky.a(memb.o)
                0x000051c0                memb_free
 .text.memb_inmemb
                0x000051fa       0x2e contiki-sky.a(memb.o)
                0x000051fa                memb_inmemb
 .text.timer_set
                0x00005228       0x1c contiki-sky.a(timer.o)
                0x00005228                timer_set
 .text.timer_reset
                0x00005244        0xe contiki-sky.a(timer.o)
                0x00005244                timer_reset
 .text.timer_restart
                0x00005252       0x14 contiki-sky.a(timer.o)
                0x00005252                timer_restart
 .text.timer_expired
                0x00005266       0x2a contiki-sky.a(timer.o)
                0x00005266                timer_expired
 .text.list_init
                0x00005290        0x6 contiki-sky.a(list.o)
                0x00005290                list_init
 .text.list_head
                0x00005296        0x4 contiki-sky.a(list.o)
                0x00005296                list_head
 .text.list_tail
                0x0000529a       0x12 contiki-sky.a(list.o)
                0x0000529a                list_tail
 .text.list_remove
                0x000052ac       0x34 contiki-sky.a(list.o)
                0x000052ac                list_remove
 .text.list_push
                0x000052e0       0x1a contiki-sky.a(list.o)
                0x000052e0                list_push
 .text.list_add
                0x000052fa       0x2a contiki-sky.a(list.o)
                0x000052fa                list_add
 .text.list_length
                0x00005324       0x10 contiki-sky.a(list.o)
                0x00005324                list_length
 .text.list_item_next
                0x00005334        0xc contiki-sky.a(list.o)
                0x00005334                list_item_next
 .text.update_time
                0x00005340       0x78 contiki-sky.a(etimer.o)
 .text.etimer_request_poll
                0x000053b8        0xa contiki-sky.a(etimer.o)
                0x000053b8                etimer_request_poll
 .text.process_thread_etimer_process
                0x000053c2       0xc8 contiki-sky.a(etimer.o)
 .text.add_timer
                0x0000548a       0x40 contiki-sky.a(etimer.o)
 .text.etimer_set
                0x000054ca       0x12 contiki-sky.a(etimer.o)
                0x000054ca                etimer_set
 .text.etimer_reset
                0x000054dc       0x12 contiki-sky.a(etimer.o)
                0x000054dc                etimer_reset
 .text.etimer_restart
                0x000054ee       0x12 contiki-sky.a(etimer.o)
                0x000054ee                etimer_restart
 .text.etimer_expired
                0x00005500        0xe contiki-sky.a(etimer.o)
                0x00005500                etimer_expired
 .text.etimer_expiration_time
                0x0000550e       0x14 contiki-sky.a(etimer.o)
                0x0000550e                etimer_expiration_time
 .text.etimer_pending
                0x00005522        0xc contiki-sky.a(etimer.o)
                0x00005522                etimer_pending
 .text.etimer_next_expiration_time
                0x0000552e       0x16 contiki-sky.a(etimer.o)
                0x0000552e                etimer_next_expiration_time
 .text.etimer_stop
                0x00005544       0x3c contiki-sky.a(etimer.o)
                0x00005544                etimer_stop
 .text.process_thread_ctimer_process
                0x00005580       0xa4 contiki-sky.a(ctimer.o)
 .text.ctimer_init
                0x00005624       0x18 contiki-sky.a(ctimer.o)
                0x00005624                ctimer_init
 .text.ctimer_set
                0x0000563c       0x5a contiki-sky.a(ctimer.o)
                0x0000563c                ctimer_set
 .text.ctimer_reset
                0x00005696       0x3a contiki-sky.a(ctimer.o)
                0x00005696                ctimer_reset
 .text.ctimer_stop
                0x000056d0       0x28 contiki-sky.a(ctimer.o)
                0x000056d0                ctimer_stop
 .text.energest_init
                0x000056f8       0x28 contiki-sky.a(energest.o)
                0x000056f8                energest_init
 .text.energest_type_time
                0x00005720       0x46 contiki-sky.a(energest.o)
                0x00005720                energest_type_time
 .text.energest_type_set
                0x00005766        0xe contiki-sky.a(energest.o)
                0x00005766                energest_type_set
 .text.energest_flush
                0x00005774       0x48 contiki-sky.a(energest.o)
                0x00005774                energest_flush
 .text.rtimer_init
                0x000057bc        0x6 contiki-sky.a(rtimer.o)
                0x000057bc                rtimer_init
 .text.rtimer_run_next
                0x000057c2       0x26 contiki-sky.a(rtimer.o)
                0x000057c2                rtimer_run_next
 .text.random_init
                0x000057e8        0x6 contiki-sky.a(random.o)
                0x000057e8                random_init
 .text.random_rand
                0x000057ee        0x6 contiki-sky.a(random.o)
                0x000057ee                random_rand
 .text.packetbuf_copyto_hdr
                0x000057f4       0x1c contiki-sky.a(packetbuf.o)
                0x000057f4                packetbuf_copyto_hdr
 .text.packetbuf_copyto
                0x00005810       0x52 contiki-sky.a(packetbuf.o)
                0x00005810                packetbuf_copyto
 .text.packetbuf_hdrreduce
                0x00005862       0x1a contiki-sky.a(packetbuf.o)
                0x00005862                packetbuf_hdrreduce
 .text.packetbuf_set_datalen
                0x0000587c        0x6 contiki-sky.a(packetbuf.o)
                0x0000587c                packetbuf_set_datalen
 .text.packetbuf_dataptr
                0x00005882        0xe contiki-sky.a(packetbuf.o)
                0x00005882                packetbuf_dataptr
 .text.packetbuf_hdrptr
                0x00005890        0xa contiki-sky.a(packetbuf.o)
                0x00005890                packetbuf_hdrptr
 .text.packetbuf_is_reference
                0x0000589a        0xe contiki-sky.a(packetbuf.o)
                0x0000589a                packetbuf_is_reference
 .text.packetbuf_reference_ptr
                0x000058a8        0x6 contiki-sky.a(packetbuf.o)
                0x000058a8                packetbuf_reference_ptr
 .text.packetbuf_datalen
                0x000058ae        0x6 contiki-sky.a(packetbuf.o)
                0x000058ae                packetbuf_datalen
 .text.packetbuf_totlen
                0x000058b4       0x10 contiki-sky.a(packetbuf.o)
                0x000058b4                packetbuf_totlen
 .text.packetbuf_hdralloc
                0x000058c4       0x2e contiki-sky.a(packetbuf.o)
                0x000058c4                packetbuf_hdralloc
 .text.packetbuf_attr_clear
                0x000058f2       0x30 contiki-sky.a(packetbuf.o)
                0x000058f2                packetbuf_attr_clear
 .text.packetbuf_clear
                0x00005922       0x1a contiki-sky.a(packetbuf.o)
                0x00005922                packetbuf_clear
 .text.packetbuf_copyfrom
                0x0000593c       0x2e contiki-sky.a(packetbuf.o)
                0x0000593c                packetbuf_copyfrom
 .text.packetbuf_attr_copyto
                0x0000596a       0x22 contiki-sky.a(packetbuf.o)
                0x0000596a                packetbuf_attr_copyto
 .text.packetbuf_attr_copyfrom
                0x0000598c       0x24 contiki-sky.a(packetbuf.o)
                0x0000598c                packetbuf_attr_copyfrom
 .text.queuebuf_init
                0x000059b0       0x1a contiki-sky.a(queuebuf.o)
                0x000059b0                queuebuf_init
 .text.queuebuf_new_from_packetbuf
                0x000059ca       0x7e contiki-sky.a(queuebuf.o)
                0x000059ca                queuebuf_new_from_packetbuf
 .text.queuebuf_update_attr_from_packetbuf
                0x00005a48       0x12 contiki-sky.a(queuebuf.o)
                0x00005a48                queuebuf_update_attr_from_packetbuf
 .text.queuebuf_free
                0x00005a5a       0x40 contiki-sky.a(queuebuf.o)
                0x00005a5a                queuebuf_free
 .text.queuebuf_to_packetbuf
                0x00005a9a       0x6e contiki-sky.a(queuebuf.o)
                0x00005a9a                queuebuf_to_packetbuf
 .text.queuebuf_attr
                0x00005b08        0xe contiki-sky.a(queuebuf.o)
                0x00005b08                queuebuf_attr
 .text.set_packet_attrs
                0x00005b16       0x44 contiki-sky.a(sicslowpan.o)
 .text.addr_context_lookup_by_number
                0x00005b5a       0x36 contiki-sky.a(sicslowpan.o)
 .text.compress_addr_64
                0x00005b90       0xae contiki-sky.a(sicslowpan.o)
 .text.uncompress_addr
                0x00005c3e       0xb4 contiki-sky.a(sicslowpan.o)
 .text.input    0x00005cf2      0x642 contiki-sky.a(sicslowpan.o)
 .text.sicslowpan_init
                0x00006334       0x26 contiki-sky.a(sicslowpan.o)
                0x00006334                sicslowpan_init
 .text.addr_context_lookup_by_prefix
                0x0000635a       0x4c contiki-sky.a(sicslowpan.o)
 .text.send_packet
                0x000063a6       0x1a contiki-sky.a(sicslowpan.o)
 .text.output   0x000063c0      0x700 contiki-sky.a(sicslowpan.o)
 .text.packet_sent
                0x00006ac0       0x22 contiki-sky.a(sicslowpan.o)
 .text.tcpip_output
                0x00006ae2       0x10 contiki-sky.a(tcpip.o)
                0x00006ae2                tcpip_output
 .text.tcpip_set_outputfunc
                0x00006af2        0x6 contiki-sky.a(tcpip.o)
                0x00006af2                tcpip_set_outputfunc
 .text.udp_new  0x00006af8       0x1a contiki-sky.a(tcpip.o)
                0x00006af8                udp_new
 .text.tcpip_input
                0x00006b12       0x16 contiki-sky.a(tcpip.o)
                0x00006b12                tcpip_input
 .text.tcpip_ipv6_output
                0x00006b28      0x148 contiki-sky.a(tcpip.o)
                0x00006b28                tcpip_ipv6_output
 .text.process_thread_tcpip_process
                0x00006c70       0xd0 contiki-sky.a(tcpip.o)
 .text.tcpip_uipcall
                0x00006d40       0x2a contiki-sky.a(tcpip.o)
                0x00006d40                tcpip_uipcall
 .text.call_route_callback
                0x00006d6a       0x4c contiki-sky.a(uip-ds6-route.o)
 .text.uip_ds6_route_init
                0x00006db6       0x2e contiki-sky.a(uip-ds6-route.o)
                0x00006db6                uip_ds6_route_init
 .text.uip_ds6_route_nexthop
                0x00006de4       0x1a contiki-sky.a(uip-ds6-route.o)
                0x00006de4                uip_ds6_route_nexthop
 .text.uip_ds6_route_head
                0x00006dfe       0x28 contiki-sky.a(uip-ds6-route.o)
                0x00006dfe                uip_ds6_route_head
 .text.uip_ds6_route_next
                0x00006e26       0x3a contiki-sky.a(uip-ds6-route.o)
                0x00006e26                uip_ds6_route_next
 .text.uip_ds6_route_lookup
                0x00006e60       0x5e contiki-sky.a(uip-ds6-route.o)
                0x00006e60                uip_ds6_route_lookup
 .text.uip_ds6_route_add
                0x00006ebe       0xb4 contiki-sky.a(uip-ds6-route.o)
                0x00006ebe                uip_ds6_route_add
 .text.uip_ds6_route_rm
                0x00006f72       0x60 contiki-sky.a(uip-ds6-route.o)
                0x00006f72                uip_ds6_route_rm
 .text.rm_routelist
                0x00006fd2       0x30 contiki-sky.a(uip-ds6-route.o)
 .text.rm_routelist_callback
                0x00007002        0x6 contiki-sky.a(uip-ds6-route.o)
 .text.uip_ds6_defrt_rm
                0x00007008       0x48 contiki-sky.a(uip-ds6-route.o)
                0x00007008                uip_ds6_defrt_rm
 .text.uip_ds6_defrt_lookup
                0x00007050       0x36 contiki-sky.a(uip-ds6-route.o)
                0x00007050                uip_ds6_defrt_lookup
 .text.uip_ds6_defrt_add
                0x00007086       0x74 contiki-sky.a(uip-ds6-route.o)
                0x00007086                uip_ds6_defrt_add
 .text.uip_ds6_defrt_choose
                0x000070fa       0x3a contiki-sky.a(uip-ds6-route.o)
                0x000070fa                uip_ds6_defrt_choose
 .text.uip_ds6_defrt_periodic
                0x00007134       0x38 contiki-sky.a(uip-ds6-route.o)
                0x00007134                uip_ds6_defrt_periodic
 .text.uip_ds6_nbr_rm
                0x0000716c       0x1a contiki-sky.a(uip-ds6-nbr.o)
                0x0000716c                uip_ds6_nbr_rm
 .text.uip_ds6_neighbors_init
                0x00007186        0xe contiki-sky.a(uip-ds6-nbr.o)
                0x00007186                uip_ds6_neighbors_init
 .text.uip_ds6_nbr_add
                0x00007194       0x60 contiki-sky.a(uip-ds6-nbr.o)
                0x00007194                uip_ds6_nbr_add
 .text.uip_ds6_nbr_get_ll
                0x000071f4        0xc contiki-sky.a(uip-ds6-nbr.o)
                0x000071f4                uip_ds6_nbr_get_ll
 .text.uip_ds6_nbr_lookup
                0x00007200       0x42 contiki-sky.a(uip-ds6-nbr.o)
                0x00007200                uip_ds6_nbr_lookup
 .text.uip_ds6_nbr_ll_lookup
                0x00007242        0xc contiki-sky.a(uip-ds6-nbr.o)
                0x00007242                uip_ds6_nbr_ll_lookup
 .text.uip_ds6_nbr_ipaddr_from_lladdr
                0x0000724e        0x6 contiki-sky.a(uip-ds6-nbr.o)
                0x0000724e                uip_ds6_nbr_ipaddr_from_lladdr
 .text.uip_ds6_nbr_lladdr_from_ipaddr
                0x00007254       0x12 contiki-sky.a(uip-ds6-nbr.o)
                0x00007254                uip_ds6_nbr_lladdr_from_ipaddr
 .text.uip_ds6_link_neighbor_callback
                0x00007266       0x2a contiki-sky.a(uip-ds6-nbr.o)
                0x00007266                uip_ds6_link_neighbor_callback
 .text.uip_ds6_neighbor_periodic
                0x00007290       0xfc contiki-sky.a(uip-ds6-nbr.o)
                0x00007290                uip_ds6_neighbor_periodic
 .text.uip_ds6_list_loop
                0x0000738c       0x86 contiki-sky.a(uip-ds6.o)
                0x0000738c                uip_ds6_list_loop
 .text.uip_ds6_prefix_add
                0x00007412       0x80 contiki-sky.a(uip-ds6.o)
                0x00007412                uip_ds6_prefix_add
 .text.uip_ds6_is_addr_onlink
                0x00007492       0x54 contiki-sky.a(uip-ds6.o)
                0x00007492                uip_ds6_is_addr_onlink
 .text.uip_ds6_addr_lookup
                0x000074e6       0x2a contiki-sky.a(uip-ds6.o)
                0x000074e6                uip_ds6_addr_lookup
 .text.uip_ds6_get_link_local
                0x00007510       0x3e contiki-sky.a(uip-ds6.o)
                0x00007510                uip_ds6_get_link_local
 .text.uip_ds6_maddr_add
                0x0000754e       0x4c contiki-sky.a(uip-ds6.o)
                0x0000754e                uip_ds6_maddr_add
 .text.uip_ds6_addr_add
                0x0000759a       0xc4 contiki-sky.a(uip-ds6.o)
                0x0000759a                uip_ds6_addr_add
 .text.uip_ds6_maddr_lookup
                0x0000765e       0x2a contiki-sky.a(uip-ds6.o)
                0x0000765e                uip_ds6_maddr_lookup
 .text.uip_ds6_addr_rm
                0x00007688       0x54 contiki-sky.a(uip-ds6.o)
                0x00007688                uip_ds6_addr_rm
 .text.uip_ds6_periodic
                0x000076dc       0x4a contiki-sky.a(uip-ds6.o)
                0x000076dc                uip_ds6_periodic
 .text.uip_ds6_set_addr_iid
                0x00007726       0x14 contiki-sky.a(uip-ds6.o)
                0x00007726                uip_ds6_set_addr_iid
 .text.get_match_length
                0x0000773a       0x3e contiki-sky.a(uip-ds6.o)
                0x0000773a                get_match_length
 .text.uip_ds6_select_src
                0x00007778       0xaa contiki-sky.a(uip-ds6.o)
                0x00007778                uip_ds6_select_src
 .text.uip_ds6_compute_reachable_time
                0x00007822       0x3e contiki-sky.a(uip-ds6.o)
                0x00007822                uip_ds6_compute_reachable_time
 .text.uip_ds6_init
                0x00007860      0x154 contiki-sky.a(uip-ds6.o)
                0x00007860                uip_ds6_init
 .text.create_llao
                0x000079b4       0x2c contiki-sky.a(uip-nd6.o)
 .text.uip_nd6_ns_input
                0x000079e0      0x230 contiki-sky.a(uip-nd6.o)
                0x000079e0                uip_nd6_ns_input
 .text.uip_nd6_ns_output
                0x00007c10      0x158 contiki-sky.a(uip-nd6.o)
                0x00007c10                uip_nd6_ns_output
 .text.uip_nd6_na_input
                0x00007d68      0x1b6 contiki-sky.a(uip-nd6.o)
                0x00007d68                uip_nd6_na_input
 .text.chksum   0x00007f1e       0x32 contiki-sky.a(uip6.o)
 .text.upper_layer_chksum
                0x00007f50       0x56 contiki-sky.a(uip6.o)
 .text.ext_hdr_options_process
                0x00007fa6       0xda contiki-sky.a(uip6.o)
 .text.uip_icmp6chksum
                0x00008080        0xa contiki-sky.a(uip6.o)
                0x00008080                uip_icmp6chksum
 .text.uip_udpchksum
                0x0000808a        0xa contiki-sky.a(uip6.o)
                0x0000808a                uip_udpchksum
 .text.uip_init
                0x00008094       0x3a contiki-sky.a(uip6.o)
                0x00008094                uip_init
 .text.remove_ext_hdr
                0x000080ce       0x5a contiki-sky.a(uip6.o)
                0x000080ce                remove_ext_hdr
 .text.uip_udp_new
                0x00008128       0xf4 contiki-sky.a(uip6.o)
                0x00008128                uip_udp_new
 .text.uip_process
                0x0000821c      0x4d8 contiki-sky.a(uip6.o)
                0x0000821c                uip_process
 .text.uip_htonl
                0x000086f4       0x2e contiki-sky.a(uip6.o)
                0x000086f4                uip_htonl
 .text.coap_parse_int_option
                0x00008722       0x46 contiki-sky.a(er-coap-13.o)
 .text.coap_set_option_header
                0x00008768       0xa6 contiki-sky.a(er-coap-13.o)
 .text.coap_serialize_int_option
                0x0000880e       0xda contiki-sky.a(er-coap-13.o)
 .text.coap_get_variable
                0x000088e8       0xbe contiki-sky.a(er-coap-13.o)
 .text.coap_serialize_array_option
                0x000089a6       0xe4 contiki-sky.a(er-coap-13.o)
 .text.coap_merge_multi_option.part.1
                0x00008a8a       0x34 contiki-sky.a(er-coap-13.o)
 .text.coap_init_connection
                0x00008abe       0x22 contiki-sky.a(er-coap-13.o)
                0x00008abe                coap_init_connection
 .text.coap_get_mid
                0x00008ae0        0xc contiki-sky.a(er-coap-13.o)
                0x00008ae0                coap_get_mid
 .text.coap_init_message
                0x00008aec       0x30 contiki-sky.a(er-coap-13.o)
                0x00008aec                coap_init_message
 .text.coap_serialize_message
                0x00008b1c      0x434 contiki-sky.a(er-coap-13.o)
                0x00008b1c                coap_serialize_message
 .text.coap_send_message
                0x00008f50       0x4a contiki-sky.a(er-coap-13.o)
                0x00008f50                coap_send_message
 .text.coap_parse_message
                0x00008f9a      0x4b4 contiki-sky.a(er-coap-13.o)
                0x00008f9a                coap_parse_message
 .text.coap_get_query_variable
                0x0000944e       0x1c contiki-sky.a(er-coap-13.o)
                0x0000944e                coap_get_query_variable
 .text.coap_get_post_variable
                0x0000946a       0x20 contiki-sky.a(er-coap-13.o)
                0x0000946a                coap_get_post_variable
 .text.coap_set_status_code
                0x0000948a       0x12 contiki-sky.a(er-coap-13.o)
                0x0000948a                coap_set_status_code
 .text.coap_get_header_content_type
                0x0000949c       0x14 contiki-sky.a(er-coap-13.o)
                0x0000949c                coap_get_header_content_type
 .text.coap_set_header_content_type
                0x000094b0        0xe contiki-sky.a(er-coap-13.o)
                0x000094b0                coap_set_header_content_type
 .text.coap_get_header_accept
                0x000094be       0x1c contiki-sky.a(er-coap-13.o)
                0x000094be                coap_get_header_accept
 .text.coap_get_header_max_age
                0x000094da       0x26 contiki-sky.a(er-coap-13.o)
                0x000094da                coap_get_header_max_age
 .text.coap_set_header_max_age
                0x00009500       0x12 contiki-sky.a(er-coap-13.o)
                0x00009500                coap_set_header_max_age
 .text.coap_set_header_etag
                0x00009512       0x2a contiki-sky.a(er-coap-13.o)
                0x00009512                coap_set_header_etag
 .text.coap_get_header_if_match
                0x0000953c       0x1c contiki-sky.a(er-coap-13.o)
                0x0000953c                coap_get_header_if_match
 .text.coap_get_header_if_none_match
                0x00009558       0x10 contiki-sky.a(er-coap-13.o)
                0x00009558                coap_get_header_if_none_match
 .text.coap_set_header_token
                0x00009568       0x24 contiki-sky.a(er-coap-13.o)
                0x00009568                coap_set_header_token
 .text.coap_get_header_uri_host
                0x0000958c       0x18 contiki-sky.a(er-coap-13.o)
                0x0000958c                coap_get_header_uri_host
 .text.coap_get_header_uri_path
                0x000095a4       0x18 contiki-sky.a(er-coap-13.o)
                0x000095a4                coap_get_header_uri_path
 .text.coap_set_header_uri_path
                0x000095bc       0x2a contiki-sky.a(er-coap-13.o)
                0x000095bc                coap_set_header_uri_path
 .text.coap_get_header_uri_query
                0x000095e6       0x16 contiki-sky.a(er-coap-13.o)
                0x000095e6                coap_get_header_uri_query
 .text.coap_set_header_location_query
                0x000095fc       0x2c contiki-sky.a(er-coap-13.o)
                0x000095fc                coap_set_header_location_query
 .text.coap_set_header_location_path
                0x00009628       0x88 contiki-sky.a(er-coap-13.o)
                0x00009628                coap_set_header_location_path
 .text.coap_set_header_observe
                0x000096b0        0xe contiki-sky.a(er-coap-13.o)
                0x000096b0                coap_set_header_observe
 .text.coap_get_header_block2
                0x000096be       0x4c contiki-sky.a(er-coap-13.o)
                0x000096be                coap_get_header_block2
 .text.coap_set_header_block2
                0x0000970a       0x40 contiki-sky.a(er-coap-13.o)
                0x0000970a                coap_set_header_block2
 .text.coap_get_header_size
                0x0000974a       0x1e contiki-sky.a(er-coap-13.o)
                0x0000974a                coap_get_header_size
 .text.coap_set_header_size
                0x00009768       0x12 contiki-sky.a(er-coap-13.o)
                0x00009768                coap_set_header_size
 .text.coap_get_payload
                0x0000977a       0x1a contiki-sky.a(er-coap-13.o)
                0x0000977a                coap_get_payload
 .text.coap_set_payload
                0x00009794       0x16 contiki-sky.a(er-coap-13.o)
                0x00009794                coap_set_payload
 .text.coap_set_service_callback
                0x000097aa        0x6 contiki-sky.a(er-coap-13-engi)
                0x000097aa                coap_set_service_callback
 .text.coap_get_rest_method
                0x000097b0       0x1a contiki-sky.a(er-coap-13-engi)
                0x000097b0                coap_get_rest_method
 .text.process_thread_coap_receiver
                0x000097ca      0x3e6 contiki-sky.a(er-coap-13-engi)
 .text.well_known_core_handler
                0x00009bb0      0x420 contiki-sky.a(er-coap-13-engi)
                0x00009bb0                well_known_core_handler
 .text.coap_receiver_init
                0x00009fd0        0xc contiki-sky.a(er-coap-13-engi)
                0x00009fd0                coap_receiver_init
 .text.coap_register_as_transaction_handler
                0x00009fdc        0x8 contiki-sky.a(er-coap-13-tran)
                0x00009fdc                coap_register_as_transaction_handler
 .text.coap_new_transaction
                0x00009fe4       0x4e contiki-sky.a(er-coap-13-tran)
                0x00009fe4                coap_new_transaction
 .text.coap_clear_transaction
                0x0000a032       0x26 contiki-sky.a(er-coap-13-tran)
                0x0000a032                coap_clear_transaction
 .text.coap_send_transaction
                0x0000a058       0xc8 contiki-sky.a(er-coap-13-tran)
                0x0000a058                coap_send_transaction
 .text.coap_get_transaction_by_mid
                0x0000a120       0x1e contiki-sky.a(er-coap-13-tran)
                0x0000a120                coap_get_transaction_by_mid
 .text.coap_check_transactions
                0x0000a13e       0x2e contiki-sky.a(er-coap-13-tran)
                0x0000a13e                coap_check_transactions
 .text.coap_remove_observer
                0x0000a16c       0x1c contiki-sky.a(er-coap-13-obse)
                0x0000a16c                coap_remove_observer
 .text.coap_remove_observer_by_client
                0x0000a188       0x4c contiki-sky.a(er-coap-13-obse)
                0x0000a188                coap_remove_observer_by_client
 .text.coap_remove_observer_by_url
                0x0000a1d4       0x7e contiki-sky.a(er-coap-13-obse)
                0x0000a1d4                coap_remove_observer_by_url
 .text.coap_add_observer
                0x0000a252       0x80 contiki-sky.a(er-coap-13-obse)
                0x0000a252                coap_add_observer
 .text.coap_remove_observer_by_mid
                0x0000a2d2       0x58 contiki-sky.a(er-coap-13-obse)
                0x0000a2d2                coap_remove_observer_by_mid
 .text.coap_notify_observers
                0x0000a32a       0xc4 contiki-sky.a(er-coap-13-obse)
                0x0000a32a                coap_notify_observers
 .text.coap_observe_handler
                0x0000a3ee       0x98 contiki-sky.a(er-coap-13-obse)
                0x0000a3ee                coap_observe_handler
 .text.process_thread_rest_manager_process
                0x0000a486       0xc4 contiki-sky.a(erbium.o)
 .text.rest_invoke_restful_service
                0x0000a54a      0x10e contiki-sky.a(erbium.o)
                0x0000a54a                rest_invoke_restful_service
 .text.rest_init_engine
                0x0000a658       0x26 contiki-sky.a(erbium.o)
                0x0000a658                rest_init_engine
 .text.rest_activate_resource
                0x0000a67e       0x24 contiki-sky.a(erbium.o)
                0x0000a67e                rest_activate_resource
 .text.rest_activate_periodic_resource
                0x0000a6a2       0x24 contiki-sky.a(erbium.o)
                0x0000a6a2                rest_activate_periodic_resource
 .text.rest_get_resources
                0x0000a6c6        0x6 contiki-sky.a(erbium.o)
                0x0000a6c6                rest_get_resources
 .text.init_platform
                0x0000a6cc        0xc contiki-sky.a(contiki-sky-pla)
                0x0000a6cc                init_platform
 .text.status   0x0000a6d8       0x16 contiki-sky.a(button-sensor.o)
 .text.configure
                0x0000a6ee       0x52 contiki-sky.a(button-sensor.o)
 .text.value    0x0000a740       0x22 contiki-sky.a(button-sensor.o)
 .text.irq_p2   0x0000a762       0x8a contiki-sky.a(button-sensor.o)
                0x0000a762                irq_p2
                0x0000a762                __isr_1
 .text.owreadb  0x0000a7ec       0x52 contiki-sky.a(ds2411.o)
 .text.ds2411_init
                0x0000a83e      0x122 contiki-sky.a(ds2411.o)
                0x0000a83e                ds2411_init
 .text.wait_ready
                0x0000a960       0x50 contiki-sky.a(xmem.o)
 .text.xmem_init
                0x0000a9b0       0x3e contiki-sky.a(xmem.o)
                0x0000a9b0                xmem_init
 .text.xmem_pread
                0x0000a9ee       0xea contiki-sky.a(xmem.o)
                0x0000a9ee                xmem_pread
 .text.node_id_restore
                0x0000aad8       0x38 contiki-sky.a(node-id.o)
                0x0000aad8                node_id_restore
 .text.process_thread_sensors_process
                0x0000ab10       0xbe contiki-sky.a(sensors.o)
 .text.sensors_changed
                0x0000abce       0x2a contiki-sky.a(sensors.o)
                0x0000abce                sensors_changed
 .text.strobe   0x0000abf8       0x20 contiki-sky.a(cc2420.o)
 .text.status   0x0000ac18       0x26 contiki-sky.a(cc2420.o)
 .text.getreg   0x0000ac3e       0x54 contiki-sky.a(cc2420.o)
 .text.setreg   0x0000ac92       0x52 contiki-sky.a(cc2420.o)
 .text.set_txpower
                0x0000ace4       0x26 contiki-sky.a(cc2420.o)
 .text.cc2420_receiving_packet
                0x0000ad0a        0xe contiki-sky.a(cc2420.o)
 .text.pending_packet
                0x0000ad18        0x8 contiki-sky.a(cc2420.o)
 .text.on       0x0000ad20       0x40 contiki-sky.a(cc2420.o)
 .text.flushrx  0x0000ad60       0x7a contiki-sky.a(cc2420.o)
 .text.off      0x0000adda       0x72 contiki-sky.a(cc2420.o)
 .text.RELEASE_LOCK
                0x0000ae4c       0x28 contiki-sky.a(cc2420.o)
 .text.cc2420_prepare
                0x0000ae74       0x8a contiki-sky.a(cc2420.o)
 .text.getrxdata
                0x0000aefe       0x56 contiki-sky.a(cc2420.o)
 .text.cc2420_on
                0x0000af54       0x22 contiki-sky.a(cc2420.o)
                0x0000af54                cc2420_on
 .text.cc2420_off
                0x0000af76       0x30 contiki-sky.a(cc2420.o)
                0x0000af76                cc2420_off
 .text.cc2420_cca
                0x0000afa6       0x74 contiki-sky.a(cc2420.o)
 .text.cc2420_read
                0x0000b01a       0xe6 contiki-sky.a(cc2420.o)
 .text.process_thread_cc2420_process
                0x0000b100       0x50 contiki-sky.a(cc2420.o)
 .text.cc2420_set_channel
                0x0000b150       0x78 contiki-sky.a(cc2420.o)
                0x0000b150                cc2420_set_channel
 .text.cc2420_set_pan_addr
                0x0000b1c8      0x14a contiki-sky.a(cc2420.o)
                0x0000b1c8                cc2420_set_pan_addr
 .text.cc2420_init
                0x0000b312       0xd0 contiki-sky.a(cc2420.o)
                0x0000b312                cc2420_init
 .text.cc2420_interrupt
                0x0000b3e2       0x20 contiki-sky.a(cc2420.o)
                0x0000b3e2                cc2420_interrupt
 .text.cc2420_get_txpower
                0x0000b402       0x1e contiki-sky.a(cc2420.o)
                0x0000b402                cc2420_get_txpower
 .text.cc2420_transmit
                0x0000b420      0x1a0 contiki-sky.a(cc2420.o)
 .text.cc2420_send
                0x0000b5c0       0x12 contiki-sky.a(cc2420.o)
 .text.cc2420_port1_interrupt
                0x0000b5d2       0x62 contiki-sky.a(cc2420-arch.o)
                0x0000b5d2                __isr_4
                0x0000b5d2                cc2420_port1_interrupt
 .text.cc2420_arch_init
                0x0000b634       0x1a contiki-sky.a(cc2420-arch.o)
                0x0000b634                cc2420_arch_init
 .text.uart1_active
                0x0000b64e       0x1a contiki-sky.a(uart1.o)
                0x0000b64e                uart1_active
 .text.uart1_writeb
                0x0000b668       0x1a contiki-sky.a(uart1.o)
                0x0000b668                uart1_writeb
 .text.uart1_init
                0x0000b682       0xf6 contiki-sky.a(uart1.o)
                0x0000b682                uart1_init
 .text.putchar  0x0000b778       0x10 contiki-sky.a(uart1-putchar.o)
                0x0000b778                putchar
 .text.msp430_init_dco
                0x0000b788       0x84 contiki-sky.a(msp430.o)
                0x0000b788                msp430_init_dco
 .text.msp430_add_lpm_req
                0x0000b80c        0xc contiki-sky.a(msp430.o)
                0x0000b80c                msp430_add_lpm_req
 .text.msp430_cpu_init
                0x0000b818       0x2a contiki-sky.a(msp430.o)
                0x0000b818                msp430_cpu_init
 .text.splhigh_
                0x0000b842        0x8 contiki-sky.a(msp430.o)
                0x0000b842                splhigh_
 .text.msp430_sync_dco
                0x0000b84a       0x68 contiki-sky.a(msp430.o)
                0x0000b84a                msp430_sync_dco
 .text.timera1  0x0000b8b2       0xfe contiki-sky.a(clock.o)
                0x0000b8b2                __isr_5
                0x0000b8b2                timera1
 .text.clock_time
                0x0000b9b0       0x1a contiki-sky.a(clock.o)
                0x0000b9b0                clock_time
 .text.clock_init
                0x0000b9ca       0x28 contiki-sky.a(clock.o)
                0x0000b9ca                clock_init
 .text.clock_delay
                0x0000b9f2        0xc contiki-sky.a(clock.o)
                0x0000b9f2                clock_delay
 .text.clock_seconds
                0x0000b9fe       0x1a contiki-sky.a(clock.o)
                0x0000b9fe                clock_seconds
 .text.show_leds
                0x0000ba18      0x100 contiki-sky.a(leds.o)
 .text.leds_init
                0x0000bb18        0xe contiki-sky.a(leds.o)
                0x0000bb18                leds_init
 .text.leds_on  0x0000bb26       0x14 contiki-sky.a(leds.o)
                0x0000bb26                leds_on
 .text.leds_off
                0x0000bb3a       0x14 contiki-sky.a(leds.o)
                0x0000bb3a                leds_off
 .text.leds_arch_init
                0x0000bb4e        0xe contiki-sky.a(leds-arch.o)
                0x0000bb4e                leds_arch_init
 .text.leds_arch_set
                0x0000bb5c       0x3a contiki-sky.a(leds-arch.o)
                0x0000bb5c                leds_arch_set
 .text.watchdog_interrupt
                0x0000bb96        0x6 contiki-sky.a(watchdog.o)
                0x0000bb96                __isr_10
                0x0000bb96                watchdog_interrupt
 .text.watchdog_start
                0x0000bb9c       0x14 contiki-sky.a(watchdog.o)
                0x0000bb9c                watchdog_start
 .text.watchdog_periodic
                0x0000bbb0       0x12 contiki-sky.a(watchdog.o)
                0x0000bbb0                watchdog_periodic
 .text.watchdog_stop
                0x0000bbc2       0x16 contiki-sky.a(watchdog.o)
                0x0000bbc2                watchdog_stop
 .text.watchdog_init
                0x0000bbd8       0x14 contiki-sky.a(watchdog.o)
                0x0000bbd8                watchdog_init
 .text.rtimer_arch_init
                0x0000bbec        0xe contiki-sky.a(rtimer-arch.o)
                0x0000bbec                rtimer_arch_init
 .text.rtimer_arch_now
                0x0000bbfa        0xe contiki-sky.a(rtimer-arch.o)
                0x0000bbfa                rtimer_arch_now
 .text.timera0  0x0000bc08       0x70 contiki-sky.a(rtimer-arch.o)
                0x0000bc08                __isr_6
                0x0000bc08                timera0
 .text.rtimer_arch_schedule
                0x0000bc78        0x6 contiki-sky.a(rtimer-arch.o)
                0x0000bc78                rtimer_arch_schedule
 .text.field_len
                0x0000bc7e       0x98 contiki-sky.a(frame802154.o)
 .text.frame802154_hdrlen
                0x0000bd16       0x2e contiki-sky.a(frame802154.o)
                0x0000bd16                frame802154_hdrlen
 .text.frame802154_create
                0x0000bd44      0x172 contiki-sky.a(frame802154.o)
                0x0000bd44                frame802154_create
 .text.frame802154_parse
                0x0000beb6      0x1e8 contiki-sky.a(frame802154.o)
                0x0000beb6                frame802154_parse
 .text.rpl_purge_routes
                0x0000c09e       0x96 contiki-sky.a(rpl.o)
                0x0000c09e                rpl_purge_routes
 .text.rpl_remove_routes
                0x0000c134       0x22 contiki-sky.a(rpl.o)
                0x0000c134                rpl_remove_routes
 .text.rpl_remove_routes_by_nexthop
                0x0000c156       0x46 contiki-sky.a(rpl.o)
                0x0000c156                rpl_remove_routes_by_nexthop
 .text.rpl_add_route
                0x0000c19c       0x44 contiki-sky.a(rpl.o)
                0x0000c19c                rpl_add_route
 .text.rpl_link_neighbor_callback
                0x0000c1e0       0x6a contiki-sky.a(rpl.o)
                0x0000c1e0                rpl_link_neighbor_callback
 .text.rpl_ipv6_neighbor_callback
                0x0000c24a       0x1e contiki-sky.a(rpl.o)
                0x0000c24a                rpl_ipv6_neighbor_callback
 .text.rpl_init
                0x0000c268       0x40 contiki-sky.a(rpl.o)
                0x0000c268                rpl_init
 .text.lollipop_greater_than
                0x0000c2a8       0x44 contiki-sky.a(rpl-dag.o)
 .text.acceptable_rank
                0x0000c2ec       0x50 contiki-sky.a(rpl-dag.o)
 .text.find_parent_any_dag_any_instance
                0x0000c33c       0x14 contiki-sky.a(rpl-dag.o)
 .text.rpl_set_preferred_parent
                0x0000c350       0x30 contiki-sky.a(rpl-dag.o)
 .text.set_ip_from_prefix
                0x0000c380       0x38 contiki-sky.a(rpl-dag.o)
 .text.check_prefix
                0x0000c3b8       0x80 contiki-sky.a(rpl-dag.o)
 .text.rpl_dag_init
                0x0000c438        0xe contiki-sky.a(rpl-dag.o)
                0x0000c438                rpl_dag_init
 .text.rpl_get_parent_ipaddr
                0x0000c446       0x10 contiki-sky.a(rpl-dag.o)
                0x0000c446                rpl_get_parent_ipaddr
 .text.rpl_set_prefix
                0x0000c456       0x8e contiki-sky.a(rpl-dag.o)
                0x0000c456                rpl_set_prefix
 .text.rpl_set_default_route
                0x0000c4e4       0x5a contiki-sky.a(rpl-dag.o)
                0x0000c4e4                rpl_set_default_route
 .text.rpl_alloc_instance
                0x0000c53e       0x2c contiki-sky.a(rpl-dag.o)
                0x0000c53e                rpl_alloc_instance
 .text.rpl_add_parent
                0x0000c56a       0x3c contiki-sky.a(rpl-dag.o)
                0x0000c56a                rpl_add_parent
 .text.rpl_find_parent
                0x0000c5a6       0x1a contiki-sky.a(rpl-dag.o)
                0x0000c5a6                rpl_find_parent
 .text.rpl_find_parent_any_dag
                0x0000c5c0       0x22 contiki-sky.a(rpl-dag.o)
                0x0000c5c0                rpl_find_parent_any_dag
 .text.rpl_select_parent
                0x0000c5e2       0x5c contiki-sky.a(rpl-dag.o)
                0x0000c5e2                rpl_select_parent
 .text.rpl_select_dag
                0x0000c63e      0x182 contiki-sky.a(rpl-dag.o)
                0x0000c63e                rpl_select_dag
 .text.rpl_nullify_parent
                0x0000c7c0       0x4e contiki-sky.a(rpl-dag.o)
                0x0000c7c0                rpl_nullify_parent
 .text.rpl_remove_parent
                0x0000c80e       0x16 contiki-sky.a(rpl-dag.o)
                0x0000c80e                rpl_remove_parent
 .text.remove_parents.constprop.2
                0x0000c824       0x32 contiki-sky.a(rpl-dag.o)
 .text.rpl_free_dag
                0x0000c856       0x36 contiki-sky.a(rpl-dag.o)
                0x0000c856                rpl_free_dag
 .text.rpl_free_instance
                0x0000c88c       0x5c contiki-sky.a(rpl-dag.o)
                0x0000c88c                rpl_free_instance
 .text.rpl_move_parent
                0x0000c8e8       0x6e contiki-sky.a(rpl-dag.o)
                0x0000c8e8                rpl_move_parent
 .text.rpl_get_any_dag
                0x0000c956       0x18 contiki-sky.a(rpl-dag.o)
                0x0000c956                rpl_get_any_dag
 .text.rpl_get_instance
                0x0000c96e       0x1a contiki-sky.a(rpl-dag.o)
                0x0000c96e                rpl_get_instance
 .text.get_dag  0x0000c988       0x56 contiki-sky.a(rpl-dag.o)
 .text.rpl_alloc_dag
                0x0000c9de       0x66 contiki-sky.a(rpl-dag.o)
                0x0000c9de                rpl_alloc_dag
 .text.rpl_repair_root
                0x0000ca44       0x50 contiki-sky.a(rpl-dag.o)
                0x0000ca44                rpl_repair_root
 .text.rpl_find_of
                0x0000ca94       0x10 contiki-sky.a(rpl-dag.o)
                0x0000ca94                rpl_find_of
 .text.rpl_join_instance
                0x0000caa4      0x13c contiki-sky.a(rpl-dag.o)
                0x0000caa4                rpl_join_instance
 .text.rpl_local_repair
                0x0000cbe0       0x7c contiki-sky.a(rpl-dag.o)
                0x0000cbe0                rpl_local_repair
 .text.rpl_process_parent_event
                0x0000cc5c       0x4e contiki-sky.a(rpl-dag.o)
                0x0000cc5c                rpl_process_parent_event
 .text.rpl_recalculate_ranks
                0x0000ccaa       0x42 contiki-sky.a(rpl-dag.o)
                0x0000ccaa                rpl_recalculate_ranks
 .text.rpl_add_dag
                0x0000ccec      0x112 contiki-sky.a(rpl-dag.o)
                0x0000ccec                rpl_add_dag
 .text.rpl_process_dio
                0x0000cdfe      0x26c contiki-sky.a(rpl-dag.o)
                0x0000cdfe                rpl_process_dio
 .text.get32    0x0000d06a       0x46 contiki-sky.a(rpl-icmp6.o)
 .text.set32    0x0000d0b0       0x2a contiki-sky.a(rpl-icmp6.o)
 .text.get16    0x0000d0da        0xe contiki-sky.a(rpl-icmp6.o)
 .text.set16    0x0000d0e8       0x10 contiki-sky.a(rpl-icmp6.o)
 .text.dis_output
                0x0000d0f8       0x50 contiki-sky.a(rpl-icmp6.o)
                0x0000d0f8                dis_output
 .text.dio_output
                0x0000d148      0x264 contiki-sky.a(rpl-icmp6.o)
                0x0000d148                dio_output
 .text.dao_output_target
                0x0000d3ac       0xe2 contiki-sky.a(rpl-icmp6.o)
                0x0000d3ac                dao_output_target
 .text.dao_output
                0x0000d48e       0x80 contiki-sky.a(rpl-icmp6.o)
                0x0000d48e                dao_output
 .text.dao_ack_output
                0x0000d50e       0x32 contiki-sky.a(rpl-icmp6.o)
                0x0000d50e                dao_ack_output
 .text.uip_rpl_input
                0x0000d540      0x538 contiki-sky.a(rpl-icmp6.o)
                0x0000d540                uip_rpl_input
 .text.new_dio_interval
                0x0000da78       0x92 contiki-sky.a(rpl-timers.o)
 .text.handle_periodic_timer
                0x0000db0a       0x2e contiki-sky.a(rpl-timers.o)
 .text.handle_dao_timer
                0x0000db38       0x50 contiki-sky.a(rpl-timers.o)
 .text.handle_dio_timer
                0x0000db88       0x82 contiki-sky.a(rpl-timers.o)
 .text.rpl_reset_periodic_timer
                0x0000dc0a       0x60 contiki-sky.a(rpl-timers.o)
                0x0000dc0a                rpl_reset_periodic_timer
 .text.rpl_reset_dio_timer
                0x0000dc6a       0x18 contiki-sky.a(rpl-timers.o)
                0x0000dc6a                rpl_reset_dio_timer
 .text.rpl_schedule_dao
                0x0000dc82       0x50 contiki-sky.a(rpl-timers.o)
                0x0000dc82                rpl_schedule_dao
 .text.reset    0x0000dcd2        0x2 contiki-sky.a(rpl-mrhof.o)
 .text.neighbor_link_callback
                0x0000dcd4       0x8a contiki-sky.a(rpl-mrhof.o)
 .text.calculate_rank
                0x0000dd5e       0x30 contiki-sky.a(rpl-mrhof.o)
 .text.best_parent
                0x0000dd8e       0x52 contiki-sky.a(rpl-mrhof.o)
 .text.update_metric_container
                0x0000dde0        0x6 contiki-sky.a(rpl-mrhof.o)
 .text.best_dag
                0x0000dde6       0x34 contiki-sky.a(rpl-mrhof.o)
 .text.rpl_verify_header
                0x0000de1a       0xbc contiki-sky.a(rpl-ext-header.)
                0x0000de1a                rpl_verify_header
 .text.rpl_update_header_empty
                0x0000ded6       0xf0 contiki-sky.a(rpl-ext-header.)
                0x0000ded6                rpl_update_header_empty
 .text.rpl_update_header_final
                0x0000dfc6       0x86 contiki-sky.a(rpl-ext-header.)
                0x0000dfc6                rpl_update_header_final
 .text.rpl_invert_header
                0x0000e04c       0x4c contiki-sky.a(rpl-ext-header.)
                0x0000e04c                rpl_invert_header
 .text.rpl_insert_header
                0x0000e098       0x1c contiki-sky.a(rpl-ext-header.)
                0x0000e098                rpl_insert_header
 .text.stimer_set
                0x0000e0b4       0x1c contiki-sky.a(stimer.o)
                0x0000e0b4                stimer_set
 .text.stimer_restart
                0x0000e0d0       0x14 contiki-sky.a(stimer.o)
                0x0000e0d0                stimer_restart
 .text.stimer_expired
                0x0000e0e4       0x30 contiki-sky.a(stimer.o)
                0x0000e0e4                stimer_expired
 .text.index_from_key
                0x0000e114       0x48 contiki-sky.a(nbr-table.o)
 .text.item_from_key
                0x0000e15c       0x34 contiki-sky.a(nbr-table.o)
 .text.nbr_set_bit
                0x0000e190       0x8e contiki-sky.a(nbr-table.o)
 .text.index_from_lladdr
                0x0000e21e       0x42 contiki-sky.a(nbr-table.o)
 .text.nbr_get_bit.constprop.0
                0x0000e260       0x62 contiki-sky.a(nbr-table.o)
 .text.nbr_table_register
                0x0000e2c2       0x28 contiki-sky.a(nbr-table.o)
                0x0000e2c2                nbr_table_register
 .text.nbr_table_next
                0x0000e2ea       0x90 contiki-sky.a(nbr-table.o)
                0x0000e2ea                nbr_table_next
 .text.nbr_table_head
                0x0000e37a       0x36 contiki-sky.a(nbr-table.o)
                0x0000e37a                nbr_table_head
 .text.nbr_table_add_lladdr
                0x0000e3b0      0x144 contiki-sky.a(nbr-table.o)
                0x0000e3b0                nbr_table_add_lladdr
 .text.nbr_table_get_from_lladdr
                0x0000e4f4       0x48 contiki-sky.a(nbr-table.o)
                0x0000e4f4                nbr_table_get_from_lladdr
 .text.nbr_table_remove
                0x0000e53c       0x32 contiki-sky.a(nbr-table.o)
                0x0000e53c                nbr_table_remove
 .text.nbr_table_lock
                0x0000e56e       0x10 contiki-sky.a(nbr-table.o)
                0x0000e56e                nbr_table_lock
 .text.nbr_table_unlock
                0x0000e57e       0x10 contiki-sky.a(nbr-table.o)
                0x0000e57e                nbr_table_unlock
 .text.nbr_table_get_lladdr
                0x0000e58e       0x5a contiki-sky.a(nbr-table.o)
                0x0000e58e                nbr_table_get_lladdr
 .text.uip_icmp6_echo_request_input
                0x0000e5e8      0x12c contiki-sky.a(uip-icmp6.o)
                0x0000e5e8                uip_icmp6_echo_request_input
 .text.uip_icmp6_error_output
                0x0000e714      0x17a contiki-sky.a(uip-icmp6.o)
                0x0000e714                uip_icmp6_error_output
 .text.uip_icmp6_send
                0x0000e88e       0x96 contiki-sky.a(uip-icmp6.o)
                0x0000e88e                uip_icmp6_send
 .text.uip_udp_packet_send
                0x0000e924       0x2e contiki-sky.a(uip-udp-packet.)
                0x0000e924                uip_udp_packet_send
 .text.spi_init
                0x0000e952       0x32 contiki-sky.a(spi.o)
                0x0000e952                spi_init
 .text.libgcc   0x0000e984       0x2c /usr/lib/gcc/msp430/4.6.3/mmpy-16/libgcc.a(_mulsi3.o)
                0x0000e984                __mulsi3
 .text.libgcc   0x0000e9b0       0x22 /usr/lib/gcc/msp430/4.6.3/mmpy-16/libgcc.a(_udivmod16.o)
                0x0000e9b0                __udivhi3
                0x0000e9b0                __ext_udivmod16
                0x0000e9ca                __umodhi3
 .text.libgcc   0x0000e9d2       0x3a /usr/lib/gcc/msp430/4.6.3/mmpy-16/libgcc.a(_divmod16.o)
                0x0000e9d2                __ext_divmod16
                0x0000e9d2                __divhi3
                0x0000ea04                __modhi3
 .text.libgcc   0x0000ea0c       0x40 /usr/lib/gcc/msp430/4.6.3/mmpy-16/libgcc.a(_udivmod32.o)
                0x0000ea0c                __udivsi3
                0x0000ea0c                __ext_udivmod32
                0x0000ea42                __umodsi3
 .text          0x0000ea4c       0x12 /usr/lib/gcc/msp430/4.6.3/../../../../msp430/lib/mmpy-16/libc.a(strchr.o)
                0x0000ea4c                strchr
 .text          0x0000ea5e       0x1c /usr/lib/gcc/msp430/4.6.3/../../../../msp430/lib/mmpy-16/libc.a(memchr.o)
                0x0000ea5e                memchr
 .text          0x0000ea7a       0x1e /usr/lib/gcc/msp430/4.6.3/../../../../msp430/lib/mmpy-16/libc.a(strcmp.o)
                0x0000ea7a                strcmp
 .text          0x0000ea98       0x28 /usr/lib/gcc/msp430/4.6.3/../../../../msp430/lib/mmpy-16/libc.a(strncmp.o)
                0x0000ea98                strncmp
 .text          0x0000eac0       0x20 /usr/lib/gcc/msp430/4.6.3/../../../../msp430/lib/mmpy-16/libc.a(memcmp.o)
                0x0000eac0                memcmp
 .text          0x0000eae0       0xfa /usr/lib/gcc/msp430/4.6.3/../../../../msp430/lib/mmpy-16/libc.a(memcpy.o)
                0x0000eae0                memcpy
 .text          0x0000ebda       0xfa /usr/lib/gcc/msp430/4.6.3/../../../../msp430/lib/mmpy-16/libc.a(memmove.o)
                0x0000ebda                memmove
 .text          0x0000ecd4       0x6a /usr/lib/gcc/msp430/4.6.3/../../../../msp430/lib/mmpy-16/libc.a(memset.o)
                0x0000ecd4                memset
 .text          0x0000ed3e       0x56 /usr/lib/gcc/msp430/4.6.3/../../../../msp430/lib/mmpy-16/libc.a(strstr.o)
                0x0000ed3e                strstr
 .text          0x0000ed94       0x8a /usr/lib/gcc/msp430/4.6.3/../../../../msp430/lib/mmpy-16/libc.a(atoi.o)
                0x0000ed94                atoi
 .text          0x0000ee1e       0x1e /usr/lib/gcc/msp430/4.6.3/../../../../msp430/lib/mmpy-16/libc.a(printf.o)
                0x0000ee1e                printf
                0x0000ee2e                vprintf
 .text          0x0000ee3c       0xbc /usr/lib/gcc/msp430/4.6.3/../../../../msp430/lib/mmpy-16/libc.a(sprintf.o)
                0x0000ee9a                sprintf
                0x0000eeb6                snprintf
                0x0000eed0                vsprintf
                0x0000eee6                vsnprintf
 .text          0x0000eef8      0x836 /usr/lib/gcc/msp430/4.6.3/../../../../msp430/lib/mmpy-16/libc.a(vuprintf.o)
                0x0000f090                vuprintf
 .text          0x0000f72e       0x2c /usr/lib/gcc/msp430/4.6.3/../../../../msp430/lib/mmpy-16/libc.a(puts.o)
                0x0000f72e                puts
 .text          0x0000f75a       0x54 /usr/lib/gcc/msp430/4.6.3/../../../../msp430/lib/mmpy-16/libc.a(rand.o)
                0x0000f75a                rand_r
                0x0000f77e                rand
                0x0000f7a4                srand
 .text.libgcc   0x0000f7ae       0xf0 /usr/lib/gcc/msp430/4.6.3/mmpy-16/libgcc.a(_udivmod64.o)
                0x0000f7ae                __xabi_udivmod64
                0x0000f80c                __udivdi3
                0x0000f832                __umoddi3
                0x0000f860                __udivmoddi4
 .text.crt0     0x0000f89e        0x2 /usr/lib/gcc/msp430/4.6.3/mmpy-16/libcrt0.a(_unexpected_.o)
                0x0000f89e                _unexpected_
                0x0000f8a0                . = ALIGN (0x2)

.rodata         0x0000f8a0      0x614
                0x0000f8a0                . = ALIGN (0x2)
 *(.rodata .rodata.* .gnu.linkonce.r.*)
 .rodata        0x0000f8a0      0x23e mote_thermostat.co
                0x0000fa4c                autostart_processes
 .rodata        0x0000fade      0x10b obj_sky/contiki-sky-main.o
 *fill*         0x0000fbe9        0x1 00
 .rodata        0x0000fbea        0x8 contiki-sky.a(rimeaddr.o)
                0x0000fbea                rimeaddr_null
 .rodata        0x0000fbf2       0x18 contiki-sky.a(nullrdc.o)
                0x0000fbfa                nullrdc_driver
 .rodata        0x0000fc0a        0x4 contiki-sky.a(framer-802154.o)
                0x0000fc0a                framer_802154
 .rodata        0x0000fc0e       0x14 contiki-sky.a(csma.o)
                0x0000fc14                csma_driver
 .rodata        0x0000fc22        0xc contiki-sky.a(etimer.o)
 .rodata        0x0000fc2e        0xf contiki-sky.a(ctimer.o)
 *fill*         0x0000fc3d        0x1 00
 .rodata        0x0000fc3e       0x24 contiki-sky.a(sicslowpan.o)
                0x0000fc4a                sicslowpan_driver
                0x0000fc50                llprefix
                0x0000fc52                unc_mxconf
                0x0000fc56                unc_ctxconf
                0x0000fc5a                unc_llconf
 .rodata        0x0000fc62        0xd contiki-sky.a(tcpip.o)
 *fill*         0x0000fc6f        0x1 00
 .rodata        0x0000fc70       0xd2 contiki-sky.a(er-coap-13.o)
 .rodata        0x0000fd42      0x104 contiki-sky.a(er-coap-13-engi)
                0x0000fd94                coap_rest_implementation
 .rodata        0x0000fe46       0x1d contiki-sky.a(er-coap-13-obse)
 .rodata        0x0000fe63        0xd contiki-sky.a(erbium.o)
 .rodata        0x0000fe70       0x10 contiki-sky.a(button-sensor.o)
                0x0000fe78                button_sensor
 .rodata        0x0000fe80        0x8 contiki-sky.a(sensors.o)
 .rodata        0x0000fe88       0x22 contiki-sky.a(cc2420.o)
                0x0000fe88                cc2420_driver
 .rodata        0x0000feaa        0x2 contiki-sky.a(frame802154.o)
 .rodata        0x0000feac        0x7 /usr/lib/gcc/msp430/4.6.3/../../../../msp430/lib/mmpy-16/libc.a(vuprintf.o)
                0x0000feb4                . = ALIGN (0x2)
 *fill*         0x0000feb3        0x1 00
                0x0000feb4                _etext = .

.data           0x00001100      0x12a load address 0x0000feb4
                0x00001100                . = ALIGN (0x2)
                0x00001100                PROVIDE (__data_start, .)
 *(.data .data.* .gnu.linkonce.d.*)
 .data          0x00001100       0x44 mote_thermostat.co
                0x00001100                thermostat
                0x0000110a                periodic_resource_temperature
                0x00001120                resource_temperature
                0x00001132                resource_heating_opt
 .data          0x00001144       0x18 contiki-sky.a(csma.o)
 .data          0x0000115c        0xa contiki-sky.a(etimer.o)
                0x0000115c                etimer_process
 .data          0x00001166        0xa contiki-sky.a(ctimer.o)
                0x00001166                ctimer_process
 .data          0x00001170       0x18 contiki-sky.a(queuebuf.o)
 .data          0x00001188        0xa contiki-sky.a(tcpip.o)
                0x00001188                tcpip_process
 .data          0x00001192       0x18 contiki-sky.a(uip-ds6-route.o)
 .data          0x000011aa        0xa contiki-sky.a(uip-ds6-nbr.o)
                0x000011aa                ds6_neighbors
 .data          0x000011b4        0x2 contiki-sky.a(er-coap-13.o)
                0x000011b4                coap_error_message
 .data          0x000011b6       0x1c contiki-sky.a(er-coap-13-engi)
                0x000011b6                resource_well_known_core
                0x000011c8                coap_receiver
 .data          0x000011d2        0x8 contiki-sky.a(er-coap-13-tran)
 .data          0x000011da        0x8 contiki-sky.a(er-coap-13-obse)
 .data          0x000011e2        0xa contiki-sky.a(erbium.o)
                0x000011e2                rest_manager_process
 .data          0x000011ec        0x4 contiki-sky.a(contiki-sky-pla)
                0x000011ec                sensors
 .data          0x000011f0        0xa contiki-sky.a(sensors.o)
                0x000011f0                sensors_process
 .data          0x000011fa        0xa contiki-sky.a(cc2420.o)
                0x000011fa                cc2420_process
 .data          0x00001204        0x2 contiki-sky.a(msp430.o)
 .data          0x00001206        0x8 contiki-sky.a(rpl-dag.o)
 .data          0x0000120e        0x1 contiki-sky.a(rpl-icmp6.o)
 *fill*         0x0000120f        0x1 00
 .data          0x00001210        0xe contiki-sky.a(rpl-mrhof.o)
                0x00001210                rpl_mrhof
 .data          0x0000121e        0x8 contiki-sky.a(nbr-table.o)
 .data          0x00001226        0x4 /usr/lib/gcc/msp430/4.6.3/../../../../msp430/lib/mmpy-16/libc.a(rand.o)
                0x0000122a                . = ALIGN (0x2)
                0x0000122a                _edata = .
                0x0000feb4                PROVIDE (__data_load_start, LOADADDR (.data))
                0x0000012a                PROVIDE (__data_size, SIZEOF (.data))

.bss            0x0000122a     0x1550 load address 0x0000ffde
                0x0000122a                PROVIDE (__bss_start, .)
 *(.bss .bss.*)
 .bss           0x0000122a       0x14 mote_thermostat.co
 .bss           0x0000123e        0xc obj_sky/contiki-sky-main.o
 .bss           0x0000124a        0x2 contiki-sky.a(framer-802154.o)
 .bss           0x0000124c       0x8a contiki-sky.a(csma.o)
 .bss           0x000012d6       0x42 contiki-sky.a(process.o)
                0x000012d6                process_current
                0x000012d8                process_list
 .bss           0x00001318        0x6 contiki-sky.a(etimer.o)
 .bss           0x0000131e        0x4 contiki-sky.a(ctimer.o)
 .bss           0x00001322        0x2 contiki-sky.a(rtimer.o)
 .bss           0x00001324       0xba contiki-sky.a(packetbuf.o)
 .bss           0x000013de      0x3c6 contiki-sky.a(queuebuf.o)
 .bss           0x000017a4      0x122 contiki-sky.a(sicslowpan.o)
 .bss           0x000018c6        0xe contiki-sky.a(tcpip.o)
 .bss           0x000018d4      0x19e contiki-sky.a(uip-ds6-route.o)
 .bss           0x00001a72      0x168 contiki-sky.a(uip-ds6-nbr.o)
 .bss           0x00001bda       0x18 contiki-sky.a(uip-ds6.o)
 .bss           0x00001bf2        0xa contiki-sky.a(uip-nd6.o)
 .bss           0x00001bfc        0xa contiki-sky.a(uip6.o)
                0x00001bfc                uip_ext_opt_offset
                0x00001bfe                uip_ext_len
                0x00001c00                uip_ext_bitmap
 .bss           0x00001c06        0x6 contiki-sky.a(er-coap-13.o)
                0x00001c06                coap_error_code
 .bss           0x00001c0c       0xf8 contiki-sky.a(er-coap-13-engi)
 .bss           0x00001d04      0x2c0 contiki-sky.a(er-coap-13-tran)
 .bss           0x00001fc4       0x94 contiki-sky.a(er-coap-13-obse)
 .bss           0x00002058        0x4 contiki-sky.a(erbium.o)
 .bss           0x0000205c        0x8 contiki-sky.a(button-sensor.o)
 .bss           0x00002064        0x2 contiki-sky.a(node-id.o)
                0x00002064                node_id
 .bss           0x00002066        0x6 contiki-sky.a(sensors.o)
 .bss           0x0000206c        0xa contiki-sky.a(cc2420.o)
 .bss           0x00002076       0x9a contiki-sky.a(uart1.o)
 .bss           0x00002110        0xa contiki-sky.a(clock.o)
 .bss           0x0000211a        0x2 contiki-sky.a(leds.o)
 .bss           0x0000211c        0x2 contiki-sky.a(watchdog.o)
 .bss           0x0000211e       0x64 contiki-sky.a(rpl-dag.o)
 .bss           0x00002182       0x18 contiki-sky.a(rpl-timers.o)
 .bss           0x0000219a       0x96 contiki-sky.a(nbr-table.o)
 .bss           0x00002230       0x10 contiki-sky.a(uip-icmp6.o)
 .bss           0x00002240        0x4 /usr/lib/gcc/msp430/4.6.3/../../../../msp430/lib/mmpy-16/libc.a(sprintf.o)
 *(COMMON)
 COMMON         0x00002244        0x8 contiki-sky.a(rimeaddr.o)
                0x00002244                rimeaddr_node_addr
 COMMON         0x0000224c        0x1 contiki-sky.a(process.o)
                0x0000224c                process_maxevents
 *fill*         0x0000224d        0x1 00
 COMMON         0x0000224e       0x56 contiki-sky.a(energest.o)
                0x0000224e                energest_total_time
                0x0000227e                energest_total_count
                0x00002280                energest_current_mode
                0x0000228c                energest_current_time
 COMMON         0x000022a4       0x50 contiki-sky.a(packetbuf.o)
                0x000022a4                packetbuf_addrs
                0x000022c4                packetbuf_attrs
 COMMON         0x000022f4        0x8 contiki-sky.a(sicslowpan.o)
                0x000022f4                frag_sender
 COMMON         0x000022fc        0x1 contiki-sky.a(tcpip.o)
                0x000022fc                tcpip_event
 *fill*         0x000022fd        0x1 00
 COMMON         0x000022fe      0x15c contiki-sky.a(uip-ds6.o)
                0x000022fe                uip_ds6_timer_ra
                0x00002306                uip_ds6_if
                0x000023f2                uip_ds6_netif_addr_list_offset
                0x000023f3                uip_ds6_addr_size
                0x000023f4                uip_ds6_prefix_list
                0x0000244e                uip_ds6_timer_periodic
 COMMON         0x0000245a      0x240 contiki-sky.a(uip6.o)
                0x0000245a                uip_len
                0x0000245c                uip_sappdata
                0x0000245e                uip_lladdr
                0x00002466                uip_aligned_buf
                0x00002556                uip_flags
                0x00002558                uip_next_hdr
                0x0000255a                uip_udp_conn
                0x0000255c                uip_appdata
                0x0000255e                uip_conn
                0x00002560                uip_slen
                0x00002562                uip_udp_conns
 COMMON         0x0000269a        0x2 contiki-sky.a(contiki-sky-pla)
                0x0000269a                sensors_flags
 COMMON         0x0000269c        0x8 contiki-sky.a(ds2411.o)
                0x0000269c                ds2411_id
 COMMON         0x000026a4        0x1 contiki-sky.a(sensors.o)
                0x000026a4                sensors_event
 *fill*         0x000026a5        0x1 00
 COMMON         0x000026a6       0x14 contiki-sky.a(cc2420.o)
                0x000026a6                cc2420_last_rssi
                0x000026a8                cc2420_packets_read
                0x000026aa                cc2420_packets_seen
                0x000026ac                cc2420_sfd_start_time
                0x000026ae                cc2420_time_of_departure
                0x000026b0                cc2420_time_of_arrival
                0x000026b2                cc2420_last_correlation
                0x000026b4                cc2420_authority_level_of_sender
                0x000026b6                cc2420_sfd_counter
                0x000026b8                cc2420_sfd_end_time
 COMMON         0x000026ba        0x2 contiki-sky.a(msp430.o)
                0x000026ba                msp430_dco_required
 COMMON         0x000026bc       0xbe contiki-sky.a(rpl-dag.o)
                0x000026bc                default_instance
                0x000026be                instance_table
                0x0000277a                . = ALIGN (0x2)
                0x0000277a                PROVIDE (__bss_end, .)
                0x00001550                PROVIDE (__bss_size, SIZEOF (.bss))

.noinit         0x0000277a        0x2 load address 0x0000ffde
                0x0000277a                PROVIDE (__noinit_start, .)
 *(.noinit .noinit.*)
 .noinit.crt0   0x0000277a        0x2 /usr/lib/gcc/msp430/4.6.3/mmpy-16/libcrt0.a(__watchdog_support.o)
                0x0000277a                __wdt_clear_value
                0x0000277c                . = ALIGN (0x2)
                0x0000277c                PROVIDE (__noinit_end, .)
                0x0000277c                . = ALIGN (0x2)
                0x0000277c                _end = .

.infomem        0x00001000        0x0
 *(.infomem)
                0x00001000                . = ALIGN (0x2)
 *(.infomem.*)

.infomemnobits  0x00001000        0x0
 *(.infomemnobits)
                0x00001000                . = ALIGN (0x2)
 *(.infomemnobits.*)

.infoa
 *(.infoa .infoa.*)

.infob
 *(.infob .infob.*)

.infoc
 *(.infoc .infoc.*)

.infod
 *(.infod .infod.*)

.vectors        0x0000ffe0       0x20
                0x0000ffe0                PROVIDE (__vectors_start, .)
 *(.vectors*)
 .vectors       0x0000ffe0       0x20 /usr/lib/gcc/msp430/4.6.3/mmpy-16/crt0ivtbl16.o
                0x0000ffe0                __ivtbl_16
                0x00010000                _vectors_end = .

.fartext        0x00000000        0x0
                0x00000000                . = ALIGN (0x2)
 *(.fartext)
                0x00000000                . = ALIGN (0x2)
 *(.fartext.*)
                0x00000000                _efartext = .

.profiler
 *(.profiler)

.stab
 *(.stab)

.stabstr
 *(.stabstr)

.stab.excl
 *(.stab.excl)

.stab.exclstr
 *(.stab.exclstr)

.stab.index
 *(.stab.index)

.stab.indexstr
 *(.stab.indexstr)

.comment
 *(.comment)

.debug
 *(.debug)

.line
 *(.line)

.debug_srcinfo
 *(.debug_srcinfo)

.debug_sfnames
 *(.debug_sfnames)

.debug_aranges  0x00000000      0x208
 *(.debug_aranges)
 .debug_aranges
                0x00000000       0x14 /usr/lib/gcc/msp430/4.6.3/mmpy-16/libgcc.a(_mulsi3.o)
 .debug_aranges
                0x00000014       0x14 /usr/lib/gcc/msp430/4.6.3/mmpy-16/libgcc.a(_udivmod16.o)
 .debug_aranges
                0x00000028       0x14 /usr/lib/gcc/msp430/4.6.3/mmpy-16/libgcc.a(_divmod16.o)
 .debug_aranges
                0x0000003c       0x14 /usr/lib/gcc/msp430/4.6.3/mmpy-16/libgcc.a(_udivmod32.o)
 .debug_aranges
                0x00000050       0x14 /usr/lib/gcc/msp430/4.6.3/../../../../msp430/lib/mmpy-16/libc.a(strchr.o)
 .debug_aranges
                0x00000064       0x14 /usr/lib/gcc/msp430/4.6.3/../../../../msp430/lib/mmpy-16/libc.a(memchr.o)
 .debug_aranges
                0x00000078       0x14 /usr/lib/gcc/msp430/4.6.3/../../../../msp430/lib/mmpy-16/libc.a(strcmp.o)
 .debug_aranges
                0x0000008c       0x14 /usr/lib/gcc/msp430/4.6.3/../../../../msp430/lib/mmpy-16/libc.a(strncmp.o)
 .debug_aranges
                0x000000a0       0x14 /usr/lib/gcc/msp430/4.6.3/../../../../msp430/lib/mmpy-16/libc.a(memcmp.o)
 .debug_aranges
                0x000000b4       0x14 /usr/lib/gcc/msp430/4.6.3/../../../../msp430/lib/mmpy-16/libc.a(memcpy.o)
 .debug_aranges
                0x000000c8       0x14 /usr/lib/gcc/msp430/4.6.3/../../../../msp430/lib/mmpy-16/libc.a(memmove.o)
 .debug_aranges
                0x000000dc       0x14 /usr/lib/gcc/msp430/4.6.3/../../../../msp430/lib/mmpy-16/libc.a(memset.o)
 .debug_aranges
                0x000000f0       0x14 /usr/lib/gcc/msp430/4.6.3/../../../../msp430/lib/mmpy-16/libc.a(strstr.o)
 .debug_aranges
                0x00000104       0x14 /usr/lib/gcc/msp430/4.6.3/../../../../msp430/lib/mmpy-16/libc.a(atoi.o)
 .debug_aranges
                0x00000118       0x14 /usr/lib/gcc/msp430/4.6.3/../../../../msp430/lib/mmpy-16/libc.a(printf.o)
 .debug_aranges
                0x0000012c       0x14 /usr/lib/gcc/msp430/4.6.3/../../../../msp430/lib/mmpy-16/libc.a(sprintf.o)
 .debug_aranges
                0x00000140       0x14 /usr/lib/gcc/msp430/4.6.3/../../../../msp430/lib/mmpy-16/libc.a(vuprintf.o)
 .debug_aranges
                0x00000154       0x14 /usr/lib/gcc/msp430/4.6.3/../../../../msp430/lib/mmpy-16/libc.a(puts.o)
 .debug_aranges
                0x00000168       0x14 /usr/lib/gcc/msp430/4.6.3/../../../../msp430/lib/mmpy-16/libc.a(rand.o)
 .debug_aranges
                0x0000017c       0x14 /usr/lib/gcc/msp430/4.6.3/mmpy-16/libgcc.a(_udivmod64.o)
 .debug_aranges
                0x00000190       0x14 /usr/lib/gcc/msp430/4.6.3/mmpy-16/libcrt0.a(__watchdog_support.o)
 .debug_aranges
                0x000001a4       0x14 /usr/lib/gcc/msp430/4.6.3/mmpy-16/libcrt0.a(__init_stack.o)
 .debug_aranges
                0x000001b8       0x14 /usr/lib/gcc/msp430/4.6.3/mmpy-16/libcrt0.a(_copy_data.o)
 .debug_aranges
                0x000001cc       0x14 /usr/lib/gcc/msp430/4.6.3/mmpy-16/libcrt0.a(_clear_bss.o)
 .debug_aranges
                0x000001e0       0x14 /usr/lib/gcc/msp430/4.6.3/mmpy-16/libcrt0.a(_endless_loop__.o)
 .debug_aranges
                0x000001f4       0x14 /usr/lib/gcc/msp430/4.6.3/mmpy-16/libcrt0.a(_unexpected_.o)

.debug_pubnames
 *(.debug_pubnames)

.debug_info     0x00000000     0x1bb0
 *(.debug_info)
 .debug_info    0x00000000       0xd6 /usr/lib/gcc/msp430/4.6.3/mmpy-16/libgcc.a(_mulsi3.o)
 .debug_info    0x000000d6       0xd6 /usr/lib/gcc/msp430/4.6.3/mmpy-16/libgcc.a(_udivmod16.o)
 .debug_info    0x000001ac       0xd6 /usr/lib/gcc/msp430/4.6.3/mmpy-16/libgcc.a(_divmod16.o)
 .debug_info    0x00000282       0xd6 /usr/lib/gcc/msp430/4.6.3/mmpy-16/libgcc.a(_udivmod32.o)
 .debug_info    0x00000358       0xa7 /usr/lib/gcc/msp430/4.6.3/../../../../msp430/lib/mmpy-16/libc.a(strchr.o)
 .debug_info    0x000003ff       0xd6 /usr/lib/gcc/msp430/4.6.3/../../../../msp430/lib/mmpy-16/libc.a(memchr.o)
 .debug_info    0x000004d5       0xa4 /usr/lib/gcc/msp430/4.6.3/../../../../msp430/lib/mmpy-16/libc.a(strcmp.o)
 .debug_info    0x00000579       0xbb /usr/lib/gcc/msp430/4.6.3/../../../../msp430/lib/mmpy-16/libc.a(strncmp.o)
 .debug_info    0x00000634       0xe8 /usr/lib/gcc/msp430/4.6.3/../../../../msp430/lib/mmpy-16/libc.a(memcmp.o)
 .debug_info    0x0000071c      0x113 /usr/lib/gcc/msp430/4.6.3/../../../../msp430/lib/mmpy-16/libc.a(memcpy.o)
 .debug_info    0x0000082f      0x113 /usr/lib/gcc/msp430/4.6.3/../../../../msp430/lib/mmpy-16/libc.a(memmove.o)
 .debug_info    0x00000942       0xfe /usr/lib/gcc/msp430/4.6.3/../../../../msp430/lib/mmpy-16/libc.a(memset.o)
 .debug_info    0x00000a40       0xe0 /usr/lib/gcc/msp430/4.6.3/../../../../msp430/lib/mmpy-16/libc.a(strstr.o)
 .debug_info    0x00000b20       0xb4 /usr/lib/gcc/msp430/4.6.3/../../../../msp430/lib/mmpy-16/libc.a(atoi.o)
 .debug_info    0x00000bd4      0x105 /usr/lib/gcc/msp430/4.6.3/../../../../msp430/lib/mmpy-16/libc.a(printf.o)
 .debug_info    0x00000cd9      0x277 /usr/lib/gcc/msp430/4.6.3/../../../../msp430/lib/mmpy-16/libc.a(sprintf.o)
 .debug_info    0x00000f50      0x565 /usr/lib/gcc/msp430/4.6.3/../../../../msp430/lib/mmpy-16/libc.a(vuprintf.o)
 .debug_info    0x000014b5       0x96 /usr/lib/gcc/msp430/4.6.3/../../../../msp430/lib/mmpy-16/libc.a(puts.o)
 .debug_info    0x0000154b      0x13f /usr/lib/gcc/msp430/4.6.3/../../../../msp430/lib/mmpy-16/libc.a(rand.o)
 .debug_info    0x0000168a       0xd6 /usr/lib/gcc/msp430/4.6.3/mmpy-16/libgcc.a(_udivmod64.o)
 .debug_info    0x00001760       0xb8 /usr/lib/gcc/msp430/4.6.3/mmpy-16/libcrt0.a(__watchdog_support.o)
 .debug_info    0x00001818       0xb8 /usr/lib/gcc/msp430/4.6.3/mmpy-16/libcrt0.a(__init_stack.o)
 .debug_info    0x000018d0       0xb8 /usr/lib/gcc/msp430/4.6.3/mmpy-16/libcrt0.a(_copy_data.o)
 .debug_info    0x00001988       0xb8 /usr/lib/gcc/msp430/4.6.3/mmpy-16/libcrt0.a(_clear_bss.o)
 .debug_info    0x00001a40       0xb8 /usr/lib/gcc/msp430/4.6.3/mmpy-16/libcrt0.a(_endless_loop__.o)
 .debug_info    0x00001af8       0xb8 /usr/lib/gcc/msp430/4.6.3/mmpy-16/libcrt0.a(_unexpected_.o)
 *(.gnu.linkonce.wi.*)

.debug_abbrev   0x00000000      0xb4b
 *(.debug_abbrev)
 .debug_abbrev  0x00000000       0x14 /usr/lib/gcc/msp430/4.6.3/mmpy-16/libgcc.a(_mulsi3.o)
 .debug_abbrev  0x00000014       0x14 /usr/lib/gcc/msp430/4.6.3/mmpy-16/libgcc.a(_udivmod16.o)
 .debug_abbrev  0x00000028       0x14 /usr/lib/gcc/msp430/4.6.3/mmpy-16/libgcc.a(_divmod16.o)
 .debug_abbrev  0x0000003c       0x14 /usr/lib/gcc/msp430/4.6.3/mmpy-16/libgcc.a(_udivmod32.o)
 .debug_abbrev  0x00000050       0x6f /usr/lib/gcc/msp430/4.6.3/../../../../msp430/lib/mmpy-16/libc.a(strchr.o)
 .debug_abbrev  0x000000bf       0xa2 /usr/lib/gcc/msp430/4.6.3/../../../../msp430/lib/mmpy-16/libc.a(memchr.o)
 .debug_abbrev  0x00000161       0x60 /usr/lib/gcc/msp430/4.6.3/../../../../msp430/lib/mmpy-16/libc.a(strcmp.o)
 .debug_abbrev  0x000001c1       0x7c /usr/lib/gcc/msp430/4.6.3/../../../../msp430/lib/mmpy-16/libc.a(strncmp.o)
 .debug_abbrev  0x0000023d       0x9b /usr/lib/gcc/msp430/4.6.3/../../../../msp430/lib/mmpy-16/libc.a(memcmp.o)
 .debug_abbrev  0x000002d8       0x97 /usr/lib/gcc/msp430/4.6.3/../../../../msp430/lib/mmpy-16/libc.a(memcpy.o)
 .debug_abbrev  0x0000036f       0x97 /usr/lib/gcc/msp430/4.6.3/../../../../msp430/lib/mmpy-16/libc.a(memmove.o)
 .debug_abbrev  0x00000406       0x9c /usr/lib/gcc/msp430/4.6.3/../../../../msp430/lib/mmpy-16/libc.a(memset.o)
 .debug_abbrev  0x000004a2       0x8b /usr/lib/gcc/msp430/4.6.3/../../../../msp430/lib/mmpy-16/libc.a(strstr.o)
 .debug_abbrev  0x0000052d       0x7e /usr/lib/gcc/msp430/4.6.3/../../../../msp430/lib/mmpy-16/libc.a(atoi.o)
 .debug_abbrev  0x000005ab       0xd0 /usr/lib/gcc/msp430/4.6.3/../../../../msp430/lib/mmpy-16/libc.a(printf.o)
 .debug_abbrev  0x0000067b      0x105 /usr/lib/gcc/msp430/4.6.3/../../../../msp430/lib/mmpy-16/libc.a(sprintf.o)
 .debug_abbrev  0x00000780      0x1ef /usr/lib/gcc/msp430/4.6.3/../../../../msp430/lib/mmpy-16/libc.a(vuprintf.o)
 .debug_abbrev  0x0000096f       0x60 /usr/lib/gcc/msp430/4.6.3/../../../../msp430/lib/mmpy-16/libc.a(puts.o)
 .debug_abbrev  0x000009cf       0xf0 /usr/lib/gcc/msp430/4.6.3/../../../../msp430/lib/mmpy-16/libc.a(rand.o)
 .debug_abbrev  0x00000abf       0x14 /usr/lib/gcc/msp430/4.6.3/mmpy-16/libgcc.a(_udivmod64.o)
 .debug_abbrev  0x00000ad3       0x14 /usr/lib/gcc/msp430/4.6.3/mmpy-16/libcrt0.a(__watchdog_support.o)
 .debug_abbrev  0x00000ae7       0x14 /usr/lib/gcc/msp430/4.6.3/mmpy-16/libcrt0.a(__init_stack.o)
 .debug_abbrev  0x00000afb       0x14 /usr/lib/gcc/msp430/4.6.3/mmpy-16/libcrt0.a(_copy_data.o)
 .debug_abbrev  0x00000b0f       0x14 /usr/lib/gcc/msp430/4.6.3/mmpy-16/libcrt0.a(_clear_bss.o)
 .debug_abbrev  0x00000b23       0x14 /usr/lib/gcc/msp430/4.6.3/mmpy-16/libcrt0.a(_endless_loop__.o)
 .debug_abbrev  0x00000b37       0x14 /usr/lib/gcc/msp430/4.6.3/mmpy-16/libcrt0.a(_unexpected_.o)

.debug_line     0x00000000     0x1081
 *(.debug_line)
 .debug_line    0x00000000       0xa3 /usr/lib/gcc/msp430/4.6.3/mmpy-16/libgcc.a(_mulsi3.o)
 .debug_line    0x000000a3       0x9c /usr/lib/gcc/msp430/4.6.3/mmpy-16/libgcc.a(_udivmod16.o)
 .debug_line    0x0000013f       0xa7 /usr/lib/gcc/msp430/4.6.3/mmpy-16/libgcc.a(_divmod16.o)
 .debug_line    0x000001e6       0xab /usr/lib/gcc/msp430/4.6.3/mmpy-16/libgcc.a(_udivmod32.o)
 .debug_line    0x00000291       0x44 /usr/lib/gcc/msp430/4.6.3/../../../../msp430/lib/mmpy-16/libc.a(strchr.o)