Archive member included because of file (symbol)

contiki-sky.a(rimeaddr.o)     obj_sky/contiki-sky-main.o (rimeaddr_copy)
contiki-sky.a(nullrdc.o)      obj_sky/contiki-sky-main.o (nullrdc_driver)
contiki-sky.a(mac.o)          contiki-sky.a(nullrdc.o) (mac_call_sent_callback)
contiki-sky.a(framer-802154.o)
                              contiki-sky.a(nullrdc.o) (framer_802154)
contiki-sky.a(csma.o)         obj_sky/contiki-sky-main.o (csma_driver)
contiki-sky.a(process.o)      obj_sky/contiki-sky-main.o (process_init)
contiki-sky.a(autostart.o)    obj_sky/contiki-sky-main.o (autostart_start)
contiki-sky.a(memb.o)         contiki-sky.a(csma.o) (memb_init)
contiki-sky.a(timer.o)        obj_sky/contiki-sky-main.o (timer_set)
contiki-sky.a(list.o)         contiki-sky.a(csma.o) (list_init)
contiki-sky.a(etimer.o)       obj_sky/contiki-sky-main.o (etimer_process)
contiki-sky.a(ctimer.o)       obj_sky/contiki-sky-main.o (ctimer_init)
contiki-sky.a(energest.o)     obj_sky/contiki-sky-main.o (energest_init)
contiki-sky.a(rtimer.o)       obj_sky/contiki-sky-main.o (rtimer_init)
contiki-sky.a(random.o)       obj_sky/contiki-sky-main.o (random_init)
contiki-sky.a(packetbuf.o)    contiki-sky.a(framer-802154.o) (packetbuf_hdrreduce)
contiki-sky.a(queuebuf.o)     obj_sky/contiki-sky-main.o (queuebuf_init)
contiki-sky.a(sicslowpan.o)   obj_sky/contiki-sky-main.o (sicslowpan_driver)
contiki-sky.a(tcpip.o)        contiki-sky.a(sicslowpan.o) (tcpip_set_outputfunc)
contiki-sky.a(uip-ds6-route.o)
                              contiki-sky.a(tcpip.o) (uip_ds6_route_nexthop)
contiki-sky.a(uip-ds6-nbr.o)  contiki-sky.a(tcpip.o) (uip_ds6_nbr_add)
contiki-sky.a(uip-ds6.o)      contiki-sky.a(tcpip.o) (uip_ds6_is_addr_onlink)
contiki-sky.a(uip-nd6.o)      contiki-sky.a(tcpip.o) (uip_nd6_ns_output)
contiki-sky.a(uip6.o)         contiki-sky.a(sicslowpan.o) (uip_aligned_buf)
contiki-sky.a(er-coap-13.o)   mote_thermostat.co (coap_init_message)
contiki-sky.a(er-coap-13-engi)
                              mote_thermostat.co (coap_rest_implementation)
contiki-sky.a(er-coap-13-tran)
                              contiki-sky.a(er-coap-13-engi) (coap_register_as_transaction_handler)
contiki-sky.a(er-coap-13-obse)
                              contiki-sky.a(er-coap-13-tran) (coap_remove_observer_by_client)
contiki-sky.a(erbium.o)       mote_thermostat.co (rest_init_engine)
contiki-sky.a(contiki-sky-pla)
                              obj_sky/contiki-sky-main.o (init_platform)
contiki-sky.a(button-sensor.o)
                              contiki-sky.a(contiki-sky-pla) (button_sensor)
contiki-sky.a(ds2411.o)       obj_sky/contiki-sky-main.o (ds2411_init)
contiki-sky.a(xmem.o)         obj_sky/contiki-sky-main.o (xmem_init)
contiki-sky.a(node-id.o)      obj_sky/contiki-sky-main.o (node_id_restore)
contiki-sky.a(sensors.o)      contiki-sky.a(button-sensor.o) (sensors_changed)
contiki-sky.a(cc2420.o)       obj_sky/contiki-sky-main.o (cc2420_set_channel)
contiki-sky.a(cc2420-arch.o)  contiki-sky.a(cc2420.o) (cc2420_arch_init)
contiki-sky.a(uart1.o)        obj_sky/contiki-sky-main.o (uart1_active)
contiki-sky.a(uart1-putchar.o)
                              obj_sky/contiki-sky-main.o (putchar)
contiki-sky.a(msp430.o)       contiki-sky.a(uart1.o) (msp430_add_lpm_req)
contiki-sky.a(clock.o)        contiki-sky.a(timer.o) (clock_time)
contiki-sky.a(leds.o)         obj_sky/contiki-sky-main.o (leds_init)
contiki-sky.a(leds-arch.o)    contiki-sky.a(leds.o) (leds_arch_init)
contiki-sky.a(watchdog.o)     obj_sky/contiki-sky-main.o (watchdog_start)
contiki-sky.a(rtimer-arch.o)  contiki-sky.a(rtimer.o) (rtimer_arch_init)
contiki-sky.a(frame802154.o)  contiki-sky.a(framer-802154.o) (frame802154_hdrlen)
contiki-sky.a(rpl.o)          contiki-sky.a(uip-ds6-nbr.o) (rpl_link_neighbor_callback)
contiki-sky.a(rpl-dag.o)      contiki-sky.a(rpl.o) (rpl_dag_init)
contiki-sky.a(rpl-icmp6.o)    contiki-sky.a(rpl.o) (dao_output_target)
contiki-sky.a(rpl-timers.o)   contiki-sky.a(rpl.o) (rpl_reset_periodic_timer)
contiki-sky.a(rpl-mrhof.o)    contiki-sky.a(rpl-dag.o) (rpl_mrhof)
contiki-sky.a(rpl-ext-header.)
                              contiki-sky.a(uip6.o) (rpl_verify_header)
contiki-sky.a(stimer.o)       contiki-sky.a(tcpip.o) (stimer_set)
contiki-sky.a(nbr-table.o)    contiki-sky.a(uip-ds6-route.o) (nbr_table_register)
contiki-sky.a(uip-icmp6.o)    contiki-sky.a(uip6.o) (uip_icmp6_echo_request_input)
contiki-sky.a(uip-udp-packet.)
                              contiki-sky.a(er-coap-13.o) (uip_udp_packet_send)
contiki-sky.a(spi.o)          contiki-sky.a(xmem.o) (spi_init)
/usr/lib/gcc/msp430/4.6.3/mmpy-16/libgcc.a(_mulsi3.o)
                              contiki-sky.a(csma.o) (__mulsi3)
/usr/lib/gcc/msp430/4.6.3/mmpy-16/libgcc.a(_udivmod16.o)
                              contiki-sky.a(rpl-dag.o) (__udivhi3)
/usr/lib/gcc/msp430/4.6.3/mmpy-16/libgcc.a(_divmod16.o)
                              contiki-sky.a(nbr-table.o) (__divhi3)
[...]
Memory Configuration

Name             Origin             Length             Attributes
sfr              0x00000000         0x00000010
peripheral_8bit  0x00000010         0x000000f0
peripheral_16bit 0x00000100         0x00000100
ram_mirror       0x00000200         0x00000800         xw
infomem          0x00001000         0x00000100
infob            0x00001000         0x00000080
infoa            0x00001080         0x00000080
ram              0x00001100         0x00002800         xw
rom              0x00004000         0x0000bfe0         xr
vectors          0x0000ffe0         0x00000020
bsl              0x00000000         0x00000000
infoc            0x00000000         0x00000000
infod            0x00000000         0x00000000
ram2             0x00000000         0x00000000         xw
usbram           0x00000000         0x00000000         xw
far_rom          0x00000000         0x00000000
*default*        0x00000000         0xffffffff

Linker script and memory map

LOAD /usr/lib/gcc/msp430/4.6.3/mmpy-16/crt0ivtbl16.o
LOAD mote_thermostat.co
LOAD obj_sky/contiki-sky-main.o
LOAD contiki-sky.a
LOAD /usr/lib/gcc/msp430/4.6.3/mmpy-16/libgcc.a
LOAD /usr/lib/gcc/msp430/4.6.3/../../../../msp430/lib/mmpy-16/libc.a
LOAD /usr/lib/gcc/msp430/4.6.3/mmpy-16/libgcc.a
LOAD /usr/lib/gcc/msp430/4.6.3/mmpy-16/libcrt0.a
                0x00000080                PROVIDE (__info_segment_size, 0x80)
                0x00001000                PROVIDE (__infob, 0x1000)
                0x00001080                PROVIDE (__infoa, 0x1080)
                0x00000000                __IE1 = 0x0
                0x00000002                __IFG1 = 0x2
                0x00000004                __ME1 = 0x4
                0x00000001                __IE2 = 0x1
                0x00000003                __IFG2 = 0x3
                0x00000005                __ME2 = 0x5
                0x00000120                __WDTCTL = 0x120
                0x00000130                __MPY = 0x130
                0x00000132                __MPYS = 0x132
                0x00000134                __MAC = 0x134
                0x00000136                __MACS = 0x136
                0x00000138                __OP2 = 0x138
                0x0000013a                __RESLO = 0x13a
                0x0000013c                __RESHI = 0x13c
                0x0000013e                __SUMEXT = 0x13e
                0x00000020                __P1IN = 0x20
                0x00000021                __P1OUT = 0x21
                0x00000022                __P1DIR = 0x22
                0x00000023                __P1IFG = 0x23
                0x00000024                __P1IES = 0x24
                0x00000025                __P1IE = 0x25
                0x00000026                __P1SEL = 0x26
                0x00000028                __P2IN = 0x28
                0x00000029                __P2OUT = 0x29
                0x0000002a                __P2DIR = 0x2a
                0x0000002b                __P2IFG = 0x2b
                0x0000002c                __P2IES = 0x2c
                0x0000002d                __P2IE = 0x2d
                0x0000002e                __P2SEL = 0x2e
                0x00000018                __P3IN = 0x18
                0x00000019                __P3OUT = 0x19
                0x0000001a                __P3DIR = 0x1a
                0x0000001b                __P3SEL = 0x1b
                0x0000001c                __P4IN = 0x1c
                0x0000001d                __P4OUT = 0x1d
                0x0000001e                __P4DIR = 0x1e
                0x0000001f                __P4SEL = 0x1f
                0x00000030                __P5IN = 0x30
                0x00000031                __P5OUT = 0x31
                0x00000032                __P5DIR = 0x32
                0x00000033                __P5SEL = 0x33
                0x00000034                __P6IN = 0x34
                0x00000035                __P6OUT = 0x35
                0x00000036                __P6DIR = 0x36
                0x00000037                __P6SEL = 0x37
                0x00000070                __U0CTL = 0x70
                0x00000071                __U0TCTL = 0x71
                0x00000072                __U0RCTL = 0x72
                0x00000073                __U0MCTL = 0x73
                0x00000074                __U0BR0 = 0x74
                0x00000075                __U0BR1 = 0x75
                0x00000076                __U0RXBUF = 0x76
                0x00000077                __U0TXBUF = 0x77
                0x00000078                __U1CTL = 0x78
                0x00000079                __U1TCTL = 0x79
                0x0000007a                __U1RCTL = 0x7a
                0x0000007b                __U1MCTL = 0x7b
                0x0000007c                __U1BR0 = 0x7c
                0x0000007d                __U1BR1 = 0x7d
                0x0000007e                __U1RXBUF = 0x7e
                0x0000007f                __U1TXBUF = 0x7f
                0x00000050                __I2CIE = 0x50
                0x00000051                __I2CIFG = 0x51
                0x00000052                __I2CNDAT = 0x52
                0x00000071                __I2CTCTL = 0x71
                0x00000072                __I2CDCTL = 0x72
                0x00000073                __I2CPSC = 0x73
                0x00000074                __I2CSCLH = 0x74
                0x00000075                __I2CSCLL = 0x75
                0x00000076                __I2CDRB = 0x76
                0x00000076                __I2CDRW = 0x76
                0x00000118                __I2COA = 0x118
                0x0000011a                __I2CSA = 0x11a
                0x0000011c                __I2CIV = 0x11c
                0x0000012e                __TAIV = 0x12e
                0x00000160                __TACTL = 0x160
                0x00000162                __TACCTL0 = 0x162
                0x00000164                __TACCTL1 = 0x164
                0x00000166                __TACCTL2 = 0x166
                0x00000170                __TAR = 0x170
                0x00000172                __TACCR0 = 0x172
                0x00000174                __TACCR1 = 0x174
                0x00000176                __TACCR2 = 0x176
                0x0000011e                __TBIV = 0x11e
                0x00000180                __TBCTL = 0x180
                0x00000182                __TBCCTL0 = 0x182
                0x00000184                __TBCCTL1 = 0x184
                0x00000186                __TBCCTL2 = 0x186
                0x00000188                __TBCCTL3 = 0x188
                0x0000018a                __TBCCTL4 = 0x18a
                0x0000018c                __TBCCTL5 = 0x18c
                0x0000018e                __TBCCTL6 = 0x18e
                0x00000190                __TBR = 0x190
                0x00000192                __TBCCR0 = 0x192
                0x00000194                __TBCCR1 = 0x194
                0x00000196                __TBCCR2 = 0x196
                0x00000198                __TBCCR3 = 0x198
                0x0000019a                __TBCCR4 = 0x19a
                0x0000019c                __TBCCR5 = 0x19c
                0x0000019e                __TBCCR6 = 0x19e
                0x00000056                __DCOCTL = 0x56
                0x00000057                __BCSCTL1 = 0x57
                0x00000058                __BCSCTL2 = 0x58
                0x00000055                __SVSCTL = 0x55
                0x00000128                __FCTL1 = 0x128
                0x0000012a                __FCTL2 = 0x12a
                0x0000012c                __FCTL3 = 0x12c
                0x00000059                __CACTL1 = 0x59
                0x0000005a                __CACTL2 = 0x5a
                0x0000005b                __CAPD = 0x5b
                0x000001a0                __ADC12CTL0 = 0x1a0
                0x000001a2                __ADC12CTL1 = 0x1a2
                0x000001a4                __ADC12IFG = 0x1a4
                0x000001a6                __ADC12IE = 0x1a6
                0x000001a8                __ADC12IV = 0x1a8
                0x00000140                __ADC12MEM0 = 0x140
                0x00000142                __ADC12MEM1 = 0x142
                0x00000144                __ADC12MEM2 = 0x144
                0x00000146                __ADC12MEM3 = 0x146
                0x00000148                __ADC12MEM4 = 0x148
                0x0000014a                __ADC12MEM5 = 0x14a
                0x0000014c                __ADC12MEM6 = 0x14c
                0x0000014e                __ADC12MEM7 = 0x14e
                0x00000150                __ADC12MEM8 = 0x150
                0x00000152                __ADC12MEM9 = 0x152
                0x00000154                __ADC12MEM10 = 0x154
                0x00000156                __ADC12MEM11 = 0x156
                0x00000158                __ADC12MEM12 = 0x158
                0x0000015a                __ADC12MEM13 = 0x15a
                0x0000015c                __ADC12MEM14 = 0x15c
                0x0000015e                __ADC12MEM15 = 0x15e
                0x00000080                __ADC12MCTL0 = 0x80
                0x00000081                __ADC12MCTL1 = 0x81
                0x00000082                __ADC12MCTL2 = 0x82
                0x00000083                __ADC12MCTL3 = 0x83
                0x00000084                __ADC12MCTL4 = 0x84
                0x00000085                __ADC12MCTL5 = 0x85
                0x00000086                __ADC12MCTL6 = 0x86
                0x00000087                __ADC12MCTL7 = 0x87
                0x00000088                __ADC12MCTL8 = 0x88
                0x00000089                __ADC12MCTL9 = 0x89
                0x0000008a                __ADC12MCTL10 = 0x8a
                0x0000008b                __ADC12MCTL11 = 0x8b
                0x0000008c                __ADC12MCTL12 = 0x8c
                0x0000008d                __ADC12MCTL13 = 0x8d
                0x0000008e                __ADC12MCTL14 = 0x8e
                0x0000008f                __ADC12MCTL15 = 0x8f
                0x000001c0                __DAC12_0CTL = 0x1c0
                0x000001c2                __DAC12_1CTL = 0x1c2
                0x000001c8                __DAC12_0DAT = 0x1c8
                0x000001ca                __DAC12_1DAT = 0x1ca
                0x00000122                __DMACTL0 = 0x122
                0x00000124                __DMACTL1 = 0x124
                0x000001e0                __DMA0CTL = 0x1e0
                0x000001e8                __DMA1CTL = 0x1e8
                0x000001f0                __DMA2CTL = 0x1f0
                0x000001e2                __DMA0SA = 0x1e2
                0x000001e4                __DMA0DA = 0x1e4
                0x000001e6                __DMA0SZ = 0x1e6
                0x000001ea                __DMA1SA = 0x1ea
                0x000001ec                __DMA1DA = 0x1ec
                0x000001ee                __DMA1SZ = 0x1ee
                0x000001f2                __DMA2SA = 0x1f2
                0x000001f4                __DMA2DA = 0x1f4
                0x000001f6                __DMA2SZ = 0x1f6

.hash
 *(.hash)

.dynsym
 *(.dynsym)

.dynstr
 *(.dynstr)

.gnu.version
 *(.gnu.version)

.gnu.version_d
 *(.gnu.version_d)

.gnu.version_r
 *(.gnu.version_r)

.rel.init
 *(.rel.init)

.rela.init
 *(.rela.init)

.rel.fini
 *(.rel.fini)

.rela.fini
 *(.rela.fini)

.rel.text
 *(.rel.text .rel.text.* .rel.gnu.linkonce.t.*)

.rela.text
 *(.rela.text .rela.text.* .rela.gnu.linkonce.t.*)

.rel.rodata
 *(.rel.rodata .rel.rodata.* .rel.gnu.linkonce.r.*)

.rela.rodata
 *(.rela.rodata .rela.rodata.* .rela.gnu.linkonce.r.*)

.rel.data
 *(.rel.data .rel.data.* .rel.gnu.linkonce.d.*)

.rela.data
 *(.rela.data .rela.data.* .rela.gnu.linkonce.d.*)

.rel.bss
 *(.rel.bss .rel.bss.* .rel.gnu.linkonce.b.*)

.rela.bss
 *(.rela.bss .rela.bss.* .rela.gnu.linkonce.b.*)

.rel.ctors
 *(.rel.ctors)

.rela.ctors
 *(.rela.ctors)

.rel.dtors
 *(.rel.dtors)

.rela.dtors
 *(.rela.dtors)

.rel.got
 *(.rel.got)

.rela.got
 *(.rela.got)

.rel.plt
 *(.rel.plt)

.rela.plt
 *(.rela.plt)

.text           0x00004000     0xb7fe
                0x00004000                . = ALIGN (0x2)
 *(.init .init.*)
 *(.init0)
 .init0         0x00004000        0x0 /usr/lib/gcc/msp430/4.6.3/mmpy-16/libcrt0.a(_reset_vector__.o)
                0x00004000                _reset_vector__
 *(.init1)
 .init1         0x00004000        0xc /usr/lib/gcc/msp430/4.6.3/mmpy-16/libcrt0.a(__watchdog_support.o)
                0x00004000                __watchdog_support
 *(.init2)
 .init2         0x0000400c        0x4 /usr/lib/gcc/msp430/4.6.3/mmpy-16/libcrt0.a(__init_stack.o)
                0x0000400c                __init_stack
 *(.init3)
 .init3         0x00004010        0x0 /usr/lib/gcc/msp430/4.6.3/mmpy-16/libcrt0.a(__low_level_init.o)
                0x00004010                __low_level_init
 *(.init4)
 .init4         0x00004010       0x18 /usr/lib/gcc/msp430/4.6.3/mmpy-16/libcrt0.a(_copy_data.o)
                0x00004010                __do_copy_data
 .init4         0x00004028       0x16 /usr/lib/gcc/msp430/4.6.3/mmpy-16/libcrt0.a(_clear_bss.o)
                0x00004028                __do_clear_bss
 *(.init5)
 *(.init6)
 *(.init7)
 *(.init8)
 *(.init9)
 .init9         0x0000403e      0x364 obj_sky/contiki-sky-main.o
                0x0000403e                main
 *(.fini9)
 .fini9         0x000043a2        0x0 /usr/lib/gcc/msp430/4.6.3/mmpy-16/libcrt0.a(__stop_progExec__.o)
                0x000043a2                __stop_progExec__
 *(.fini8)
 *(.fini7)
 *(.fini6)
 *(.fini5)
 *(.fini4)
 *(.fini3)
 *(.fini2)
 *(.fini1)
 *(.fini0)
 .fini0         0x000043a2        0x6 /usr/lib/gcc/msp430/4.6.3/mmpy-16/libcrt0.a(_endless_loop__.o)
                0x000043a2                _endless_loop__
 *(.fini .fini.*)
                0x000043a8                . = ALIGN (0x2)
                0x000043a8                __ctors_start = .
 *(.ctors)
                0x000043a8                __ctors_end = .
                0x000043a8                __dtors_start = .
 *(.dtors)
                0x000043a8                __dtors_end = .
                0x000043a8                . = ALIGN (0x2)
 *(.text .text.* .gnu.linkonce.t.*)
 .text          0x000043a8        0x4 /usr/lib/gcc/msp430/4.6.3/mmpy-16/crt0ivtbl16.o
                0x000043a8                __isr_14
                0x000043a8                __isr_11
                0x000043a8                __isr_2
                0x000043a8                __isr_7
                0x000043a8                __isr_0
                0x000043a8                __isr_8
                0x000043a8                __isr_3
                0x000043a8                __isr_12
                0x000043a8                __isr_13
                0x000043a8                __isr_9
 .text.temperature_periodic_handler
                0x000043ac       0x7c mote_thermostat.co
                0x000043ac                temperature_periodic_handler
 .text.temperature_handler
                0x00004428       0x3a mote_thermostat.co
                0x00004428                temperature_handler
 .text.heating_opt_handler
                0x00004462      0x1ea mote_thermostat.co
                0x00004462                heating_opt_handler
 .text.random_at_most
                0x0000464c       0x56 mote_thermostat.co
                0x0000464c                random_at_most
 .text.process_thread_thermostat
                0x000046a2       0xcc mote_thermostat.co
 .text.rimeaddr_copy
                0x0000476e        0x8 contiki-sky.a(rimeaddr.o)
                0x0000476e                rimeaddr_copy
 .text.rimeaddr_cmp
                0x00004776       0x12 contiki-sky.a(rimeaddr.o)
                0x00004776                rimeaddr_cmp
 .text.rimeaddr_set_node_addr
                0x00004788        0xc contiki-sky.a(rimeaddr.o)
                0x00004788                rimeaddr_set_node_addr
 .text.on       0x00004794        0x6 contiki-sky.a(nullrdc.o)
 .text.channel_check_interval
                0x0000479a        0x4 contiki-sky.a(nullrdc.o)
 .text.init     0x0000479e        0x6 contiki-sky.a(nullrdc.o)
 .text.send_one_packet
                0x000047a4       0x6a contiki-sky.a(nullrdc.o)
 .text.send_list
                0x0000480e       0x30 contiki-sky.a(nullrdc.o)
 .text.send_packet
                0x0000483e        0x6 contiki-sky.a(nullrdc.o)
 .text.off      0x00004844       0x10 contiki-sky.a(nullrdc.o)
 .text.packet_input
                0x00004854       0x36 contiki-sky.a(nullrdc.o)
 .text.mac_call_sent_callback
                0x0000488a       0x14 contiki-sky.a(mac.o)
                0x0000488a                mac_call_sent_callback
 .text.parse    0x0000489e       0xaa contiki-sky.a(framer-802154.o)
 .text.create   0x00004948      0x10e contiki-sky.a(framer-802154.o)
 .text.input_packet
                0x00004a56        0x6 contiki-sky.a(csma.o)
 .text.on       0x00004a5c        0x6 contiki-sky.a(csma.o)
 .text.off      0x00004a62        0x6 contiki-sky.a(csma.o)
 .text.channel_check_interval
                0x00004a68       0x10 contiki-sky.a(csma.o)
 .text.transmit_packet_list
                0x00004a78       0x24 contiki-sky.a(csma.o)
 .text.send_packet
                0x00004a9c      0x164 contiki-sky.a(csma.o)
 .text.init     0x00004c00       0x1a contiki-sky.a(csma.o)
 .text.free_packet
                0x00004c1a       0x9c contiki-sky.a(csma.o)
 .text.packet_sent
                0x00004cb6      0x130 contiki-sky.a(csma.o)
 .text.call_process
                0x00004de6       0x4a contiki-sky.a(process.o)
 .text.exit_process
                0x00004e30       0x96 contiki-sky.a(process.o)
 .text.do_poll  0x00004ec6       0x30 contiki-sky.a(process.o)
 .text.process_alloc_event
                0x00004ef6        0xe contiki-sky.a(process.o)
                0x00004ef6                process_alloc_event
 .text.process_init
                0x00004f04       0x1c contiki-sky.a(process.o)
                0x00004f04                process_init
 .text.process_run
                0x00004f20       0xa2 contiki-sky.a(process.o)
                0x00004f20                process_run
 .text.process_nevents
                0x00004fc2        0xe contiki-sky.a(process.o)
                0x00004fc2                process_nevents
 .text.process_post
                0x00004fd0       0x54 contiki-sky.a(process.o)
                0x00004fd0                process_post
 .text.process_post_synch
                0x00005024       0x12 contiki-sky.a(process.o)
                0x00005024                process_post_synch
 .text.process_start
                0x00005036       0x32 contiki-sky.a(process.o)
                0x00005036                process_start
 .text.process_poll
                0x00005068       0x18 contiki-sky.a(process.o)
                0x00005068                process_poll
 .text.autostart_start
                0x00005080       0x16 contiki-sky.a(autostart.o)
                0x00005080                autostart_start
 .text.memb_init
                0x00005096       0x36 contiki-sky.a(memb.o)
                0x00005096                memb_init
 .text.memb_alloc
                0x000050cc       0x3e contiki-sky.a(memb.o)
                0x000050cc                memb_alloc
 .text.memb_free
                0x0000510a       0x3a contiki-sky.a(memb.o)
                0x0000510a                memb_free
 .text.memb_inmemb
                0x00005144       0x2e contiki-sky.a(memb.o)
                0x00005144                memb_inmemb
 .text.timer_set
                0x00005172       0x1c contiki-sky.a(timer.o)
                0x00005172                timer_set
 .text.timer_reset
                0x0000518e        0xe contiki-sky.a(timer.o)
                0x0000518e                timer_reset
 .text.timer_restart
                0x0000519c       0x14 contiki-sky.a(timer.o)
                0x0000519c                timer_restart
 .text.timer_expired
                0x000051b0       0x2a contiki-sky.a(timer.o)
                0x000051b0                timer_expired
 .text.list_init
                0x000051da        0x6 contiki-sky.a(list.o)
                0x000051da                list_init
 .text.list_head
                0x000051e0        0x4 contiki-sky.a(list.o)
                0x000051e0                list_head
 .text.list_tail
                0x000051e4       0x12 contiki-sky.a(list.o)
                0x000051e4                list_tail
 .text.list_remove
                0x000051f6       0x34 contiki-sky.a(list.o)
                0x000051f6                list_remove
 .text.list_push
                0x0000522a       0x1a contiki-sky.a(list.o)
                0x0000522a                list_push
 .text.list_add
                0x00005244       0x2a contiki-sky.a(list.o)
                0x00005244                list_add
 .text.list_length
                0x0000526e       0x10 contiki-sky.a(list.o)
                0x0000526e                list_length
 .text.list_item_next
                0x0000527e        0xc contiki-sky.a(list.o)
                0x0000527e                list_item_next
 .text.update_time
                0x0000528a       0x78 contiki-sky.a(etimer.o)
 .text.etimer_request_poll
                0x00005302        0xa contiki-sky.a(etimer.o)
                0x00005302                etimer_request_poll
 .text.process_thread_etimer_process
                0x0000530c       0xc8 contiki-sky.a(etimer.o)
 .text.add_timer
                0x000053d4       0x40 contiki-sky.a(etimer.o)
 .text.etimer_set
                0x00005414       0x12 contiki-sky.a(etimer.o)
                0x00005414                etimer_set
 .text.etimer_reset
                0x00005426       0x12 contiki-sky.a(etimer.o)
                0x00005426                etimer_reset
 .text.etimer_restart
                0x00005438       0x12 contiki-sky.a(etimer.o)
                0x00005438                etimer_restart
 .text.etimer_expired
                0x0000544a        0xe contiki-sky.a(etimer.o)
                0x0000544a                etimer_expired
 .text.etimer_expiration_time
                0x00005458       0x14 contiki-sky.a(etimer.o)
                0x00005458                etimer_expiration_time
 .text.etimer_pending
                0x0000546c        0xc contiki-sky.a(etimer.o)
                0x0000546c                etimer_pending
 .text.etimer_next_expiration_time
                0x00005478       0x16 contiki-sky.a(etimer.o)
                0x00005478                etimer_next_expiration_time
 .text.etimer_stop
                0x0000548e       0x3c contiki-sky.a(etimer.o)
                0x0000548e                etimer_stop
 .text.process_thread_ctimer_process
                0x000054ca       0xa4 contiki-sky.a(ctimer.o)
 .text.ctimer_init
                0x0000556e       0x18 contiki-sky.a(ctimer.o)
                0x0000556e                ctimer_init
 .text.ctimer_set
                0x00005586       0x5a contiki-sky.a(ctimer.o)
                0x00005586                ctimer_set
 .text.ctimer_reset
                0x000055e0       0x3a contiki-sky.a(ctimer.o)
                0x000055e0                ctimer_reset
 .text.ctimer_stop
                0x0000561a       0x28 contiki-sky.a(ctimer.o)
                0x0000561a                ctimer_stop
 .text.energest_init
                0x00005642       0x28 contiki-sky.a(energest.o)
                0x00005642                energest_init
 .text.energest_type_time
                0x0000566a       0x46 contiki-sky.a(energest.o)
                0x0000566a                energest_type_time
 .text.energest_type_set
                0x000056b0        0xe contiki-sky.a(energest.o)
                0x000056b0                energest_type_set
 .text.energest_flush
                0x000056be       0x48 contiki-sky.a(energest.o)
                0x000056be                energest_flush
 .text.rtimer_init
                0x00005706        0x6 contiki-sky.a(rtimer.o)
                0x00005706                rtimer_init
 .text.rtimer_run_next
                0x0000570c       0x26 contiki-sky.a(rtimer.o)
                0x0000570c                rtimer_run_next
 .text.random_init
                0x00005732        0x6 contiki-sky.a(random.o)
                0x00005732                random_init
 .text.random_rand
                0x00005738        0x6 contiki-sky.a(random.o)
                0x00005738                random_rand
 .text.packetbuf_copyto_hdr
                0x0000573e       0x1c contiki-sky.a(packetbuf.o)
                0x0000573e                packetbuf_copyto_hdr
 .text.packetbuf_copyto
                0x0000575a       0x52 contiki-sky.a(packetbuf.o)
                0x0000575a                packetbuf_copyto
 .text.packetbuf_hdrreduce
                0x000057ac       0x1a contiki-sky.a(packetbuf.o)
                0x000057ac                packetbuf_hdrreduce
 .text.packetbuf_set_datalen
                0x000057c6        0x6 contiki-sky.a(packetbuf.o)
                0x000057c6                packetbuf_set_datalen
 .text.packetbuf_dataptr
                0x000057cc        0xe contiki-sky.a(packetbuf.o)
                0x000057cc                packetbuf_dataptr
 .text.packetbuf_hdrptr
                0x000057da        0xa contiki-sky.a(packetbuf.o)
                0x000057da                packetbuf_hdrptr
 .text.packetbuf_is_reference
                0x000057e4        0xe contiki-sky.a(packetbuf.o)
                0x000057e4                packetbuf_is_reference
 .text.packetbuf_reference_ptr
                0x000057f2        0x6 contiki-sky.a(packetbuf.o)
                0x000057f2                packetbuf_reference_ptr
 .text.packetbuf_datalen
                0x000057f8        0x6 contiki-sky.a(packetbuf.o)
                0x000057f8                packetbuf_datalen
 .text.packetbuf_totlen
                0x000057fe       0x10 contiki-sky.a(packetbuf.o)
                0x000057fe                packetbuf_totlen
 .text.packetbuf_hdralloc
                0x0000580e       0x2e contiki-sky.a(packetbuf.o)
                0x0000580e                packetbuf_hdralloc
 .text.packetbuf_attr_clear
                0x0000583c       0x30 contiki-sky.a(packetbuf.o)
                0x0000583c                packetbuf_attr_clear
 .text.packetbuf_clear
                0x0000586c       0x1a contiki-sky.a(packetbuf.o)
                0x0000586c                packetbuf_clear
 .text.packetbuf_copyfrom
                0x00005886       0x2e contiki-sky.a(packetbuf.o)
                0x00005886                packetbuf_copyfrom
 .text.packetbuf_attr_copyto
                0x000058b4       0x22 contiki-sky.a(packetbuf.o)
                0x000058b4                packetbuf_attr_copyto
 .text.packetbuf_attr_copyfrom
                0x000058d6       0x24 contiki-sky.a(packetbuf.o)
                0x000058d6                packetbuf_attr_copyfrom
 .text.queuebuf_init
                0x000058fa       0x1a contiki-sky.a(queuebuf.o)
                0x000058fa                queuebuf_init
 .text.queuebuf_new_from_packetbuf
                0x00005914       0x7e contiki-sky.a(queuebuf.o)
                0x00005914                queuebuf_new_from_packetbuf
 .text.queuebuf_update_attr_from_packetbuf
                0x00005992       0x12 contiki-sky.a(queuebuf.o)
                0x00005992                queuebuf_update_attr_from_packetbuf
 .text.queuebuf_free
                0x000059a4       0x40 contiki-sky.a(queuebuf.o)
                0x000059a4                queuebuf_free
 .text.queuebuf_to_packetbuf
                0x000059e4       0x6e contiki-sky.a(queuebuf.o)
                0x000059e4                queuebuf_to_packetbuf
 .text.queuebuf_attr
                0x00005a52        0xe contiki-sky.a(queuebuf.o)
                0x00005a52                queuebuf_attr
 .text.set_packet_attrs
                0x00005a60       0x44 contiki-sky.a(sicslowpan.o)
 .text.addr_context_lookup_by_number
                0x00005aa4       0x36 contiki-sky.a(sicslowpan.o)
 .text.compress_addr_64
                0x00005ada       0xae contiki-sky.a(sicslowpan.o)
 .text.uncompress_addr
                0x00005b88       0xb4 contiki-sky.a(sicslowpan.o)
 .text.input    0x00005c3c      0x642 contiki-sky.a(sicslowpan.o)
 .text.sicslowpan_init
                0x0000627e       0x26 contiki-sky.a(sicslowpan.o)
                0x0000627e                sicslowpan_init
 .text.addr_context_lookup_by_prefix
                0x000062a4       0x4c contiki-sky.a(sicslowpan.o)
 .text.send_packet
                0x000062f0       0x1a contiki-sky.a(sicslowpan.o)
 .text.output   0x0000630a      0x700 contiki-sky.a(sicslowpan.o)
 .text.packet_sent
                0x00006a0a       0x22 contiki-sky.a(sicslowpan.o)
 .text.tcpip_output
                0x00006a2c       0x10 contiki-sky.a(tcpip.o)
                0x00006a2c                tcpip_output
 .text.tcpip_set_outputfunc
                0x00006a3c        0x6 contiki-sky.a(tcpip.o)
                0x00006a3c                tcpip_set_outputfunc
 .text.udp_new  0x00006a42       0x1a contiki-sky.a(tcpip.o)
                0x00006a42                udp_new
 .text.tcpip_input
                0x00006a5c       0x16 contiki-sky.a(tcpip.o)
                0x00006a5c                tcpip_input
 .text.tcpip_ipv6_output
                0x00006a72      0x148 contiki-sky.a(tcpip.o)
                0x00006a72                tcpip_ipv6_output
 .text.process_thread_tcpip_process
                0x00006bba       0xd0 contiki-sky.a(tcpip.o)
 .text.tcpip_uipcall
                0x00006c8a       0x2a contiki-sky.a(tcpip.o)
                0x00006c8a                tcpip_uipcall
 .text.call_route_callback
                0x00006cb4       0x4c contiki-sky.a(uip-ds6-route.o)
 .text.uip_ds6_route_init
                0x00006d00       0x2e contiki-sky.a(uip-ds6-route.o)
                0x00006d00                uip_ds6_route_init
 .text.uip_ds6_route_nexthop
                0x00006d2e       0x1a contiki-sky.a(uip-ds6-route.o)
                0x00006d2e                uip_ds6_route_nexthop
 .text.uip_ds6_route_head
                0x00006d48       0x28 contiki-sky.a(uip-ds6-route.o)
                0x00006d48                uip_ds6_route_head
 .text.uip_ds6_route_next
                0x00006d70       0x3a contiki-sky.a(uip-ds6-route.o)
                0x00006d70                uip_ds6_route_next
 .text.uip_ds6_route_lookup
                0x00006daa       0x5e contiki-sky.a(uip-ds6-route.o)
                0x00006daa                uip_ds6_route_lookup
 .text.uip_ds6_route_add
                0x00006e08       0xb4 contiki-sky.a(uip-ds6-route.o)
                0x00006e08                uip_ds6_route_add
 .text.uip_ds6_route_rm
                0x00006ebc       0x60 contiki-sky.a(uip-ds6-route.o)
                0x00006ebc                uip_ds6_route_rm
 .text.rm_routelist
                0x00006f1c       0x30 contiki-sky.a(uip-ds6-route.o)
 .text.rm_routelist_callback
                0x00006f4c        0x6 contiki-sky.a(uip-ds6-route.o)
 .text.uip_ds6_defrt_rm
                0x00006f52       0x48 contiki-sky.a(uip-ds6-route.o)
                0x00006f52                uip_ds6_defrt_rm
 .text.uip_ds6_defrt_lookup
                0x00006f9a       0x36 contiki-sky.a(uip-ds6-route.o)
                0x00006f9a                uip_ds6_defrt_lookup
 .text.uip_ds6_defrt_add
                0x00006fd0       0x74 contiki-sky.a(uip-ds6-route.o)
                0x00006fd0                uip_ds6_defrt_add
 .text.uip_ds6_defrt_choose
                0x00007044       0x3a contiki-sky.a(uip-ds6-route.o)
                0x00007044                uip_ds6_defrt_choose
 .text.uip_ds6_defrt_periodic
                0x0000707e       0x38 contiki-sky.a(uip-ds6-route.o)
                0x0000707e                uip_ds6_defrt_periodic
 .text.uip_ds6_nbr_rm
                0x000070b6       0x1a contiki-sky.a(uip-ds6-nbr.o)
                0x000070b6                uip_ds6_nbr_rm
 .text.uip_ds6_neighbors_init
                0x000070d0        0xe contiki-sky.a(uip-ds6-nbr.o)
                0x000070d0                uip_ds6_neighbors_init
 .text.uip_ds6_nbr_add
                0x000070de       0x60 contiki-sky.a(uip-ds6-nbr.o)
                0x000070de                uip_ds6_nbr_add
 .text.uip_ds6_nbr_get_ll
                0x0000713e        0xc contiki-sky.a(uip-ds6-nbr.o)
                0x0000713e                uip_ds6_nbr_get_ll
 .text.uip_ds6_nbr_lookup
                0x0000714a       0x42 contiki-sky.a(uip-ds6-nbr.o)
                0x0000714a                uip_ds6_nbr_lookup
 .text.uip_ds6_nbr_ll_lookup
                0x0000718c        0xc contiki-sky.a(uip-ds6-nbr.o)
                0x0000718c                uip_ds6_nbr_ll_lookup
 .text.uip_ds6_nbr_ipaddr_from_lladdr
                0x00007198        0x6 contiki-sky.a(uip-ds6-nbr.o)
                0x00007198                uip_ds6_nbr_ipaddr_from_lladdr
 .text.uip_ds6_nbr_lladdr_from_ipaddr
                0x0000719e       0x12 contiki-sky.a(uip-ds6-nbr.o)
                0x0000719e                uip_ds6_nbr_lladdr_from_ipaddr
 .text.uip_ds6_link_neighbor_callback
                0x000071b0       0x2a contiki-sky.a(uip-ds6-nbr.o)
                0x000071b0                uip_ds6_link_neighbor_callback
 .text.uip_ds6_neighbor_periodic
                0x000071da       0xfc contiki-sky.a(uip-ds6-nbr.o)
                0x000071da                uip_ds6_neighbor_periodic
 .text.uip_ds6_list_loop
                0x000072d6       0x86 contiki-sky.a(uip-ds6.o)
                0x000072d6                uip_ds6_list_loop
 .text.uip_ds6_prefix_add
                0x0000735c       0x80 contiki-sky.a(uip-ds6.o)
                0x0000735c                uip_ds6_prefix_add
 .text.uip_ds6_is_addr_onlink
                0x000073dc       0x54 contiki-sky.a(uip-ds6.o)
                0x000073dc                uip_ds6_is_addr_onlink
 .text.uip_ds6_addr_lookup
                0x00007430       0x2a contiki-sky.a(uip-ds6.o)
                0x00007430                uip_ds6_addr_lookup
 .text.uip_ds6_get_link_local
                0x0000745a       0x3e contiki-sky.a(uip-ds6.o)
                0x0000745a                uip_ds6_get_link_local
 .text.uip_ds6_maddr_add
                0x00007498       0x4c contiki-sky.a(uip-ds6.o)
                0x00007498                uip_ds6_maddr_add
 .text.uip_ds6_addr_add
                0x000074e4       0xc4 contiki-sky.a(uip-ds6.o)
                0x000074e4                uip_ds6_addr_add
 .text.uip_ds6_maddr_lookup
                0x000075a8       0x2a contiki-sky.a(uip-ds6.o)
                0x000075a8                uip_ds6_maddr_lookup
 .text.uip_ds6_addr_rm
                0x000075d2       0x54 contiki-sky.a(uip-ds6.o)
                0x000075d2                uip_ds6_addr_rm
 .text.uip_ds6_periodic
                0x00007626       0x4a contiki-sky.a(uip-ds6.o)
                0x00007626                uip_ds6_periodic
 .text.uip_ds6_set_addr_iid
                0x00007670       0x14 contiki-sky.a(uip-ds6.o)
                0x00007670                uip_ds6_set_addr_iid
 .text.get_match_length
                0x00007684       0x3e contiki-sky.a(uip-ds6.o)
                0x00007684                get_match_length
 .text.uip_ds6_select_src
                0x000076c2       0xaa contiki-sky.a(uip-ds6.o)
                0x000076c2                uip_ds6_select_src
 .text.uip_ds6_compute_reachable_time
                0x0000776c       0x3e contiki-sky.a(uip-ds6.o)
                0x0000776c                uip_ds6_compute_reachable_time
 .text.uip_ds6_init
                0x000077aa      0x154 contiki-sky.a(uip-ds6.o)
                0x000077aa                uip_ds6_init
 .text.create_llao
                0x000078fe       0x2c contiki-sky.a(uip-nd6.o)
 .text.uip_nd6_ns_input
                0x0000792a      0x230 contiki-sky.a(uip-nd6.o)
                0x0000792a                uip_nd6_ns_input
 .text.uip_nd6_ns_output
                0x00007b5a      0x158 contiki-sky.a(uip-nd6.o)
                0x00007b5a                uip_nd6_ns_output
 .text.uip_nd6_na_input
                0x00007cb2      0x1b6 contiki-sky.a(uip-nd6.o)
                0x00007cb2                uip_nd6_na_input
 .text.chksum   0x00007e68       0x32 contiki-sky.a(uip6.o)
 .text.upper_layer_chksum
                0x00007e9a       0x56 contiki-sky.a(uip6.o)
 .text.ext_hdr_options_process
                0x00007ef0       0xda contiki-sky.a(uip6.o)
 .text.uip_icmp6chksum
                0x00007fca        0xa contiki-sky.a(uip6.o)
                0x00007fca                uip_icmp6chksum
 .text.uip_udpchksum
                0x00007fd4        0xa contiki-sky.a(uip6.o)
                0x00007fd4                uip_udpchksum
 .text.uip_init
                0x00007fde       0x3a contiki-sky.a(uip6.o)
                0x00007fde                uip_init
 .text.remove_ext_hdr
                0x00008018       0x5a contiki-sky.a(uip6.o)
                0x00008018                remove_ext_hdr
 .text.uip_udp_new
                0x00008072       0xf4 contiki-sky.a(uip6.o)
                0x00008072                uip_udp_new
 .text.uip_process
                0x00008166      0x4d8 contiki-sky.a(uip6.o)
                0x00008166                uip_process
 .text.uip_htonl
                0x0000863e       0x2e contiki-sky.a(uip6.o)
                0x0000863e                uip_htonl
 .text.coap_parse_int_option
                0x0000866c       0x46 contiki-sky.a(er-coap-13.o)
 .text.coap_set_option_header
                0x000086b2       0xa6 contiki-sky.a(er-coap-13.o)
 .text.coap_serialize_int_option
                0x00008758       0xda contiki-sky.a(er-coap-13.o)
 .text.coap_get_variable
                0x00008832       0xbe contiki-sky.a(er-coap-13.o)
 .text.coap_serialize_array_option
                0x000088f0       0xe4 contiki-sky.a(er-coap-13.o)
 .text.coap_merge_multi_option.part.1
                0x000089d4       0x34 contiki-sky.a(er-coap-13.o)
 .text.coap_init_connection
                0x00008a08       0x22 contiki-sky.a(er-coap-13.o)
                0x00008a08                coap_init_connection
 .text.coap_get_mid
                0x00008a2a        0xc contiki-sky.a(er-coap-13.o)
                0x00008a2a                coap_get_mid
 .text.coap_init_message
                0x00008a36       0x30 contiki-sky.a(er-coap-13.o)
                0x00008a36                coap_init_message
 .text.coap_serialize_message
                0x00008a66      0x434 contiki-sky.a(er-coap-13.o)
                0x00008a66                coap_serialize_message
 .text.coap_send_message
                0x00008e9a       0x4a contiki-sky.a(er-coap-13.o)
                0x00008e9a                coap_send_message
 .text.coap_parse_message
                0x00008ee4      0x4b4 contiki-sky.a(er-coap-13.o)
                0x00008ee4                coap_parse_message
 .text.coap_get_query_variable
                0x00009398       0x1c contiki-sky.a(er-coap-13.o)
                0x00009398                coap_get_query_variable
 .text.coap_get_post_variable
                0x000093b4       0x20 contiki-sky.a(er-coap-13.o)
                0x000093b4                coap_get_post_variable
 .text.coap_set_status_code
                0x000093d4       0x12 contiki-sky.a(er-coap-13.o)
                0x000093d4                coap_set_status_code
 .text.coap_get_header_content_type
                0x000093e6       0x14 contiki-sky.a(er-coap-13.o)
                0x000093e6                coap_get_header_content_type
 .text.coap_set_header_content_type
                0x000093fa        0xe contiki-sky.a(er-coap-13.o)
                0x000093fa                coap_set_header_content_type
 .text.coap_get_header_accept
                0x00009408       0x1c contiki-sky.a(er-coap-13.o)
                0x00009408                coap_get_header_accept
 .text.coap_get_header_max_age
                0x00009424       0x26 contiki-sky.a(er-coap-13.o)
                0x00009424                coap_get_header_max_age
 .text.coap_set_header_max_age
                0x0000944a       0x12 contiki-sky.a(er-coap-13.o)
                0x0000944a                coap_set_header_max_age
 .text.coap_set_header_etag
                0x0000945c       0x2a contiki-sky.a(er-coap-13.o)
                0x0000945c                coap_set_header_etag
 .text.coap_get_header_if_match
                0x00009486       0x1c contiki-sky.a(er-coap-13.o)
                0x00009486                coap_get_header_if_match
 .text.coap_get_header_if_none_match
                0x000094a2       0x10 contiki-sky.a(er-coap-13.o)
                0x000094a2                coap_get_header_if_none_match
 .text.coap_set_header_token
                0x000094b2       0x24 contiki-sky.a(er-coap-13.o)
                0x000094b2                coap_set_header_token
 .text.coap_get_header_uri_host
                0x000094d6       0x18 contiki-sky.a(er-coap-13.o)
                0x000094d6                coap_get_header_uri_host
 .text.coap_get_header_uri_path
                0x000094ee       0x18 contiki-sky.a(er-coap-13.o)
                0x000094ee                coap_get_header_uri_path
 .text.coap_set_header_uri_path
                0x00009506       0x2a contiki-sky.a(er-coap-13.o)
                0x00009506                coap_set_header_uri_path
 .text.coap_get_header_uri_query
                0x00009530       0x16 contiki-sky.a(er-coap-13.o)
                0x00009530                coap_get_header_uri_query
 .text.coap_set_header_location_query
                0x00009546       0x2c contiki-sky.a(er-coap-13.o)
                0x00009546                coap_set_header_location_query
 .text.coap_set_header_location_path
                0x00009572       0x88 contiki-sky.a(er-coap-13.o)
                0x00009572                coap_set_header_location_path
 .text.coap_set_header_observe
                0x000095fa        0xe contiki-sky.a(er-coap-13.o)
                0x000095fa                coap_set_header_observe
 .text.coap_get_header_block2
                0x00009608       0x4c contiki-sky.a(er-coap-13.o)
                0x00009608                coap_get_header_block2
 .text.coap_set_header_block2
                0x00009654       0x40 contiki-sky.a(er-coap-13.o)
                0x00009654                coap_set_header_block2
 .text.coap_get_header_size
                0x00009694       0x1e contiki-sky.a(er-coap-13.o)
                0x00009694                coap_get_header_size
 .text.coap_set_header_size
                0x000096b2       0x12 contiki-sky.a(er-coap-13.o)
                0x000096b2                coap_set_header_size
 .text.coap_get_payload
                0x000096c4       0x1a contiki-sky.a(er-coap-13.o)
                0x000096c4                coap_get_payload
 .text.coap_set_payload
                0x000096de       0x16 contiki-sky.a(er-coap-13.o)
                0x000096de                coap_set_payload
 .text.coap_set_service_callback
                0x000096f4        0x6 contiki-sky.a(er-coap-13-engi)
                0x000096f4                coap_set_service_callback
 .text.coap_get_rest_method
                0x000096fa       0x1a contiki-sky.a(er-coap-13-engi)
                0x000096fa                coap_get_rest_method
 .text.process_thread_coap_receiver
                0x00009714      0x3e6 contiki-sky.a(er-coap-13-engi)
 .text.well_known_core_handler
                0x00009afa      0x420 contiki-sky.a(er-coap-13-engi)
                0x00009afa                well_known_core_handler
 .text.coap_receiver_init
                0x00009f1a        0xc contiki-sky.a(er-coap-13-engi)
                0x00009f1a                coap_receiver_init
 .text.coap_register_as_transaction_handler
                0x00009f26        0x8 contiki-sky.a(er-coap-13-tran)
                0x00009f26                coap_register_as_transaction_handler
 .text.coap_new_transaction
                0x00009f2e       0x4e contiki-sky.a(er-coap-13-tran)
                0x00009f2e                coap_new_transaction
 .text.coap_clear_transaction
                0x00009f7c       0x26 contiki-sky.a(er-coap-13-tran)
                0x00009f7c                coap_clear_transaction
 .text.coap_send_transaction
                0x00009fa2       0xc8 contiki-sky.a(er-coap-13-tran)
                0x00009fa2                coap_send_transaction
 .text.coap_get_transaction_by_mid
                0x0000a06a       0x1e contiki-sky.a(er-coap-13-tran)
                0x0000a06a                coap_get_transaction_by_mid
 .text.coap_check_transactions
                0x0000a088       0x2e contiki-sky.a(er-coap-13-tran)
                0x0000a088                coap_check_transactions
 .text.coap_remove_observer
                0x0000a0b6       0x1c contiki-sky.a(er-coap-13-obse)
                0x0000a0b6                coap_remove_observer
 .text.coap_remove_observer_by_client
                0x0000a0d2       0x4c contiki-sky.a(er-coap-13-obse)
                0x0000a0d2                coap_remove_observer_by_client
 .text.coap_remove_observer_by_url
                0x0000a11e       0x7e contiki-sky.a(er-coap-13-obse)
                0x0000a11e                coap_remove_observer_by_url
 .text.coap_add_observer
                0x0000a19c       0x80 contiki-sky.a(er-coap-13-obse)
                0x0000a19c                coap_add_observer
 .text.coap_remove_observer_by_mid
                0x0000a21c       0x58 contiki-sky.a(er-coap-13-obse)
                0x0000a21c                coap_remove_observer_by_mid
 .text.coap_notify_observers
                0x0000a274       0xc4 contiki-sky.a(er-coap-13-obse)
                0x0000a274                coap_notify_observers
 .text.coap_observe_handler
                0x0000a338       0x98 contiki-sky.a(er-coap-13-obse)
                0x0000a338                coap_observe_handler
 .text.process_thread_rest_manager_process
                0x0000a3d0       0xc4 contiki-sky.a(erbium.o)
 .text.rest_invoke_restful_service
                0x0000a494      0x10e contiki-sky.a(erbium.o)
                0x0000a494                rest_invoke_restful_service
 .text.rest_init_engine
                0x0000a5a2       0x26 contiki-sky.a(erbium.o)
                0x0000a5a2                rest_init_engine
 .text.rest_activate_resource
                0x0000a5c8       0x24 contiki-sky.a(erbium.o)
                0x0000a5c8                rest_activate_resource
 .text.rest_activate_periodic_resource
                0x0000a5ec       0x24 contiki-sky.a(erbium.o)
                0x0000a5ec                rest_activate_periodic_resource
 .text.rest_get_resources
                0x0000a610        0x6 contiki-sky.a(erbium.o)
                0x0000a610                rest_get_resources
 .text.init_platform
                0x0000a616        0xc contiki-sky.a(contiki-sky-pla)
                0x0000a616                init_platform
 .text.status   0x0000a622       0x16 contiki-sky.a(button-sensor.o)
 .text.configure
                0x0000a638       0x52 contiki-sky.a(button-sensor.o)
 .text.value    0x0000a68a       0x22 contiki-sky.a(button-sensor.o)
 .text.irq_p2   0x0000a6ac       0x8a contiki-sky.a(button-sensor.o)
                0x0000a6ac                irq_p2
                0x0000a6ac                __isr_1
 .text.owreadb  0x0000a736       0x52 contiki-sky.a(ds2411.o)
 .text.ds2411_init
                0x0000a788      0x122 contiki-sky.a(ds2411.o)
                0x0000a788                ds2411_init
 .text.wait_ready
                0x0000a8aa       0x50 contiki-sky.a(xmem.o)
 .text.xmem_init
                0x0000a8fa       0x3e contiki-sky.a(xmem.o)
                0x0000a8fa                xmem_init
 .text.xmem_pread
                0x0000a938       0xea contiki-sky.a(xmem.o)
                0x0000a938                xmem_pread
 .text.node_id_restore
                0x0000aa22       0x38 contiki-sky.a(node-id.o)
                0x0000aa22                node_id_restore
 .text.process_thread_sensors_process
                0x0000aa5a       0xbe contiki-sky.a(sensors.o)
 .text.sensors_changed
                0x0000ab18       0x2a contiki-sky.a(sensors.o)
                0x0000ab18                sensors_changed
 .text.strobe   0x0000ab42       0x20 contiki-sky.a(cc2420.o)
 .text.status   0x0000ab62       0x26 contiki-sky.a(cc2420.o)
 .text.getreg   0x0000ab88       0x54 contiki-sky.a(cc2420.o)
 .text.setreg   0x0000abdc       0x52 contiki-sky.a(cc2420.o)
 .text.set_txpower
                0x0000ac2e       0x26 contiki-sky.a(cc2420.o)
 .text.cc2420_receiving_packet
                0x0000ac54        0xe contiki-sky.a(cc2420.o)
 .text.pending_packet
                0x0000ac62        0x8 contiki-sky.a(cc2420.o)
 .text.on       0x0000ac6a       0x40 contiki-sky.a(cc2420.o)
 .text.flushrx  0x0000acaa       0x7a contiki-sky.a(cc2420.o)
 .text.off      0x0000ad24       0x72 contiki-sky.a(cc2420.o)
 .text.RELEASE_LOCK
                0x0000ad96       0x28 contiki-sky.a(cc2420.o)
 .text.cc2420_prepare
                0x0000adbe       0x8a contiki-sky.a(cc2420.o)
 .text.getrxdata
                0x0000ae48       0x56 contiki-sky.a(cc2420.o)
 .text.cc2420_on
                0x0000ae9e       0x22 contiki-sky.a(cc2420.o)
                0x0000ae9e                cc2420_on
 .text.cc2420_off
                0x0000aec0       0x30 contiki-sky.a(cc2420.o)
                0x0000aec0                cc2420_off
 .text.cc2420_cca
                0x0000aef0       0x74 contiki-sky.a(cc2420.o)
 .text.cc2420_read
                0x0000af64       0xe6 contiki-sky.a(cc2420.o)
 .text.process_thread_cc2420_process
                0x0000b04a       0x50 contiki-sky.a(cc2420.o)
 .text.cc2420_set_channel
                0x0000b09a       0x78 contiki-sky.a(cc2420.o)
                0x0000b09a                cc2420_set_channel
 .text.cc2420_set_pan_addr
                0x0000b112      0x14a contiki-sky.a(cc2420.o)
                0x0000b112                cc2420_set_pan_addr
 .text.cc2420_init
                0x0000b25c       0xd0 contiki-sky.a(cc2420.o)
                0x0000b25c                cc2420_init
 .text.cc2420_interrupt
                0x0000b32c       0x20 contiki-sky.a(cc2420.o)
                0x0000b32c                cc2420_interrupt
 .text.cc2420_get_txpower
                0x0000b34c       0x1e contiki-sky.a(cc2420.o)
                0x0000b34c                cc2420_get_txpower
 .text.cc2420_transmit
                0x0000b36a      0x1a0 contiki-sky.a(cc2420.o)
 .text.cc2420_send
                0x0000b50a       0x12 contiki-sky.a(cc2420.o)
 .text.cc2420_port1_interrupt
                0x0000b51c       0x62 contiki-sky.a(cc2420-arch.o)
                0x0000b51c                __isr_4
                0x0000b51c                cc2420_port1_interrupt
 .text.cc2420_arch_init
                0x0000b57e       0x1a contiki-sky.a(cc2420-arch.o)
                0x0000b57e                cc2420_arch_init
 .text.uart1_active
                0x0000b598       0x1a contiki-sky.a(uart1.o)
                0x0000b598                uart1_active
 .text.uart1_writeb
                0x0000b5b2       0x1a contiki-sky.a(uart1.o)
                0x0000b5b2                uart1_writeb
 .text.uart1_init
                0x0000b5cc       0xf6 contiki-sky.a(uart1.o)
                0x0000b5cc                uart1_init
 .text.putchar  0x0000b6c2       0x10 contiki-sky.a(uart1-putchar.o)
                0x0000b6c2                putchar
 .text.msp430_init_dco
                0x0000b6d2       0x84 contiki-sky.a(msp430.o)
                0x0000b6d2                msp430_init_dco
 .text.msp430_add_lpm_req
                0x0000b756        0xc contiki-sky.a(msp430.o)
                0x0000b756                msp430_add_lpm_req
 .text.msp430_cpu_init
                0x0000b762       0x2a contiki-sky.a(msp430.o)
                0x0000b762                msp430_cpu_init
 .text.splhigh_
                0x0000b78c        0x8 contiki-sky.a(msp430.o)
                0x0000b78c                splhigh_
 .text.msp430_sync_dco
                0x0000b794       0x68 contiki-sky.a(msp430.o)
                0x0000b794                msp430_sync_dco
 .text.timera1  0x0000b7fc       0xfe contiki-sky.a(clock.o)
                0x0000b7fc                __isr_5
                0x0000b7fc                timera1
 .text.clock_time
                0x0000b8fa       0x1a contiki-sky.a(clock.o)
                0x0000b8fa                clock_time
 .text.clock_init
                0x0000b914       0x28 contiki-sky.a(clock.o)
                0x0000b914                clock_init
 .text.clock_delay
                0x0000b93c        0xc contiki-sky.a(clock.o)
                0x0000b93c                clock_delay
 .text.clock_seconds
                0x0000b948       0x1a contiki-sky.a(clock.o)
                0x0000b948                clock_seconds
 .text.show_leds
                0x0000b962      0x100 contiki-sky.a(leds.o)
 .text.leds_init
                0x0000ba62        0xe contiki-sky.a(leds.o)
                0x0000ba62                leds_init
 .text.leds_on  0x0000ba70       0x14 contiki-sky.a(leds.o)
                0x0000ba70                leds_on
 .text.leds_off
                0x0000ba84       0x14 contiki-sky.a(leds.o)
                0x0000ba84                leds_off
 .text.leds_arch_init
                0x0000ba98        0xe contiki-sky.a(leds-arch.o)
                0x0000ba98                leds_arch_init
 .text.leds_arch_set
                0x0000baa6       0x3a contiki-sky.a(leds-arch.o)
                0x0000baa6                leds_arch_set
 .text.watchdog_interrupt
                0x0000bae0        0x6 contiki-sky.a(watchdog.o)
                0x0000bae0                __isr_10
                0x0000bae0                watchdog_interrupt
 .text.watchdog_start
                0x0000bae6       0x14 contiki-sky.a(watchdog.o)
                0x0000bae6                watchdog_start
 .text.watchdog_periodic
                0x0000bafa       0x12 contiki-sky.a(watchdog.o)
                0x0000bafa                watchdog_periodic
 .text.watchdog_stop
                0x0000bb0c       0x16 contiki-sky.a(watchdog.o)
                0x0000bb0c                watchdog_stop
 .text.watchdog_init
                0x0000bb22       0x14 contiki-sky.a(watchdog.o)
                0x0000bb22                watchdog_init
 .text.rtimer_arch_init
                0x0000bb36        0xe contiki-sky.a(rtimer-arch.o)
                0x0000bb36                rtimer_arch_init
 .text.rtimer_arch_now
                0x0000bb44        0xe contiki-sky.a(rtimer-arch.o)
                0x0000bb44                rtimer_arch_now
 .text.timera0  0x0000bb52       0x70 contiki-sky.a(rtimer-arch.o)
                0x0000bb52                __isr_6
                0x0000bb52                timera0
 .text.rtimer_arch_schedule
                0x0000bbc2        0x6 contiki-sky.a(rtimer-arch.o)
                0x0000bbc2                rtimer_arch_schedule
 .text.field_len
                0x0000bbc8       0x98 contiki-sky.a(frame802154.o)
 .text.frame802154_hdrlen
                0x0000bc60       0x2e contiki-sky.a(frame802154.o)
                0x0000bc60                frame802154_hdrlen
 .text.frame802154_create
                0x0000bc8e      0x172 contiki-sky.a(frame802154.o)
                0x0000bc8e                frame802154_create
 .text.frame802154_parse
                0x0000be00      0x1e8 contiki-sky.a(frame802154.o)
                0x0000be00                frame802154_parse
 .text.rpl_purge_routes
                0x0000bfe8       0x96 contiki-sky.a(rpl.o)
                0x0000bfe8                rpl_purge_routes
 .text.rpl_remove_routes
                0x0000c07e       0x22 contiki-sky.a(rpl.o)
                0x0000c07e                rpl_remove_routes
 .text.rpl_remove_routes_by_nexthop
                0x0000c0a0       0x46 contiki-sky.a(rpl.o)
                0x0000c0a0                rpl_remove_routes_by_nexthop
 .text.rpl_add_route
                0x0000c0e6       0x44 contiki-sky.a(rpl.o)
                0x0000c0e6                rpl_add_route
 .text.rpl_link_neighbor_callback
                0x0000c12a       0x6a contiki-sky.a(rpl.o)
                0x0000c12a                rpl_link_neighbor_callback
 .text.rpl_ipv6_neighbor_callback
                0x0000c194       0x1e contiki-sky.a(rpl.o)
                0x0000c194                rpl_ipv6_neighbor_callback
 .text.rpl_init
                0x0000c1b2       0x40 contiki-sky.a(rpl.o)
                0x0000c1b2                rpl_init
 .text.lollipop_greater_than
                0x0000c1f2       0x44 contiki-sky.a(rpl-dag.o)
 .text.acceptable_rank
                0x0000c236       0x50 contiki-sky.a(rpl-dag.o)
 .text.find_parent_any_dag_any_instance
                0x0000c286       0x14 contiki-sky.a(rpl-dag.o)
 .text.rpl_set_preferred_parent
                0x0000c29a       0x30 contiki-sky.a(rpl-dag.o)
 .text.set_ip_from_prefix
                0x0000c2ca       0x38 contiki-sky.a(rpl-dag.o)
 .text.check_prefix
                0x0000c302       0x80 contiki-sky.a(rpl-dag.o)
 .text.rpl_dag_init
                0x0000c382        0xe contiki-sky.a(rpl-dag.o)
                0x0000c382                rpl_dag_init
 .text.rpl_get_parent_ipaddr
                0x0000c390       0x10 contiki-sky.a(rpl-dag.o)
                0x0000c390                rpl_get_parent_ipaddr
 .text.rpl_set_prefix
                0x0000c3a0       0x8e contiki-sky.a(rpl-dag.o)
                0x0000c3a0                rpl_set_prefix
 .text.rpl_set_default_route
                0x0000c42e       0x5a contiki-sky.a(rpl-dag.o)
                0x0000c42e                rpl_set_default_route
 .text.rpl_alloc_instance
                0x0000c488       0x2c contiki-sky.a(rpl-dag.o)
                0x0000c488                rpl_alloc_instance
 .text.rpl_add_parent
                0x0000c4b4       0x3c contiki-sky.a(rpl-dag.o)
                0x0000c4b4                rpl_add_parent
 .text.rpl_find_parent
                0x0000c4f0       0x1a contiki-sky.a(rpl-dag.o)
                0x0000c4f0                rpl_find_parent
 .text.rpl_find_parent_any_dag
                0x0000c50a       0x22 contiki-sky.a(rpl-dag.o)
                0x0000c50a                rpl_find_parent_any_dag
 .text.rpl_select_parent
                0x0000c52c       0x5c contiki-sky.a(rpl-dag.o)
                0x0000c52c                rpl_select_parent
 .text.rpl_select_dag
                0x0000c588      0x182 contiki-sky.a(rpl-dag.o)
                0x0000c588                rpl_select_dag
 .text.rpl_nullify_parent
                0x0000c70a       0x4e contiki-sky.a(rpl-dag.o)
                0x0000c70a                rpl_nullify_parent
 .text.rpl_remove_parent
                0x0000c758       0x16 contiki-sky.a(rpl-dag.o)
                0x0000c758                rpl_remove_parent
 .text.remove_parents.constprop.2
                0x0000c76e       0x32 contiki-sky.a(rpl-dag.o)
 .text.rpl_free_dag
                0x0000c7a0       0x36 contiki-sky.a(rpl-dag.o)
                0x0000c7a0                rpl_free_dag
 .text.rpl_free_instance
                0x0000c7d6       0x5c contiki-sky.a(rpl-dag.o)
                0x0000c7d6                rpl_free_instance
 .text.rpl_move_parent
                0x0000c832       0x6e contiki-sky.a(rpl-dag.o)
                0x0000c832                rpl_move_parent
 .text.rpl_get_any_dag
                0x0000c8a0       0x18 contiki-sky.a(rpl-dag.o)
                0x0000c8a0                rpl_get_any_dag
 .text.rpl_get_instance
                0x0000c8b8       0x1a contiki-sky.a(rpl-dag.o)
                0x0000c8b8                rpl_get_instance
 .text.get_dag  0x0000c8d2       0x56 contiki-sky.a(rpl-dag.o)
 .text.rpl_alloc_dag
                0x0000c928       0x66 contiki-sky.a(rpl-dag.o)
                0x0000c928                rpl_alloc_dag
 .text.rpl_repair_root
                0x0000c98e       0x50 contiki-sky.a(rpl-dag.o)
                0x0000c98e                rpl_repair_root
 .text.rpl_find_of
                0x0000c9de       0x10 contiki-sky.a(rpl-dag.o)
                0x0000c9de                rpl_find_of
 .text.rpl_join_instance
                0x0000c9ee      0x13c contiki-sky.a(rpl-dag.o)
                0x0000c9ee                rpl_join_instance
 .text.rpl_local_repair
                0x0000cb2a       0x7c contiki-sky.a(rpl-dag.o)
                0x0000cb2a                rpl_local_repair
 .text.rpl_process_parent_event
                0x0000cba6       0x4e contiki-sky.a(rpl-dag.o)
                0x0000cba6                rpl_process_parent_event
 .text.rpl_recalculate_ranks
                0x0000cbf4       0x42 contiki-sky.a(rpl-dag.o)
                0x0000cbf4                rpl_recalculate_ranks
 .text.rpl_add_dag
                0x0000cc36      0x112 contiki-sky.a(rpl-dag.o)
                0x0000cc36                rpl_add_dag
 .text.rpl_process_dio
                0x0000cd48      0x26c contiki-sky.a(rpl-dag.o)
                0x0000cd48                rpl_process_dio
 .text.get32    0x0000cfb4       0x46 contiki-sky.a(rpl-icmp6.o)
 .text.set32    0x0000cffa       0x2a contiki-sky.a(rpl-icmp6.o)
 .text.get16    0x0000d024        0xe contiki-sky.a(rpl-icmp6.o)
 .text.set16    0x0000d032       0x10 contiki-sky.a(rpl-icmp6.o)
 .text.dis_output
                0x0000d042       0x50 contiki-sky.a(rpl-icmp6.o)
                0x0000d042                dis_output
 .text.dio_output
                0x0000d092      0x264 contiki-sky.a(rpl-icmp6.o)
                0x0000d092                dio_output
 .text.dao_output_target
                0x0000d2f6       0xe2 contiki-sky.a(rpl-icmp6.o)
                0x0000d2f6                dao_output_target
 .text.dao_output
                0x0000d3d8       0x80 contiki-sky.a(rpl-icmp6.o)
                0x0000d3d8                dao_output
 .text.dao_ack_output
                0x0000d458       0x32 contiki-sky.a(rpl-icmp6.o)
                0x0000d458                dao_ack_output
 .text.uip_rpl_input
                0x0000d48a      0x538 contiki-sky.a(rpl-icmp6.o)
                0x0000d48a                uip_rpl_input
 .text.new_dio_interval
                0x0000d9c2       0x92 contiki-sky.a(rpl-timers.o)
 .text.handle_periodic_timer
                0x0000da54       0x2e contiki-sky.a(rpl-timers.o)
 .text.handle_dao_timer
                0x0000da82       0x50 contiki-sky.a(rpl-timers.o)
 .text.handle_dio_timer
                0x0000dad2       0x82 contiki-sky.a(rpl-timers.o)
 .text.rpl_reset_periodic_timer
                0x0000db54       0x60 contiki-sky.a(rpl-timers.o)
                0x0000db54                rpl_reset_periodic_timer
 .text.rpl_reset_dio_timer
                0x0000dbb4       0x18 contiki-sky.a(rpl-timers.o)
                0x0000dbb4                rpl_reset_dio_timer
 .text.rpl_schedule_dao
                0x0000dbcc       0x50 contiki-sky.a(rpl-timers.o)
                0x0000dbcc                rpl_schedule_dao
 .text.reset    0x0000dc1c        0x2 contiki-sky.a(rpl-mrhof.o)
 .text.neighbor_link_callback
                0x0000dc1e       0x8a contiki-sky.a(rpl-mrhof.o)
 .text.calculate_rank
                0x0000dca8       0x30 contiki-sky.a(rpl-mrhof.o)
 .text.best_parent
                0x0000dcd8       0x52 contiki-sky.a(rpl-mrhof.o)
 .text.update_metric_container
                0x0000dd2a        0x6 contiki-sky.a(rpl-mrhof.o)
 .text.best_dag
                0x0000dd30       0x34 contiki-sky.a(rpl-mrhof.o)
 .text.rpl_verify_header
                0x0000dd64       0xbc contiki-sky.a(rpl-ext-header.)
                0x0000dd64                rpl_verify_header
 .text.rpl_update_header_empty
                0x0000de20       0xf0 contiki-sky.a(rpl-ext-header.)
                0x0000de20                rpl_update_header_empty
 .text.rpl_update_header_final
                0x0000df10       0x86 contiki-sky.a(rpl-ext-header.)
                0x0000df10                rpl_update_header_final
 .text.rpl_invert_header
                0x0000df96       0x4c contiki-sky.a(rpl-ext-header.)
                0x0000df96                rpl_invert_header
 .text.rpl_insert_header
                0x0000dfe2       0x1c contiki-sky.a(rpl-ext-header.)
                0x0000dfe2                rpl_insert_header
 .text.stimer_set
                0x0000dffe       0x1c contiki-sky.a(stimer.o)
                0x0000dffe                stimer_set
 .text.stimer_restart
                0x0000e01a       0x14 contiki-sky.a(stimer.o)
                0x0000e01a                stimer_restart
 .text.stimer_expired
                0x0000e02e       0x30 contiki-sky.a(stimer.o)
                0x0000e02e                stimer_expired
 .text.index_from_key
                0x0000e05e       0x48 contiki-sky.a(nbr-table.o)
 .text.item_from_key
                0x0000e0a6       0x34 contiki-sky.a(nbr-table.o)
 .text.nbr_set_bit
                0x0000e0da       0x8e contiki-sky.a(nbr-table.o)
 .text.index_from_lladdr
                0x0000e168       0x42 contiki-sky.a(nbr-table.o)
 .text.nbr_get_bit.constprop.0
                0x0000e1aa       0x62 contiki-sky.a(nbr-table.o)
 .text.nbr_table_register
                0x0000e20c       0x28 contiki-sky.a(nbr-table.o)
                0x0000e20c                nbr_table_register
 .text.nbr_table_next
                0x0000e234       0x90 contiki-sky.a(nbr-table.o)
                0x0000e234                nbr_table_next
 .text.nbr_table_head
                0x0000e2c4       0x36 contiki-sky.a(nbr-table.o)
                0x0000e2c4                nbr_table_head
 .text.nbr_table_add_lladdr
                0x0000e2fa      0x144 contiki-sky.a(nbr-table.o)
                0x0000e2fa                nbr_table_add_lladdr
 .text.nbr_table_get_from_lladdr
                0x0000e43e       0x48 contiki-sky.a(nbr-table.o)
                0x0000e43e                nbr_table_get_from_lladdr
 .text.nbr_table_remove
                0x0000e486       0x32 contiki-sky.a(nbr-table.o)
                0x0000e486                nbr_table_remove
 .text.nbr_table_lock
                0x0000e4b8       0x10 contiki-sky.a(nbr-table.o)
                0x0000e4b8                nbr_table_lock
 .text.nbr_table_unlock
                0x0000e4c8       0x10 contiki-sky.a(nbr-table.o)
                0x0000e4c8                nbr_table_unlock
 .text.nbr_table_get_lladdr
                0x0000e4d8       0x5a contiki-sky.a(nbr-table.o)
                0x0000e4d8                nbr_table_get_lladdr
 .text.uip_icmp6_echo_request_input
                0x0000e532      0x12c contiki-sky.a(uip-icmp6.o)
                0x0000e532                uip_icmp6_echo_request_input
 .text.uip_icmp6_error_output
                0x0000e65e      0x17a contiki-sky.a(uip-icmp6.o)
                0x0000e65e                uip_icmp6_error_output
 .text.uip_icmp6_send
                0x0000e7d8       0x96 contiki-sky.a(uip-icmp6.o)
                0x0000e7d8                uip_icmp6_send
 .text.uip_udp_packet_send
                0x0000e86e       0x2e contiki-sky.a(uip-udp-packet.)
                0x0000e86e                uip_udp_packet_send
 .text.spi_init
                0x0000e89c       0x32 contiki-sky.a(spi.o)
                0x0000e89c                spi_init
 .text.libgcc   0x0000e8ce       0x2c /usr/lib/gcc/msp430/4.6.3/mmpy-16/libgcc.a(_mulsi3.o)
                0x0000e8ce                __mulsi3
 .text.libgcc   0x0000e8fa       0x22 /usr/lib/gcc/msp430/4.6.3/mmpy-16/libgcc.a(_udivmod16.o)
                0x0000e8fa                __udivhi3
                0x0000e8fa                __ext_udivmod16
                0x0000e914                __umodhi3
 .text.libgcc   0x0000e91c       0x3a /usr/lib/gcc/msp430/4.6.3/mmpy-16/libgcc.a(_divmod16.o)
                0x0000e91c                __ext_divmod16
                0x0000e91c                __divhi3
                0x0000e94e                __modhi3
 .text.libgcc   0x0000e956       0x40 /usr/lib/gcc/msp430/4.6.3/mmpy-16/libgcc.a(_udivmod32.o)
                0x0000e956                __udivsi3
                0x0000e956                __ext_udivmod32
                0x0000e98c                __umodsi3
 .text          0x0000e996       0x12 /usr/lib/gcc/msp430/4.6.3/../../../../msp430/lib/mmpy-16/libc.a(strchr.o)
                0x0000e996                strchr
 .text          0x0000e9a8       0x1c /usr/lib/gcc/msp430/4.6.3/../../../../msp430/lib/mmpy-16/libc.a(memchr.o)
                0x0000e9a8                memchr
 .text          0x0000e9c4       0x1e /usr/lib/gcc/msp430/4.6.3/../../../../msp430/lib/mmpy-16/libc.a(strcmp.o)
                0x0000e9c4                strcmp
 .text          0x0000e9e2       0x28 /usr/lib/gcc/msp430/4.6.3/../../../../msp430/lib/mmpy-16/libc.a(strncmp.o)
                0x0000e9e2                strncmp
 .text          0x0000ea0a       0x20 /usr/lib/gcc/msp430/4.6.3/../../../../msp430/lib/mmpy-16/libc.a(memcmp.o)
                0x0000ea0a                memcmp
 .text          0x0000ea2a       0x14 /usr/lib/gcc/msp430/4.6.3/../../../../msp430/lib/mmpy-16/libc.a(strcpy.o)
                0x0000ea2a                strcpy
 .text          0x0000ea3e       0xfa /usr/lib/gcc/msp430/4.6.3/../../../../msp430/lib/mmpy-16/libc.a(memcpy.o)
                0x0000ea3e                memcpy
 .text          0x0000eb38       0xfa /usr/lib/gcc/msp430/4.6.3/../../../../msp430/lib/mmpy-16/libc.a(memmove.o)
                0x0000eb38                memmove
 .text          0x0000ec32       0x6a /usr/lib/gcc/msp430/4.6.3/../../../../msp430/lib/mmpy-16/libc.a(memset.o)
                0x0000ec32                memset
 .text          0x0000ec9c       0x56 /usr/lib/gcc/msp430/4.6.3/../../../../msp430/lib/mmpy-16/libc.a(strstr.o)
                0x0000ec9c                strstr
 .text          0x0000ecf2       0x8a /usr/lib/gcc/msp430/4.6.3/../../../../msp430/lib/mmpy-16/libc.a(atoi.o)
                0x0000ecf2                atoi
 .text          0x0000ed7c       0x1e /usr/lib/gcc/msp430/4.6.3/../../../../msp430/lib/mmpy-16/libc.a(printf.o)
                0x0000ed7c                printf
                0x0000ed8c                vprintf
 .text          0x0000ed9a       0xbc /usr/lib/gcc/msp430/4.6.3/../../../../msp430/lib/mmpy-16/libc.a(sprintf.o)
                0x0000edf8                sprintf
                0x0000ee14                snprintf
                0x0000ee2e                vsprintf
                0x0000ee44                vsnprintf
 .text          0x0000ee56      0x836 /usr/lib/gcc/msp430/4.6.3/../../../../msp430/lib/mmpy-16/libc.a(vuprintf.o)
                0x0000efee                vuprintf
 .text          0x0000f68c       0x2c /usr/lib/gcc/msp430/4.6.3/../../../../msp430/lib/mmpy-16/libc.a(puts.o)
                0x0000f68c                puts
 .text          0x0000f6b8       0x54 /usr/lib/gcc/msp430/4.6.3/../../../../msp430/lib/mmpy-16/libc.a(rand.o)
                0x0000f6b8                rand_r
                0x0000f6dc                rand
                0x0000f702                srand
 .text.libgcc   0x0000f70c       0xf0 /usr/lib/gcc/msp430/4.6.3/mmpy-16/libgcc.a(_udivmod64.o)
                0x0000f70c                __xabi_udivmod64
                0x0000f76a                __udivdi3
                0x0000f790                __umoddi3
                0x0000f7be                __udivmoddi4
 .text.crt0     0x0000f7fc        0x2 /usr/lib/gcc/msp430/4.6.3/mmpy-16/libcrt0.a(_unexpected_.o)
                0x0000f7fc                _unexpected_
                0x0000f7fe                . = ALIGN (0x2)

.rodata         0x0000f7fe      0x64c
                0x0000f7fe                . = ALIGN (0x2)
 *(.rodata .rodata.* .gnu.linkonce.r.*)
 .rodata        0x0000f7fe      0x276 mote_thermostat.co
                0x0000f9ee                autostart_processes
 .rodata        0x0000fa74      0x10b obj_sky/contiki-sky-main.o
 *fill*         0x0000fb7f        0x1 00
 .rodata        0x0000fb80        0x8 contiki-sky.a(rimeaddr.o)
                0x0000fb80                rimeaddr_null
 .rodata        0x0000fb88       0x18 contiki-sky.a(nullrdc.o)
                0x0000fb90                nullrdc_driver
 .rodata        0x0000fba0        0x4 contiki-sky.a(framer-802154.o)
                0x0000fba0                framer_802154
 .rodata        0x0000fba4       0x14 contiki-sky.a(csma.o)
                0x0000fbaa                csma_driver
 .rodata        0x0000fbb8        0xc contiki-sky.a(etimer.o)
 .rodata        0x0000fbc4        0xf contiki-sky.a(ctimer.o)
 *fill*         0x0000fbd3        0x1 00
 .rodata        0x0000fbd4       0x24 contiki-sky.a(sicslowpan.o)
                0x0000fbe0                sicslowpan_driver
                0x0000fbe6                llprefix
                0x0000fbe8                unc_mxconf
                0x0000fbec                unc_ctxconf
                0x0000fbf0                unc_llconf
 .rodata        0x0000fbf8        0xd contiki-sky.a(tcpip.o)
 *fill*         0x0000fc05        0x1 00
 .rodata        0x0000fc06       0xd2 contiki-sky.a(er-coap-13.o)
 .rodata        0x0000fcd8      0x104 contiki-sky.a(er-coap-13-engi)
                0x0000fd2a                coap_rest_implementation
 .rodata        0x0000fddc       0x1d contiki-sky.a(er-coap-13-obse)
 .rodata        0x0000fdf9        0xd contiki-sky.a(erbium.o)
 .rodata        0x0000fe06       0x10 contiki-sky.a(button-sensor.o)
                0x0000fe0e                button_sensor
 .rodata        0x0000fe16        0x8 contiki-sky.a(sensors.o)
 .rodata        0x0000fe1e       0x22 contiki-sky.a(cc2420.o)
                0x0000fe1e                cc2420_driver
 .rodata        0x0000fe40        0x2 contiki-sky.a(frame802154.o)
 .rodata        0x0000fe42        0x7 /usr/lib/gcc/msp430/4.6.3/../../../../msp430/lib/mmpy-16/libc.a(vuprintf.o)
                0x0000fe4a                . = ALIGN (0x2)
 *fill*         0x0000fe49        0x1 00
                0x0000fe4a                _etext = .

.data           0x00001100      0x12a load address 0x0000fe4a
                0x00001100                . = ALIGN (0x2)
                0x00001100                PROVIDE (__data_start, .)
 *(.data .data.* .gnu.linkonce.d.*)
 .data          0x00001100       0x44 mote_thermostat.co
                0x00001100                thermostat
                0x0000110a                periodic_resource_temperature
                0x00001120                resource_temperature
                0x00001132                resource_heating_opt
 .data          0x00001144       0x18 contiki-sky.a(csma.o)
 .data          0x0000115c        0xa contiki-sky.a(etimer.o)
                0x0000115c                etimer_process
 .data          0x00001166        0xa contiki-sky.a(ctimer.o)
                0x00001166                ctimer_process
 .data          0x00001170       0x18 contiki-sky.a(queuebuf.o)
 .data          0x00001188        0xa contiki-sky.a(tcpip.o)
                0x00001188                tcpip_process
 .data          0x00001192       0x18 contiki-sky.a(uip-ds6-route.o)
 .data          0x000011aa        0xa contiki-sky.a(uip-ds6-nbr.o)
                0x000011aa                ds6_neighbors
 .data          0x000011b4        0x2 contiki-sky.a(er-coap-13.o)
                0x000011b4                coap_error_message
 .data          0x000011b6       0x1c contiki-sky.a(er-coap-13-engi)
                0x000011b6                resource_well_known_core
                0x000011c8                coap_receiver
 .data          0x000011d2        0x8 contiki-sky.a(er-coap-13-tran)
 .data          0x000011da        0x8 contiki-sky.a(er-coap-13-obse)
 .data          0x000011e2        0xa contiki-sky.a(erbium.o)
                0x000011e2                rest_manager_process
 .data          0x000011ec        0x4 contiki-sky.a(contiki-sky-pla)
                0x000011ec                sensors
 .data          0x000011f0        0xa contiki-sky.a(sensors.o)
                0x000011f0                sensors_process
 .data          0x000011fa        0xa contiki-sky.a(cc2420.o)
                0x000011fa                cc2420_process
 .data          0x00001204        0x2 contiki-sky.a(msp430.o)
 .data          0x00001206        0x8 contiki-sky.a(rpl-dag.o)
 .data          0x0000120e        0x1 contiki-sky.a(rpl-icmp6.o)
 *fill*         0x0000120f        0x1 00
 .data          0x00001210        0xe contiki-sky.a(rpl-mrhof.o)
                0x00001210                rpl_mrhof
 .data          0x0000121e        0x8 contiki-sky.a(nbr-table.o)
 .data          0x00001226        0x4 /usr/lib/gcc/msp430/4.6.3/../../../../msp430/lib/mmpy-16/libc.a(rand.o)
                0x0000122a                . = ALIGN (0x2)
                0x0000122a                _edata = .
                0x0000fe4a                PROVIDE (__data_load_start, LOADADDR (.data))
                0x0000012a                PROVIDE (__data_size, SIZEOF (.data))

.bss            0x0000122a     0x1550 load address 0x0000ff74
                0x0000122a                PROVIDE (__bss_start, .)
 *(.bss .bss.*)
 .bss           0x0000122a       0x14 mote_thermostat.co
 .bss           0x0000123e        0xc obj_sky/contiki-sky-main.o
 .bss           0x0000124a        0x2 contiki-sky.a(framer-802154.o)
 .bss           0x0000124c       0x8a contiki-sky.a(csma.o)
 .bss           0x000012d6       0x42 contiki-sky.a(process.o)
                0x000012d6                process_current
                0x000012d8                process_list
 .bss           0x00001318        0x6 contiki-sky.a(etimer.o)
 .bss           0x0000131e        0x4 contiki-sky.a(ctimer.o)
 .bss           0x00001322        0x2 contiki-sky.a(rtimer.o)
 .bss           0x00001324       0xba contiki-sky.a(packetbuf.o)
 .bss           0x000013de      0x3c6 contiki-sky.a(queuebuf.o)
 .bss           0x000017a4      0x122 contiki-sky.a(sicslowpan.o)
 .bss           0x000018c6        0xe contiki-sky.a(tcpip.o)
 .bss           0x000018d4      0x19e contiki-sky.a(uip-ds6-route.o)
 .bss           0x00001a72      0x168 contiki-sky.a(uip-ds6-nbr.o)
 .bss           0x00001bda       0x18 contiki-sky.a(uip-ds6.o)
 .bss           0x00001bf2        0xa contiki-sky.a(uip-nd6.o)
 .bss           0x00001bfc        0xa contiki-sky.a(uip6.o)
                0x00001bfc                uip_ext_opt_offset
                0x00001bfe                uip_ext_len
                0x00001c00                uip_ext_bitmap
 .bss           0x00001c06        0x6 contiki-sky.a(er-coap-13.o)
                0x00001c06                coap_error_code
 .bss           0x00001c0c       0xf8 contiki-sky.a(er-coap-13-engi)
 .bss           0x00001d04      0x2c0 contiki-sky.a(er-coap-13-tran)
 .bss           0x00001fc4       0x94 contiki-sky.a(er-coap-13-obse)
 .bss           0x00002058        0x4 contiki-sky.a(erbium.o)
 .bss           0x0000205c        0x8 contiki-sky.a(button-sensor.o)
 .bss           0x00002064        0x2 contiki-sky.a(node-id.o)
                0x00002064                node_id
 .bss           0x00002066        0x6 contiki-sky.a(sensors.o)
 .bss           0x0000206c        0xa contiki-sky.a(cc2420.o)
 .bss           0x00002076       0x9a contiki-sky.a(uart1.o)
 .bss           0x00002110        0xa contiki-sky.a(clock.o)
 .bss           0x0000211a        0x2 contiki-sky.a(leds.o)
 .bss           0x0000211c        0x2 contiki-sky.a(watchdog.o)
 .bss           0x0000211e       0x64 contiki-sky.a(rpl-dag.o)
 .bss           0x00002182       0x18 contiki-sky.a(rpl-timers.o)
 .bss           0x0000219a       0x96 contiki-sky.a(nbr-table.o)
 .bss           0x00002230       0x10 contiki-sky.a(uip-icmp6.o)
 .bss           0x00002240        0x4 /usr/lib/gcc/msp430/4.6.3/../../../../msp430/lib/mmpy-16/libc.a(sprintf.o)
 *(COMMON)
 COMMON         0x00002244        0x8 contiki-sky.a(rimeaddr.o)
                0x00002244                rimeaddr_node_addr
 COMMON         0x0000224c        0x1 contiki-sky.a(process.o)
                0x0000224c                process_maxevents
 *fill*         0x0000224d        0x1 00
 COMMON         0x0000224e       0x56 contiki-sky.a(energest.o)
                0x0000224e                energest_total_time
                0x0000227e                energest_total_count
                0x00002280                energest_current_mode
                0x0000228c                energest_current_time
 COMMON         0x000022a4       0x50 contiki-sky.a(packetbuf.o)
                0x000022a4                packetbuf_addrs
                0x000022c4                packetbuf_attrs
 COMMON         0x000022f4        0x8 contiki-sky.a(sicslowpan.o)
                0x000022f4                frag_sender
 COMMON         0x000022fc        0x1 contiki-sky.a(tcpip.o)
                0x000022fc                tcpip_event
 *fill*         0x000022fd        0x1 00
 COMMON         0x000022fe      0x15c contiki-sky.a(uip-ds6.o)
                0x000022fe                uip_ds6_timer_ra
                0x00002306                uip_ds6_if
                0x000023f2                uip_ds6_netif_addr_list_offset
                0x000023f3                uip_ds6_addr_size
                0x000023f4                uip_ds6_prefix_list
                0x0000244e                uip_ds6_timer_periodic
 COMMON         0x0000245a      0x240 contiki-sky.a(uip6.o)
                0x0000245a                uip_len
                0x0000245c                uip_sappdata
                0x0000245e                uip_lladdr
                0x00002466                uip_aligned_buf
                0x00002556                uip_flags
                0x00002558                uip_next_hdr
                0x0000255a                uip_udp_conn
                0x0000255c                uip_appdata
                0x0000255e                uip_conn
                0x00002560                uip_slen
                0x00002562                uip_udp_conns
 COMMON         0x0000269a        0x2 contiki-sky.a(contiki-sky-pla)
                0x0000269a                sensors_flags
 COMMON         0x0000269c        0x8 contiki-sky.a(ds2411.o)
                0x0000269c                ds2411_id
 COMMON         0x000026a4        0x1 contiki-sky.a(sensors.o)
                0x000026a4                sensors_event
 *fill*         0x000026a5        0x1 00
 COMMON         0x000026a6       0x14 contiki-sky.a(cc2420.o)
                0x000026a6                cc2420_last_rssi
                0x000026a8                cc2420_packets_read
                0x000026aa                cc2420_packets_seen
                0x000026ac                cc2420_sfd_start_time
                0x000026ae                cc2420_time_of_departure
                0x000026b0                cc2420_time_of_arrival
                0x000026b2                cc2420_last_correlation
                0x000026b4                cc2420_authority_level_of_sender
                0x000026b6                cc2420_sfd_counter
                0x000026b8                cc2420_sfd_end_time
 COMMON         0x000026ba        0x2 contiki-sky.a(msp430.o)
                0x000026ba                msp430_dco_required
 COMMON         0x000026bc       0xbe contiki-sky.a(rpl-dag.o)
                0x000026bc                default_instance
                0x000026be                instance_table
                0x0000277a                . = ALIGN (0x2)
                0x0000277a                PROVIDE (__bss_end, .)
                0x00001550                PROVIDE (__bss_size, SIZEOF (.bss))

.noinit         0x0000277a        0x2 load address 0x0000ff74
                0x0000277a                PROVIDE (__noinit_start, .)
 *(.noinit .noinit.*)
 .noinit.crt0   0x0000277a        0x2 /usr/lib/gcc/msp430/4.6.3/mmpy-16/libcrt0.a(__watchdog_support.o)
                0x0000277a                __wdt_clear_value
                0x0000277c                . = ALIGN (0x2)
                0x0000277c                PROVIDE (__noinit_end, .)
                0x0000277c                . = ALIGN (0x2)
                0x0000277c                _end = .

.infomem        0x00001000        0x0
 *(.infomem)
                0x00001000                . = ALIGN (0x2)
 *(.infomem.*)

.infomemnobits  0x00001000        0x0
 *(.infomemnobits)
                0x00001000                . = ALIGN (0x2)
 *(.infomemnobits.*)

.infoa
 *(.infoa .infoa.*)

.infob
 *(.infob .infob.*)

.infoc
 *(.infoc .infoc.*)

.infod
 *(.infod .infod.*)

.vectors        0x0000ffe0       0x20
                0x0000ffe0                PROVIDE (__vectors_start, .)
 *(.vectors*)
 .vectors       0x0000ffe0       0x20 /usr/lib/gcc/msp430/4.6.3/mmpy-16/crt0ivtbl16.o
                0x0000ffe0                __ivtbl_16
                0x00010000                _vectors_end = .

.fartext        0x00000000        0x0
                0x00000000                . = ALIGN (0x2)
 *(.fartext)
                0x00000000                . = ALIGN (0x2)
 *(.fartext.*)
                0x00000000                _efartext = .

.profiler
 *(.profiler)

.stab
 *(.stab)

.stabstr
 *(.stabstr)

.stab.excl
 *(.stab.excl)

.stab.exclstr
 *(.stab.exclstr)

.stab.index
 *(.stab.index)

.stab.indexstr
 *(.stab.indexstr)

.comment
 *(.comment)

.debug
 *(.debug)

.line
 *(.line)

.debug_srcinfo
 *(.debug_srcinfo)

.debug_sfnames
 *(.debug_sfnames)

.debug_aranges  0x00000000      0x21c
 *(.debug_aranges)
 .debug_aranges
                0x00000000       0x14 /usr/lib/gcc/msp430/4.6.3/mmpy-16/libgcc.a(_mulsi3.o)
 .debug_aranges
                0x00000014       0x14 /usr/lib/gcc/msp430/4.6.3/mmpy-16/libgcc.a(_udivmod16.o)
 .debug_aranges
                0x00000028       0x14 /usr/lib/gcc/msp430/4.6.3/mmpy-16/libgcc.a(_divmod16.o)
 .debug_aranges
                0x0000003c       0x14 /usr/lib/gcc/msp430/4.6.3/mmpy-16/libgcc.a(_udivmod32.o)
 .debug_aranges
                0x00000050       0x14 /usr/lib/gcc/msp430/4.6.3/../../../../msp430/lib/mmpy-16/libc.a(strchr.o)
 .debug_aranges
                0x00000064       0x14 /usr/lib/gcc/msp430/4.6.3/../../../../msp430/lib/mmpy-16/libc.a(memchr.o)
 .debug_aranges
                0x00000078       0x14 /usr/lib/gcc/msp430/4.6.3/../../../../msp430/lib/mmpy-16/libc.a(strcmp.o)
 .debug_aranges
                0x0000008c       0x14 /usr/lib/gcc/msp430/4.6.3/../../../../msp430/lib/mmpy-16/libc.a(strncmp.o)
 .debug_aranges
                0x000000a0       0x14 /usr/lib/gcc/msp430/4.6.3/../../../../msp430/lib/mmpy-16/libc.a(memcmp.o)
 .debug_aranges
                0x000000b4       0x14 /usr/lib/gcc/msp430/4.6.3/../../../../msp430/lib/mmpy-16/libc.a(strcpy.o)
 .debug_aranges
                0x000000c8       0x14 /usr/lib/gcc/msp430/4.6.3/../../../../msp430/lib/mmpy-16/libc.a(memcpy.o)
 .debug_aranges
                0x000000dc       0x14 /usr/lib/gcc/msp430/4.6.3/../../../../msp430/lib/mmpy-16/libc.a(memmove.o)
 .debug_aranges
                0x000000f0       0x14 /usr/lib/gcc/msp430/4.6.3/../../../../msp430/lib/mmpy-16/libc.a(memset.o)
 .debug_aranges
                0x00000104       0x14 /usr/lib/gcc/msp430/4.6.3/../../../../msp430/lib/mmpy-16/libc.a(strstr.o)
 .debug_aranges
                0x00000118       0x14 /usr/lib/gcc/msp430/4.6.3/../../../../msp430/lib/mmpy-16/libc.a(atoi.o)
 .debug_aranges
                0x0000012c       0x14 /usr/lib/gcc/msp430/4.6.3/../../../../msp430/lib/mmpy-16/libc.a(printf.o)
 .debug_aranges
                0x00000140       0x14 /usr/lib/gcc/msp430/4.6.3/../../../../msp430/lib/mmpy-16/libc.a(sprintf.o)
 .debug_aranges
                0x00000154       0x14 /usr/lib/gcc/msp430/4.6.3/../../../../msp430/lib/mmpy-16/libc.a(vuprintf.o)
 .debug_aranges
                0x00000168       0x14 /usr/lib/gcc/msp430/4.6.3/../../../../msp430/lib/mmpy-16/libc.a(puts.o)
 .debug_aranges
                0x0000017c       0x14 /usr/lib/gcc/msp430/4.6.3/../../../../msp430/lib/mmpy-16/libc.a(rand.o)
 .debug_aranges
                0x00000190       0x14 /usr/lib/gcc/msp430/4.6.3/mmpy-16/libgcc.a(_udivmod64.o)
 .debug_aranges
                0x000001a4       0x14 /usr/lib/gcc/msp430/4.6.3/mmpy-16/libcrt0.a(__watchdog_support.o)
 .debug_aranges
                0x000001b8       0x14 /usr/lib/gcc/msp430/4.6.3/mmpy-16/libcrt0.a(__init_stack.o)
 .debug_aranges
                0x000001cc       0x14 /usr/lib/gcc/msp430/4.6.3/mmpy-16/libcrt0.a(_copy_data.o)
 .debug_aranges
                0x000001e0       0x14 /usr/lib/gcc/msp430/4.6.3/mmpy-16/libcrt0.a(_clear_bss.o)
 .debug_aranges
                0x000001f4       0x14 /usr/lib/gcc/msp430/4.6.3/mmpy-16/libcrt0.a(_endless_loop__.o)
 .debug_aranges
                0x00000208       0x14 /usr/lib/gcc/msp430/4.6.3/mmpy-16/libcrt0.a(_unexpected_.o)

.debug_pubnames
 *(.debug_pubnames)

.debug_info     0x00000000     0x1c66
 *(.debug_info)
 .debug_info    0x00000000       0xd6 /usr/lib/gcc/msp430/4.6.3/mmpy-16/libgcc.a(_mulsi3.o)
 .debug_info    0x000000d6       0xd6 /usr/lib/gcc/msp430/4.6.3/mmpy-16/libgcc.a(_udivmod16.o)
 .debug_info    0x000001ac       0xd6 /usr/lib/gcc/msp430/4.6.3/mmpy-16/libgcc.a(_divmod16.o)
 .debug_info    0x00000282       0xd6 /usr/lib/gcc/msp430/4.6.3/mmpy-16/libgcc.a(_udivmod32.o)
 .debug_info    0x00000358       0xa7 /usr/lib/gcc/msp430/4.6.3/../../../../msp430/lib/mmpy-16/libc.a(strchr.o)
 .debug_info    0x000003ff       0xd6 /usr/lib/gcc/msp430/4.6.3/../../../../msp430/lib/mmpy-16/libc.a(memchr.o)
 .debug_info    0x000004d5       0xa4 /usr/lib/gcc/msp430/4.6.3/../../../../msp430/lib/mmpy-16/libc.a(strcmp.o)
 .debug_info    0x00000579       0xbb /usr/lib/gcc/msp430/4.6.3/../../../../msp430/lib/mmpy-16/libc.a(strncmp.o)
 .debug_info    0x00000634       0xe8 /usr/lib/gcc/msp430/4.6.3/../../../../msp430/lib/mmpy-16/libc.a(memcmp.o)
 .debug_info    0x0000071c       0xb6 /usr/lib/gcc/msp430/4.6.3/../../../../msp430/lib/mmpy-16/libc.a(strcpy.o)
 .debug_info    0x000007d2      0x113 /usr/lib/gcc/msp430/4.6.3/../../../../msp430/lib/mmpy-16/libc.a(memcpy.o)
 .debug_info    0x000008e5      0x113 /usr/lib/gcc/msp430/4.6.3/../../../../msp430/lib/mmpy-16/libc.a(memmove.o)
 .debug_info    0x000009f8       0xfe /usr/lib/gcc/msp430/4.6.3/../../../../msp430/lib/mmpy-16/libc.a(memset.o)
 .debug_info    0x00000af6       0xe0 /usr/lib/gcc/msp430/4.6.3/../../../../msp430/lib/mmpy-16/libc.a(strstr.o)
 .debug_info    0x00000bd6       0xb4 /usr/lib/gcc/msp430/4.6.3/../../../../msp430/lib/mmpy-16/libc.a(atoi.o)
 .debug_info    0x00000c8a      0x105 /usr/lib/gcc/msp430/4.6.3/../../../../msp430/lib/mmpy-16/libc.a(printf.o)
 .debug_info    0x00000d8f      0x277 /usr/lib/gcc/msp430/4.6.3/../../../../msp430/lib/mmpy-16/libc.a(sprintf.o)
 .debug_info    0x00001006      0x565 /usr/lib/gcc/msp430/4.6.3/../../../../msp430/lib/mmpy-16/libc.a(vuprintf.o)
 .debug_info    0x0000156b       0x96 /usr/lib/gcc/msp430/4.6.3/../../../../msp430/lib/mmpy-16/libc.a(puts.o)
 .debug_info    0x00001601      0x13f /usr/lib/gcc/msp430/4.6.3/../../../../msp430/lib/mmpy-16/libc.a(rand.o)
 .debug_info    0x00001740       0xd6 /usr/lib/gcc/msp430/4.6.3/mmpy-16/libgcc.a(_udivmod64.o)
 .debug_info    0x00001816       0xb8 /usr/lib/gcc/msp430/4.6.3/mmpy-16/libcrt0.a(__watchdog_support.o)
 .debug_info    0x000018ce       0xb8 /usr/lib/gcc/msp430/4.6.3/mmpy-16/libcrt0.a(__init_stack.o)
 .debug_info    0x00001986       0xb8 /usr/lib/gcc/msp430/4.6.3/mmpy-16/libcrt0.a(_copy_data.o)
 .debug_info    0x00001a3e       0xb8 /usr/lib/gcc/msp430/4.6.3/mmpy-16/libcrt0.a(_clear_bss.o)
 .debug_info    0x00001af6       0xb8 /usr/lib/gcc/msp430/4.6.3/mmpy-16/libcrt0.a(_endless_loop__.o)
 .debug_info    0x00001bae       0xb8 /usr/lib/gcc/msp430/4.6.3/mmpy-16/libcrt0.a(_unexpected_.o)
 *(.gnu.linkonce.wi.*)

.debug_abbrev   0x00000000      0xbc9
 *(.debug_abbrev)
 .debug_abbrev  0x00000000       0x14 /usr/lib/gcc/msp430/4.6.3/mmpy-16/libgcc.a(_mulsi3.o)
 .debug_abbrev  0x00000014       0x14 /usr/lib/gcc/msp430/4.6.3/mmpy-16/libgcc.a(_udivmod16.o)
 .debug_abbrev  0x00000028       0x14 /usr/lib/gcc/msp430/4.6.3/mmpy-16/libgcc.a(_divmod16.o)
 .debug_abbrev  0x0000003c       0x14 /usr/lib/gcc/msp430/4.6.3/mmpy-16/libgcc.a(_udivmod32.o)
 .debug_abbrev  0x00000050       0x6f /usr/lib/gcc/msp430/4.6.3/../../../../msp430/lib/mmpy-16/libc.a(strchr.o)
 .debug_abbrev  0x000000bf       0xa2 /usr/lib/gcc/msp430/4.6.3/../../../../msp430/lib/mmpy-16/libc.a(memchr.o)
 .debug_abbrev  0x00000161       0x60 /usr/lib/gcc/msp430/4.6.3/../../../../msp430/lib/mmpy-16/libc.a(strcmp.o)
 .debug_abbrev  0x000001c1       0x7c /usr/lib/gcc/msp430/4.6.3/../../../../msp430/lib/mmpy-16/libc.a(strncmp.o)
 .debug_abbrev  0x0000023d       0x9b /usr/lib/gcc/msp430/4.6.3/../../../../msp430/lib/mmpy-16/libc.a(memcmp.o)
 .debug_abbrev  0x000002d8       0x7e /usr/lib/gcc/msp430/4.6.3/../../../../msp430/lib/mmpy-16/libc.a(strcpy.o)
 .debug_abbrev  0x00000356       0x97 /usr/lib/gcc/msp430/4.6.3/../../../../msp430/lib/mmpy-16/libc.a(memcpy.o)
 .debug_abbrev  0x000003ed       0x97 /usr/lib/gcc/msp430/4.6.3/../../../../msp430/lib/mmpy-16/libc.a(memmove.o)
 .debug_abbrev  0x00000484       0x9c /usr/lib/gcc/msp430/4.6.3/../../../../msp430/lib/mmpy-16/libc.a(memset.o)
 .debug_abbrev  0x00000520       0x8b /usr/lib/gcc/msp430/4.6.3/../../../../msp430/lib/mmpy-16/libc.a(strstr.o)
 .debug_abbrev  0x000005ab       0x7e /usr/lib/gcc/msp430/4.6.3/../../../../msp430/lib/mmpy-16/libc.a(atoi.o)
 .debug_abbrev  0x00000629       0xd0 /usr/lib/gcc/msp430/4.6.3/../../../../msp430/lib/mmpy-16/libc.a(printf.o)
 .debug_abbrev  0x000006f9      0x105 /usr/lib/gcc/msp430/4.6.3/../../../../msp430/lib/mmpy-16/libc.a(sprintf.o)
 .debug_abbrev  0x000007fe      0x1ef /usr/lib/gcc/msp430/4.6.3/../../../../msp430/lib/mmpy-16/libc.a(vuprintf.o)
 .debug_abbrev  0x000009ed       0x60 /usr/lib/gcc/msp430/4.6.3/../../../../msp430/lib/mmpy-16/libc.a(puts.o)
 .debug_abbrev  0x00000a4d       0xf0 /usr/lib/gcc/msp430/4.6.3/../../../../msp430/lib/mmpy-16/libc.a(rand.o)
 .debug_abbrev  0x00000b3d       0x14 /usr/lib/gcc/msp430/4.6.3/mmpy-16/libgcc.a(_udivmod64.o)
 .debug_abbrev  0x00000b51       0x14 /usr/lib/gcc/msp430/4.6.3/mmpy-16/libcrt0.a(__watchdog_support.o)
 .debug_abbrev  0x00000b65       0x14 /usr/lib/gcc/msp430/4.6.3/mmpy-16/libcrt0.a(__init_stack.o)
 .debug_abbrev  0x00000b79       0x14 /usr/lib/gcc/msp430/4.6.3/mmpy-16/libcrt0.a(_copy_data.o)
 .debug_abbrev  0x00000b8d       0x14 /usr/lib/gcc/msp430/4.6.3/mmpy-16/libcrt0.a(_clear_bss.o)
 .debug_abbrev  0x00000ba1       0x14 /usr/lib/gcc/msp430/4.6.3/mmpy-16/libcrt0.a(_endless_loop__.o)
 .debug_abbrev  0x00000bb5       0x14 /usr/lib/gcc/msp430/4.6.3/mmpy-16/libcrt0.a(_unexpected_.o)

.debug_line     0x00000000     0x10ce
 *(.debug_line)